<html>
<body>
<pre>
<h1>µVision Build Log</h1>
<h2>Tool Versions:</h2>
IDE-Version: £gVision V5.20.0.0
Copyright (C) 2016 ARM Ltd and ARM Germany GmbH. All rights reserved.
License Information: 1 1, 1, LIC=X9663-A4E8I-FVQ1N-YYPWV-WBZKI-VSE5H
 
Tool Versions:
Toolchain:       MDK-ARM Plus  Version: 5.20
Toolchain Path:  C:\Keil_v5\ARM\ARMCC\Bin
C Compiler:      Armcc.exe V5.06 update 2 (build 183)
Assembler:       Armasm.exe V5.06 update 2 (build 183)
Linker/Locator:  ArmLink.exe V5.06 update 2 (build 183)
Library Manager: ArmAr.exe V5.06 update 2 (build 183)
Hex Converter:   FromElf.exe V5.06 update 2 (build 183)
CPU DLL:         SARMCM3.DLL V5.20
Dialog DLL:      DCM.DLL V1.13.7.0
Target DLL:      STLink\ST-LINKIII-KEIL_SWO.dll V2.0.18.0
Dialog DLL:      TCM.DLL V1.14.9.0
 
<h2>Project:</h2>
C:\Users\user\Desktop\STM32F429I-Discovery_FW_V1.0.1\Projects\Demonstration\MDK-ARM\STM32F429I-Discovery_Demo.uvproj
Project File Date:  11/18/2013

<h2>Output:</h2>
*** Using Compiler 'V5.06 update 2 (build 183)', folder: 'C:\Keil_v5\ARM\ARMCC\Bin'
Rebuild target 'STM32F429I-Discovery_Demo'
compiling demo_game.c...
compiling common_res.c...
compiling demo_cpu.c...
compiling demo_image.c...
compiling demo_startup.c...
compiling demo_systeminfo.c...
compiling demo_menu.c...
compiling demo_clock.c...
compiling usbd_desc.c...
compiling fatfs_drv.c...
compiling usbd_usr.c...
compiling bsp.c...
compiling demo_video.c...
compiling test_program.c...
compiling main.c...
compiling system_stm32f4xx.c...
compiling usbh_usr.c...
compiling stm32xxx_it.c...
compiling rtc.c...
compiling cpu_utils.c...
compiling file_utils.c...
compiling usb_bsp.c...
assembling startup_stm32f429_439xx.s...
compiling GUIConf.c...
compiling GUI_X_FreeRTOS.c...
compiling str_utils.c...
compiling stm32f429i_discovery.c...
compiling stm32f429i_discovery_l3gd20.c...
compiling stm32f429i_discovery_sdram.c...
compiling stm32f429i_discovery_ioe.c...
compiling stm32f429i_discovery_lcd.c...
compiling time_utils.c...
compiling usbd_hid_core.c...
compiling usb_dcd.c...
compiling usb_core.c...
compiling usb_dcd_int.c...
compiling usbd_ioreq.c...
compiling usbd_core.c...
compiling usbd_req.c...
compiling usb_hcd.c...
compiling usb_hcd_int.c...
compiling usbh_msc_bot.c...
compiling usbh_msc_core.c...
compiling usbh_hcs.c...
compiling usbh_msc_scsi.c...
compiling usbh_ioreq.c...
compiling usbh_core.c...
compiling misc.c...
compiling usbh_stdreq.c...
compiling stm32f4xx_adc.c...
compiling stm32f4xx_exti.c...
compiling stm32f4xx_dma2d.c...
compiling stm32f4xx_dma.c...
compiling stm32f4xx_dcmi.c...
compiling stm32f4xx_flash.c...
compiling stm32f4xx_fmc.c...
compiling stm32f4xx_gpio.c...
compiling stm32f4xx_pwr.c...
compiling stm32f4xx_rng.c...
compiling stm32f4xx_i2c.c...
compiling stm32f4xx_ltdc.c...
compiling stm32f4xx_rcc.c...
compiling stm32f4xx_rtc.c...
compiling stm32f4xx_spi.c...
compiling stm32f4xx_usart.c...
compiling stm32f4xx_syscfg.c...
compiling stm32f4xx_sdio.c...
compiling list.c...
compiling croutine.c...
compiling stm32f4xx_tim.c...
compiling queue.c...
compiling timers.c...
compiling heap_2.c...
compiling tasks.c...
compiling port_cm4.c...
compiling GUIDRV_stm32f429i_discovery.c...
compiling syscall.c...
compiling ff.c...
linking...
Program Size: Code=217768 RO-data=793624 RW-data=3504 ZI-data=4383336  
".\STM32F429I-Discovery_Demo\STM32F429I-Discovery_Demo.axf" - 0 Error(s), 0 Warning(s).
Build Time Elapsed:  00:00:22
</pre>
</body>
</html>
