Component: ARM Compiler 5.06 update 1 (build 61) Tool: armlink [4d35a8]

==============================================================================

Section Cross References

    startup_stm32f429_439xx.o(RESET) refers to startup_stm32f429_439xx.o(STACK) for __initial_sp
    startup_stm32f429_439xx.o(RESET) refers to startup_stm32f429_439xx.o(.text) for Reset_Handler
    startup_stm32f429_439xx.o(RESET) refers to stm32f4xx_it.o(i.NMI_Handler) for NMI_Handler
    startup_stm32f429_439xx.o(RESET) refers to stm32f4xx_it.o(i.HardFault_Handler) for HardFault_Handler
    startup_stm32f429_439xx.o(RESET) refers to stm32f4xx_it.o(i.MemManage_Handler) for MemManage_Handler
    startup_stm32f429_439xx.o(RESET) refers to stm32f4xx_it.o(i.BusFault_Handler) for BusFault_Handler
    startup_stm32f429_439xx.o(RESET) refers to stm32f4xx_it.o(i.UsageFault_Handler) for UsageFault_Handler
    startup_stm32f429_439xx.o(RESET) refers to stm32f4xx_it.o(i.SVC_Handler) for SVC_Handler
    startup_stm32f429_439xx.o(RESET) refers to stm32f4xx_it.o(i.DebugMon_Handler) for DebugMon_Handler
    startup_stm32f429_439xx.o(RESET) refers to stm32f4xx_it.o(i.PendSV_Handler) for PendSV_Handler
    startup_stm32f429_439xx.o(RESET) refers to stm32f4xx_it.o(i.SysTick_Handler) for SysTick_Handler
    startup_stm32f429_439xx.o(RESET) refers to stm32f4xx_it.o(i.TIM2_IRQHandler) for TIM2_IRQHandler
    startup_stm32f429_439xx.o(RESET) refers to stm32f4xx_it.o(i.TIM3_IRQHandler) for TIM3_IRQHandler
    startup_stm32f429_439xx.o(RESET) refers to stm32f4xx_it.o(i.TIM4_IRQHandler) for TIM4_IRQHandler
    startup_stm32f429_439xx.o(RESET) refers to stm32f4xx_it.o(i.USART3_IRQHandler) for USART3_IRQHandler
    startup_stm32f429_439xx.o(.text) refers to system_stm32f4xx.o(i.SystemInit) for SystemInit
    startup_stm32f429_439xx.o(.text) refers to entry.o(.ARM.Collect$$$$00000000) for __main
    stm32f429i_discovery.o(i.STM_EVAL_LEDInit) refers to stm32f4xx_rcc.o(i.RCC_AHB1PeriphClockCmd) for RCC_AHB1PeriphClockCmd
    stm32f429i_discovery.o(i.STM_EVAL_LEDInit) refers to stm32f4xx_gpio.o(i.GPIO_Init) for GPIO_Init
    stm32f429i_discovery.o(i.STM_EVAL_LEDInit) refers to stm32f429i_discovery.o(.constdata) for .constdata
    stm32f429i_discovery.o(i.STM_EVAL_LEDInit) refers to stm32f429i_discovery.o(.data) for .data
    stm32f429i_discovery.o(i.STM_EVAL_LEDOff) refers to stm32f429i_discovery.o(.constdata) for .constdata
    stm32f429i_discovery.o(i.STM_EVAL_LEDOff) refers to stm32f429i_discovery.o(.data) for .data
    stm32f429i_discovery.o(i.STM_EVAL_LEDOn) refers to stm32f429i_discovery.o(.constdata) for .constdata
    stm32f429i_discovery.o(i.STM_EVAL_LEDOn) refers to stm32f429i_discovery.o(.data) for .data
    stm32f429i_discovery.o(i.STM_EVAL_LEDToggle) refers to stm32f429i_discovery.o(.data) for .data
    stm32f429i_discovery.o(i.STM_EVAL_LEDToggle) refers to stm32f429i_discovery.o(.constdata) for .constdata
    stm32f429i_discovery.o(i.STM_EVAL_PBGetState) refers to stm32f4xx_gpio.o(i.GPIO_ReadInputDataBit) for GPIO_ReadInputDataBit
    stm32f429i_discovery.o(i.STM_EVAL_PBGetState) refers to stm32f429i_discovery.o(.constdata) for .constdata
    stm32f429i_discovery.o(i.STM_EVAL_PBGetState) refers to stm32f429i_discovery.o(.data) for .data
    stm32f429i_discovery.o(i.STM_EVAL_PBInit) refers to stm32f4xx_rcc.o(i.RCC_AHB1PeriphClockCmd) for RCC_AHB1PeriphClockCmd
    stm32f429i_discovery.o(i.STM_EVAL_PBInit) refers to stm32f4xx_rcc.o(i.RCC_APB2PeriphClockCmd) for RCC_APB2PeriphClockCmd
    stm32f429i_discovery.o(i.STM_EVAL_PBInit) refers to stm32f4xx_gpio.o(i.GPIO_Init) for GPIO_Init
    stm32f429i_discovery.o(i.STM_EVAL_PBInit) refers to stm32f4xx_syscfg.o(i.SYSCFG_EXTILineConfig) for SYSCFG_EXTILineConfig
    stm32f429i_discovery.o(i.STM_EVAL_PBInit) refers to stm32f4xx_exti.o(i.EXTI_Init) for EXTI_Init
    stm32f429i_discovery.o(i.STM_EVAL_PBInit) refers to misc.o(i.NVIC_Init) for NVIC_Init
    stm32f429i_discovery.o(i.STM_EVAL_PBInit) refers to stm32f429i_discovery.o(.constdata) for .constdata
    stm32f429i_discovery.o(i.STM_EVAL_PBInit) refers to stm32f429i_discovery.o(.data) for .data
    stm32f429i_discovery.o(i.sEE_LowLevel_DMAConfig) refers to stm32f4xx_dma.o(i.DMA_Init) for DMA_Init
    stm32f429i_discovery.o(i.sEE_LowLevel_DMAConfig) refers to stm32f429i_discovery.o(.bss) for .bss
    stm32f429i_discovery.o(i.sEE_LowLevel_DeInit) refers to stm32f4xx_i2c.o(i.I2C_Cmd) for I2C_Cmd
    stm32f429i_discovery.o(i.sEE_LowLevel_DeInit) refers to stm32f4xx_i2c.o(i.I2C_DeInit) for I2C_DeInit
    stm32f429i_discovery.o(i.sEE_LowLevel_DeInit) refers to stm32f4xx_rcc.o(i.RCC_APB1PeriphClockCmd) for RCC_APB1PeriphClockCmd
    stm32f429i_discovery.o(i.sEE_LowLevel_DeInit) refers to stm32f4xx_gpio.o(i.GPIO_Init) for GPIO_Init
    stm32f429i_discovery.o(i.sEE_LowLevel_DeInit) refers to misc.o(i.NVIC_Init) for NVIC_Init
    stm32f429i_discovery.o(i.sEE_LowLevel_DeInit) refers to stm32f4xx_dma.o(i.DMA_Cmd) for DMA_Cmd
[...]
    Removing stm32f429i_discovery_ioe.o(i.I2C_DMA_ReadDeviceRegister), (368 bytes).
    Removing stm32f429i_discovery_ioe.o(i.I2C_DMA_WriteDeviceRegister), (320 bytes).
    Removing stm32f429i_discovery_ioe.o(i.I2C_ReadDataBuffer), (384 bytes).
    Removing stm32f429i_discovery_ioe.o(i.I2C_ReadDeviceRegister), (372 bytes).
    Removing stm32f429i_discovery_ioe.o(i.I2C_WriteDeviceRegister), (272 bytes).
    Removing stm32f429i_discovery_ioe.o(i.IOE_ClearGITPending), (14 bytes).
    Removing stm32f429i_discovery_ioe.o(i.IOE_Config), (104 bytes).
    Removing stm32f429i_discovery_ioe.o(i.IOE_DMA_Config), (112 bytes).
    Removing stm32f429i_discovery_ioe.o(i.IOE_FnctCmd), (32 bytes).
    Removing stm32f429i_discovery_ioe.o(i.IOE_GITCmd), (32 bytes).
    Removing stm32f429i_discovery_ioe.o(i.IOE_GITConfig), (32 bytes).
    Removing stm32f429i_discovery_ioe.o(i.IOE_GPIO_Config), (128 bytes).
    Removing stm32f429i_discovery_ioe.o(i.IOE_GetGITStatus), (32 bytes).
    Removing stm32f429i_discovery_ioe.o(i.IOE_IOAFConfig), (32 bytes).
    Removing stm32f429i_discovery_ioe.o(i.IOE_IsOperational), (40 bytes).
    Removing stm32f429i_discovery_ioe.o(i.IOE_ReadID), (26 bytes).
    Removing stm32f429i_discovery_ioe.o(i.IOE_Reset), (28 bytes).
    Removing stm32f429i_discovery_ioe.o(i.IOE_TPITConfig), (26 bytes).
    Removing stm32f429i_discovery_ioe.o(i.IOE_TP_Config), (124 bytes).
    Removing stm32f429i_discovery_ioe.o(i.IOE_TP_GetState), (180 bytes).
    Removing stm32f429i_discovery_ioe.o(i.IOE_TimeoutUserCallback), (104 bytes).
    Removing stm32f429i_discovery_ioe.o(i.delay), (28 bytes).
    Removing stm32f429i_discovery_ioe.o(.data), (20 bytes).
    Removing misc.o(.rev16_text), (4 bytes).
    Removing misc.o(.revsh_text), (4 bytes).
    Removing misc.o(i.NVIC_PriorityGroupConfig), (20 bytes).
    Removing misc.o(i.NVIC_SetVectorTable), (20 bytes).
    Removing misc.o(i.NVIC_SystemLPConfig), (24 bytes).
    Removing misc.o(i.SysTick_CLKSourceConfig), (24 bytes).
    Removing stm32f4xx_dma.o(.rev16_text), (4 bytes).
    Removing stm32f4xx_dma.o(.revsh_text), (4 bytes).
    Removing stm32f4xx_dma.o(i.DMA_ClearFlag), (44 bytes).
    Removing stm32f4xx_dma.o(i.DMA_ClearITPendingBit), (44 bytes).
    Removing stm32f4xx_dma.o(i.DMA_Cmd), (20 bytes).
    Removing stm32f4xx_dma.o(i.DMA_DeInit), (292 bytes).
    Removing stm32f4xx_dma.o(i.DMA_DoubleBufferModeCmd), (20 bytes).
    Removing stm32f4xx_dma.o(i.DMA_DoubleBufferModeConfig), (22 bytes).
    Removing stm32f4xx_dma.o(i.DMA_FlowControllerConfig), (20 bytes).
    Removing stm32f4xx_dma.o(i.DMA_GetCmdStatus), (14 bytes).
    Removing stm32f4xx_dma.o(i.DMA_GetCurrDataCounter), (6 bytes).
    Removing stm32f4xx_dma.o(i.DMA_GetCurrentMemoryTarget), (14 bytes).
    Removing stm32f4xx_dma.o(i.DMA_GetFIFOStatus), (8 bytes).
    Removing stm32f4xx_dma.o(i.DMA_GetFlagStatus), (52 bytes).
    Removing stm32f4xx_dma.o(i.DMA_GetITStatus), (84 bytes).
    Removing stm32f4xx_dma.o(i.DMA_ITConfig), (44 bytes).
    Removing stm32f4xx_dma.o(i.DMA_Init), (84 bytes).
    Removing stm32f4xx_dma.o(i.DMA_MemoryTargetConfig), (10 bytes).
    Removing stm32f4xx_dma.o(i.DMA_PeriphIncOffsetSizeConfig), (20 bytes).
    Removing stm32f4xx_dma.o(i.DMA_SetCurrDataCounter), (4 bytes).
    Removing stm32f4xx_dma.o(i.DMA_StructInit), (34 bytes).
    Removing stm32f4xx_gpio.o(.rev16_text), (4 bytes).
    Removing stm32f4xx_gpio.o(.revsh_text), (4 bytes).
    Removing stm32f4xx_gpio.o(i.GPIO_DeInit), (260 bytes).
    Removing stm32f4xx_gpio.o(i.GPIO_PinLockConfig), (24 bytes).
    Removing stm32f4xx_gpio.o(i.GPIO_ReadInputData), (6 bytes).
    Removing stm32f4xx_gpio.o(i.GPIO_ReadInputDataBit), (14 bytes).
    Removing stm32f4xx_gpio.o(i.GPIO_ReadOutputData), (6 bytes).
    Removing stm32f4xx_gpio.o(i.GPIO_ReadOutputDataBit), (14 bytes).
    Removing stm32f4xx_gpio.o(i.GPIO_ResetBits), (4 bytes).
    Removing stm32f4xx_gpio.o(i.GPIO_SetBits), (4 bytes).
    Removing stm32f4xx_gpio.o(i.GPIO_StructInit), (18 bytes).
    Removing stm32f4xx_gpio.o(i.GPIO_ToggleBits), (8 bytes).
    Removing stm32f4xx_gpio.o(i.GPIO_Write), (4 bytes).
    Removing stm32f4xx_gpio.o(i.GPIO_WriteBit), (10 bytes).
    Removing stm32f4xx_rcc.o(.rev16_text), (4 bytes).
    Removing stm32f4xx_rcc.o(.revsh_text), (4 bytes).
    Removing stm32f4xx_rcc.o(i.RCC_AHB1PeriphClockLPModeCmd), (24 bytes).
    Removing stm32f4xx_rcc.o(i.RCC_AHB1PeriphResetCmd), (24 bytes).
    Removing stm32f4xx_rcc.o(i.RCC_AHB2PeriphClockCmd), (24 bytes).
    Removing stm32f4xx_rcc.o(i.RCC_AHB2PeriphClockLPModeCmd), (24 bytes).
    Removing stm32f4xx_rcc.o(i.RCC_AHB2PeriphResetCmd), (24 bytes).
    Removing stm32f4xx_rcc.o(i.RCC_AHB3PeriphClockCmd), (24 bytes).
    Removing stm32f4xx_rcc.o(i.RCC_AHB3PeriphClockLPModeCmd), (24 bytes).
    Removing stm32f4xx_rcc.o(i.RCC_AHB3PeriphResetCmd), (24 bytes).
    Removing stm32f4xx_rcc.o(i.RCC_APB1PeriphClockLPModeCmd), (24 bytes).
    Removing stm32f4xx_rcc.o(i.RCC_APB1PeriphResetCmd), (24 bytes).
    Removing stm32f4xx_rcc.o(i.RCC_APB2PeriphClockLPModeCmd), (24 bytes).
    Removing stm32f4xx_rcc.o(i.RCC_APB2PeriphResetCmd), (24 bytes).
    Removing stm32f4xx_rcc.o(i.RCC_AdjustHSICalibrationValue), (20 bytes).
    Removing stm32f4xx_rcc.o(i.RCC_BackupResetCmd), (12 bytes).
    Removing stm32f4xx_rcc.o(i.RCC_ClearFlag), (16 bytes).
    Removing stm32f4xx_rcc.o(i.RCC_ClearITPendingBit), (12 bytes).
    Removing stm32f4xx_rcc.o(i.RCC_ClockSecuritySystemCmd), (12 bytes).
    Removing stm32f4xx_rcc.o(i.RCC_DeInit), (84 bytes).
    Removing stm32f4xx_rcc.o(i.RCC_GetFlagStatus), (52 bytes).
    Removing stm32f4xx_rcc.o(i.RCC_GetITStatus), (20 bytes).
    Removing stm32f4xx_rcc.o(i.RCC_GetSYSCLKSource), (16 bytes).
    Removing stm32f4xx_rcc.o(i.RCC_HCLKConfig), (20 bytes).
    Removing stm32f4xx_rcc.o(i.RCC_HSEConfig), (16 bytes).
    Removing stm32f4xx_rcc.o(i.RCC_HSICmd), (12 bytes).
    Removing stm32f4xx_rcc.o(i.RCC_I2SCLKConfig), (12 bytes).
    Removing stm32f4xx_rcc.o(i.RCC_ITConfig), (24 bytes).
    Removing stm32f4xx_rcc.o(i.RCC_LSEConfig), (28 bytes).
    Removing stm32f4xx_rcc.o(i.RCC_LSICmd), (12 bytes).
    Removing stm32f4xx_rcc.o(i.RCC_LTDCCLKDivConfig), (20 bytes).
    Removing stm32f4xx_rcc.o(i.RCC_MCO1Config), (20 bytes).
    Removing stm32f4xx_rcc.o(i.RCC_MCO2Config), (20 bytes).
    Removing stm32f4xx_rcc.o(i.RCC_PCLK1Config), (20 bytes).
    Removing stm32f4xx_rcc.o(i.RCC_PCLK2Config), (20 bytes).
    Removing stm32f4xx_rcc.o(i.RCC_PLLCmd), (12 bytes).
    Removing stm32f4xx_rcc.o(i.RCC_PLLConfig), (40 bytes).
    Removing stm32f4xx_rcc.o(i.RCC_PLLI2SCmd), (12 bytes).
    Removing stm32f4xx_rcc.o(i.RCC_PLLI2SConfig), (20 bytes).
    Removing stm32f4xx_rcc.o(i.RCC_PLLSAICmd), (12 bytes).
    Removing stm32f4xx_rcc.o(i.RCC_PLLSAIConfig), (20 bytes).
    Removing stm32f4xx_rcc.o(i.RCC_RTCCLKCmd), (12 bytes).
    Removing stm32f4xx_rcc.o(i.RCC_RTCCLKConfig), (48 bytes).
    Removing stm32f4xx_rcc.o(i.RCC_SAIBlockACLKConfig), (20 bytes).
    Removing stm32f4xx_rcc.o(i.RCC_SAIBlockBCLKConfig), (20 bytes).
    Removing stm32f4xx_rcc.o(i.RCC_SAIPLLI2SClkDivConfig), (20 bytes).
    Removing stm32f4xx_rcc.o(i.RCC_SAIPLLSAIClkDivConfig), (28 bytes).
    Removing stm32f4xx_rcc.o(i.RCC_SYSCLKConfig), (20 bytes).
    Removing stm32f4xx_rcc.o(i.RCC_WaitForHSEStartUp), (44 bytes).
    Removing stm32f4xx_spi.o(.rev16_text), (4 bytes).
    Removing stm32f4xx_spi.o(.revsh_text), (4 bytes).
    Removing stm32f4xx_spi.o(i.I2S_Cmd), (20 bytes).
    Removing stm32f4xx_spi.o(i.I2S_FullDuplexConfig), (58 bytes).
    Removing stm32f4xx_spi.o(i.I2S_Init), (200 bytes).
    Removing stm32f4xx_spi.o(i.I2S_StructInit), (18 bytes).
    Removing stm32f4xx_spi.o(i.SPI_BiDirectionalLineConfig), (22 bytes).
    Removing stm32f4xx_spi.o(i.SPI_CalculateCRC), (20 bytes).
    Removing stm32f4xx_spi.o(i.SPI_Cmd), (20 bytes).
    Removing stm32f4xx_spi.o(i.SPI_DataSizeConfig), (16 bytes).
    Removing stm32f4xx_spi.o(i.SPI_GetCRC), (12 bytes).
    Removing stm32f4xx_spi.o(i.SPI_GetCRCPolynomial), (4 bytes).
    Removing stm32f4xx_spi.o(i.SPI_I2S_ClearFlag), (6 bytes).
    Removing stm32f4xx_spi.o(i.SPI_I2S_ClearITPendingBit), (14 bytes).
    Removing stm32f4xx_spi.o(i.SPI_I2S_DMACmd), (16 bytes).
    Removing stm32f4xx_spi.o(i.SPI_I2S_DeInit), (132 bytes).
    Removing stm32f4xx_spi.o(i.SPI_I2S_GetFlagStatus), (14 bytes).
    Removing stm32f4xx_spi.o(i.SPI_I2S_GetITStatus), (42 bytes).
    Removing stm32f4xx_spi.o(i.SPI_I2S_ITConfig), (24 bytes).
    Removing stm32f4xx_spi.o(i.SPI_I2S_ReceiveData), (4 bytes).
    Removing stm32f4xx_spi.o(i.SPI_I2S_SendData), (4 bytes).
    Removing stm32f4xx_spi.o(i.SPI_Init), (56 bytes).
    Removing stm32f4xx_spi.o(i.SPI_NSSInternalSoftwareConfig), (24 bytes).
    Removing stm32f4xx_spi.o(i.SPI_SSOutputCmd), (20 bytes).
    Removing stm32f4xx_spi.o(i.SPI_StructInit), (24 bytes).
    Removing stm32f4xx_spi.o(i.SPI_TIModeCmd), (20 bytes).
    Removing stm32f4xx_spi.o(i.SPI_TransmitCRC), (10 bytes).
    Removing stm32f4xx_syscfg.o(.rev16_text), (4 bytes).
    Removing stm32f4xx_syscfg.o(.revsh_text), (4 bytes).
    Removing stm32f4xx_syscfg.o(i.SYSCFG_CompensationCellCmd), (12 bytes).
    Removing stm32f4xx_syscfg.o(i.SYSCFG_DeInit), (24 bytes).
    Removing stm32f4xx_syscfg.o(i.SYSCFG_ETH_MediaInterfaceConfig), (12 bytes).
    Removing stm32f4xx_syscfg.o(i.SYSCFG_EXTILineConfig), (48 bytes).
    Removing stm32f4xx_syscfg.o(i.SYSCFG_GetCompensationCellStatus), (20 bytes).
    Removing stm32f4xx_syscfg.o(i.SYSCFG_MemoryRemapConfig), (12 bytes).
    Removing stm32f4xx_syscfg.o(i.SYSCFG_MemorySwappingBank), (12 bytes).
    Removing stm32f4xx_usart.o(.rev16_text), (4 bytes).
    Removing stm32f4xx_usart.o(.revsh_text), (4 bytes).
    Removing stm32f4xx_usart.o(i.USART_ClearFlag), (6 bytes).
    Removing stm32f4xx_usart.o(i.USART_ClearITPendingBit), (12 bytes).
    Removing stm32f4xx_usart.o(i.USART_ClockInit), (28 bytes).
    Removing stm32f4xx_usart.o(i.USART_ClockStructInit), (12 bytes).
    Removing stm32f4xx_usart.o(i.USART_DMACmd), (16 bytes).
    Removing stm32f4xx_usart.o(i.USART_DeInit), (172 bytes).
    Removing stm32f4xx_usart.o(i.USART_HalfDuplexCmd), (20 bytes).
    Removing stm32f4xx_usart.o(i.USART_IrDACmd), (20 bytes).
    Removing stm32f4xx_usart.o(i.USART_IrDAConfig), (16 bytes).
    Removing stm32f4xx_usart.o(i.USART_LINBreakDetectLengthConfig), (16 bytes).
    Removing stm32f4xx_usart.o(i.USART_LINCmd), (20 bytes).
    Removing stm32f4xx_usart.o(i.USART_OneBitMethodCmd), (20 bytes).
    Removing stm32f4xx_usart.o(i.USART_OverSampling8Cmd), (20 bytes).
    Removing stm32f4xx_usart.o(i.USART_ReceiverWakeUpCmd), (20 bytes).
    Removing stm32f4xx_usart.o(i.USART_SendBreak), (10 bytes).
    Removing stm32f4xx_usart.o(i.USART_SetAddress), (16 bytes).
    Removing stm32f4xx_usart.o(i.USART_SetGuardTime), (16 bytes).
    Removing stm32f4xx_usart.o(i.USART_SetPrescaler), (16 bytes).
    Removing stm32f4xx_usart.o(i.USART_SmartCardCmd), (20 bytes).
    Removing stm32f4xx_usart.o(i.USART_SmartCardNACKCmd), (20 bytes).
    Removing stm32f4xx_usart.o(i.USART_StructInit), (22 bytes).
    Removing stm32f4xx_usart.o(i.USART_WakeUpConfig), (16 bytes).
    Removing stm32f4xx_dac.o(.rev16_text), (4 bytes).
    Removing stm32f4xx_dac.o(.revsh_text), (4 bytes).
    Removing stm32f4xx_dac.o(i.DAC_ClearFlag), (12 bytes).
    Removing stm32f4xx_dac.o(i.DAC_ClearITPendingBit), (12 bytes).
    Removing stm32f4xx_dac.o(i.DAC_Cmd), (24 bytes).
    Removing stm32f4xx_dac.o(i.DAC_DMACmd), (24 bytes).
    Removing stm32f4xx_dac.o(i.DAC_DeInit), (24 bytes).
    Removing stm32f4xx_dac.o(i.DAC_DualSoftwareTriggerCmd), (28 bytes).
    Removing stm32f4xx_dac.o(i.DAC_GetDataOutputValue), (24 bytes).
    Removing stm32f4xx_dac.o(i.DAC_GetFlagStatus), (24 bytes).
    Removing stm32f4xx_dac.o(i.DAC_GetITStatus), (36 bytes).
    Removing stm32f4xx_dac.o(i.DAC_ITConfig), (24 bytes).
    Removing stm32f4xx_dac.o(i.DAC_Init), (40 bytes).
    Removing stm32f4xx_dac.o(i.DAC_SetChannel1Data), (20 bytes).
    Removing stm32f4xx_dac.o(i.DAC_SetChannel2Data), (20 bytes).
    Removing stm32f4xx_dac.o(i.DAC_SetDualChannelData), (28 bytes).
    Removing stm32f4xx_dac.o(i.DAC_SoftwareTriggerCmd), (28 bytes).
    Removing stm32f4xx_dac.o(i.DAC_StructInit), (12 bytes).
    Removing stm32f4xx_dac.o(i.DAC_WaveGenerationCmd), (24 bytes).
    Removing stm32f4xx_dma2d.o(.rev16_text), (4 bytes).
    Removing stm32f4xx_dma2d.o(.revsh_text), (4 bytes).
    Removing stm32f4xx_dma2d.o(i.DMA2D_AbortTransfer), (16 bytes).
    Removing stm32f4xx_dma2d.o(i.DMA2D_BGConfig), (108 bytes).
    Removing stm32f4xx_dma2d.o(i.DMA2D_BGStart), (28 bytes).
    Removing stm32f4xx_dma2d.o(i.DMA2D_BG_StructInit), (26 bytes).
    Removing stm32f4xx_dma2d.o(i.DMA2D_ClearFlag), (12 bytes).
    Removing stm32f4xx_dma2d.o(i.DMA2D_ClearITPendingBit), (12 bytes).
    Removing stm32f4xx_dma2d.o(i.DMA2D_DeInit), (24 bytes).
    Removing stm32f4xx_dma2d.o(i.DMA2D_DeadTimeConfig), (44 bytes).
    Removing stm32f4xx_dma2d.o(i.DMA2D_FGConfig), (108 bytes).
    Removing stm32f4xx_dma2d.o(i.DMA2D_FGStart), (28 bytes).
    Removing stm32f4xx_dma2d.o(i.DMA2D_FG_StructInit), (26 bytes).
    Removing stm32f4xx_dma2d.o(i.DMA2D_GetFlagStatus), (20 bytes).
    Removing stm32f4xx_dma2d.o(i.DMA2D_GetITStatus), (36 bytes).
    Removing stm32f4xx_dma2d.o(i.DMA2D_ITConfig), (24 bytes).
    Removing stm32f4xx_dma2d.o(i.DMA2D_Init), (180 bytes).
    Removing stm32f4xx_dma2d.o(i.DMA2D_LineWatermarkConfig), (12 bytes).
    Removing stm32f4xx_dma2d.o(i.DMA2D_StartTransfer), (16 bytes).
    Removing stm32f4xx_dma2d.o(i.DMA2D_StructInit), (24 bytes).
    Removing stm32f4xx_dma2d.o(i.DMA2D_Suspend), (28 bytes).
    Removing stm32f4xx_exti.o(.rev16_text), (4 bytes).
    Removing stm32f4xx_exti.o(.revsh_text), (4 bytes).
    Removing stm32f4xx_exti.o(i.EXTI_ClearFlag), (12 bytes).
    Removing stm32f4xx_exti.o(i.EXTI_ClearITPendingBit), (12 bytes).
    Removing stm32f4xx_exti.o(i.EXTI_DeInit), (36 bytes).
    Removing stm32f4xx_exti.o(i.EXTI_GenerateSWInterrupt), (16 bytes).
    Removing stm32f4xx_exti.o(i.EXTI_GetFlagStatus), (20 bytes).
    Removing stm32f4xx_exti.o(i.EXTI_GetITStatus), (20 bytes).
    Removing stm32f4xx_exti.o(i.EXTI_Init), (112 bytes).
    Removing stm32f4xx_exti.o(i.EXTI_StructInit), (14 bytes).
    Removing stm32f4xx_ltdc.o(.rev16_text), (4 bytes).
    Removing stm32f4xx_ltdc.o(.revsh_text), (4 bytes).
    Removing stm32f4xx_ltdc.o(i.LTDC_CLUTCmd), (32 bytes).
    Removing stm32f4xx_ltdc.o(i.LTDC_CLUTInit), (26 bytes).
    Removing stm32f4xx_ltdc.o(i.LTDC_CLUTStructInit), (12 bytes).
    Removing stm32f4xx_ltdc.o(i.LTDC_ClearFlag), (12 bytes).
    Removing stm32f4xx_ltdc.o(i.LTDC_ClearITPendingBit), (12 bytes).
    Removing stm32f4xx_ltdc.o(i.LTDC_Cmd), (28 bytes).
    Removing stm32f4xx_ltdc.o(i.LTDC_ColorKeyingConfig), (64 bytes).
    Removing stm32f4xx_ltdc.o(i.LTDC_ColorKeyingStructInit), (10 bytes).
    Removing stm32f4xx_ltdc.o(i.LTDC_DeInit), (24 bytes).
    Removing stm32f4xx_ltdc.o(i.LTDC_DitherCmd), (28 bytes).
    Removing stm32f4xx_ltdc.o(i.LTDC_GetCDStatus), (20 bytes).
    Removing stm32f4xx_ltdc.o(i.LTDC_GetFlagStatus), (20 bytes).
    Removing stm32f4xx_ltdc.o(i.LTDC_GetITStatus), (36 bytes).
    Removing stm32f4xx_ltdc.o(i.LTDC_GetPosStatus), (28 bytes).
    Removing stm32f4xx_ltdc.o(i.LTDC_GetRGBWidth), (44 bytes).
    Removing stm32f4xx_ltdc.o(i.LTDC_ITConfig), (24 bytes).
    Removing stm32f4xx_ltdc.o(i.LTDC_Init), (168 bytes).
    Removing stm32f4xx_ltdc.o(i.LTDC_LIPConfig), (12 bytes).
    Removing stm32f4xx_ltdc.o(i.LTDC_LayerAddress), (4 bytes).
    Removing stm32f4xx_ltdc.o(i.LTDC_LayerAlpha), (4 bytes).
    Removing stm32f4xx_ltdc.o(i.LTDC_LayerCmd), (20 bytes).
    Removing stm32f4xx_ltdc.o(i.LTDC_LayerInit), (150 bytes).
    Removing stm32f4xx_ltdc.o(i.LTDC_LayerPixelFormat), (96 bytes).
    Removing stm32f4xx_ltdc.o(i.LTDC_LayerPosition), (116 bytes).
    Removing stm32f4xx_ltdc.o(i.LTDC_LayerSize), (86 bytes).
    Removing stm32f4xx_ltdc.o(i.LTDC_LayerStructInit), (44 bytes).
    Removing stm32f4xx_ltdc.o(i.LTDC_PosStructInit), (8 bytes).
    Removing stm32f4xx_ltdc.o(i.LTDC_RGBStructInit), (10 bytes).
    Removing stm32f4xx_ltdc.o(i.LTDC_ReloadConfig), (12 bytes).
    Removing stm32f4xx_ltdc.o(i.LTDC_StructInit), (34 bytes).
    Removing stm32f4xx_sdio.o(.rev16_text), (4 bytes).
    Removing stm32f4xx_sdio.o(.revsh_text), (4 bytes).
    Removing stm32f4xx_sdio.o(i.SDIO_CEATAITCmd), (16 bytes).
    Removing stm32f4xx_sdio.o(i.SDIO_ClearFlag), (12 bytes).
    Removing stm32f4xx_sdio.o(i.SDIO_ClearITPendingBit), (12 bytes).
    Removing stm32f4xx_sdio.o(i.SDIO_ClockCmd), (12 bytes).
    Removing stm32f4xx_sdio.o(i.SDIO_CmdStructInit), (14 bytes).
    Removing stm32f4xx_sdio.o(i.SDIO_CommandCompletionCmd), (12 bytes).
    Removing stm32f4xx_sdio.o(i.SDIO_DMACmd), (12 bytes).
    Removing stm32f4xx_sdio.o(i.SDIO_DataConfig), (48 bytes).
    Removing stm32f4xx_sdio.o(i.SDIO_DataStructInit), (20 bytes).
    Removing stm32f4xx_sdio.o(i.SDIO_DeInit), (24 bytes).
    Removing stm32f4xx_sdio.o(i.SDIO_GetCommandResponse), (12 bytes).
    Removing stm32f4xx_sdio.o(i.SDIO_GetDataCounter), (12 bytes).
    Removing stm32f4xx_sdio.o(i.SDIO_GetFIFOCount), (12 bytes).
    Removing stm32f4xx_sdio.o(i.SDIO_GetFlagStatus), (20 bytes).
    Removing stm32f4xx_sdio.o(i.SDIO_GetITStatus), (20 bytes).
    Removing stm32f4xx_sdio.o(i.SDIO_GetPowerState), (16 bytes).
    Removing stm32f4xx_sdio.o(i.SDIO_GetResponse), (16 bytes).
    Removing stm32f4xx_sdio.o(i.SDIO_ITConfig), (24 bytes).
    Removing stm32f4xx_sdio.o(i.SDIO_Init), (44 bytes).
    Removing stm32f4xx_sdio.o(i.SDIO_ReadData), (12 bytes).
    Removing stm32f4xx_sdio.o(i.SDIO_SendCEATACmd), (12 bytes).
    Removing stm32f4xx_sdio.o(i.SDIO_SendCommand), (40 bytes).
    Removing stm32f4xx_sdio.o(i.SDIO_SendSDIOSuspendCmd), (12 bytes).
    Removing stm32f4xx_sdio.o(i.SDIO_SetPowerState), (12 bytes).
    Removing stm32f4xx_sdio.o(i.SDIO_SetSDIOOperation), (12 bytes).
    Removing stm32f4xx_sdio.o(i.SDIO_SetSDIOReadWaitMode), (12 bytes).
    Removing stm32f4xx_sdio.o(i.SDIO_StartSDIOReadWait), (12 bytes).
    Removing stm32f4xx_sdio.o(i.SDIO_StopSDIOReadWait), (12 bytes).
    Removing stm32f4xx_sdio.o(i.SDIO_StructInit), (16 bytes).
    Removing stm32f4xx_sdio.o(i.SDIO_WriteData), (12 bytes).
    Removing stm32f4xx_tim.o(.rev16_text), (4 bytes).
    Removing stm32f4xx_tim.o(.revsh_text), (4 bytes).
    Removing stm32f4xx_tim.o(i.TIM_BDTRConfig), (34 bytes).
    Removing stm32f4xx_tim.o(i.TIM_BDTRStructInit), (18 bytes).
    Removing stm32f4xx_tim.o(i.TIM_CCPreloadControl), (20 bytes).
    Removing stm32f4xx_tim.o(i.TIM_CCxCmd), (22 bytes).
    Removing stm32f4xx_tim.o(i.TIM_CCxNCmd), (22 bytes).
    Removing stm32f4xx_tim.o(i.TIM_ClearOC1Ref), (12 bytes).
    Removing stm32f4xx_tim.o(i.TIM_ClearOC2Ref), (20 bytes).
    Removing stm32f4xx_tim.o(i.TIM_ClearOC3Ref), (12 bytes).
    Removing stm32f4xx_tim.o(i.TIM_ClearOC4Ref), (20 bytes).
    Removing stm32f4xx_tim.o(i.TIM_CounterModeConfig), (12 bytes).
    Removing stm32f4xx_tim.o(i.TIM_CtrlPWMOutputs), (22 bytes).
    Removing stm32f4xx_tim.o(i.TIM_DMACmd), (16 bytes).
    Removing stm32f4xx_tim.o(i.TIM_DMAConfig), (8 bytes).
    Removing stm32f4xx_tim.o(i.TIM_DeInit), (336 bytes).
    Removing stm32f4xx_tim.o(i.TIM_ETRClockMode1Config), (18 bytes).
    Removing stm32f4xx_tim.o(i.TIM_ETRClockMode2Config), (18 bytes).
    Removing stm32f4xx_tim.o(i.TIM_ETRConfig), (24 bytes).
    Removing stm32f4xx_tim.o(i.TIM_EncoderInterfaceConfig), (50 bytes).
    Removing stm32f4xx_tim.o(i.TIM_ForcedOC1Config), (12 bytes).
    Removing stm32f4xx_tim.o(i.TIM_ForcedOC2Config), (20 bytes).
    Removing stm32f4xx_tim.o(i.TIM_ForcedOC3Config), (12 bytes).
    Removing stm32f4xx_tim.o(i.TIM_ForcedOC4Config), (20 bytes).
    Removing stm32f4xx_tim.o(i.TIM_GenerateEvent), (4 bytes).
    Removing stm32f4xx_tim.o(i.TIM_GetCapture1), (4 bytes).
    Removing stm32f4xx_tim.o(i.TIM_GetCapture3), (4 bytes).
    Removing stm32f4xx_tim.o(i.TIM_GetCapture4), (4 bytes).
    Removing stm32f4xx_tim.o(i.TIM_GetCounter), (4 bytes).
    Removing stm32f4xx_tim.o(i.TIM_GetFlagStatus), (14 bytes).
    Removing stm32f4xx_tim.o(i.TIM_GetITStatus), (24 bytes).
    Removing stm32f4xx_tim.o(i.TIM_GetPrescaler), (4 bytes).
    Removing stm32f4xx_tim.o(i.TIM_ICStructInit), (16 bytes).
    Removing stm32f4xx_tim.o(i.TIM_ITRxExternalClockConfig), (18 bytes).
    Removing stm32f4xx_tim.o(i.TIM_OC1FastConfig), (12 bytes).
    Removing stm32f4xx_tim.o(i.TIM_OC1NPolarityConfig), (12 bytes).
    Removing stm32f4xx_tim.o(i.TIM_OC1PolarityConfig), (12 bytes).
    Removing stm32f4xx_tim.o(i.TIM_OC2FastConfig), (20 bytes).
    Removing stm32f4xx_tim.o(i.TIM_OC2Init), (128 bytes).
    Removing stm32f4xx_tim.o(i.TIM_OC2NPolarityConfig), (20 bytes).
    Removing stm32f4xx_tim.o(i.TIM_OC2PolarityConfig), (20 bytes).
    Removing stm32f4xx_tim.o(i.TIM_OC2PreloadConfig), (20 bytes).
    Removing stm32f4xx_tim.o(i.TIM_OC3FastConfig), (12 bytes).
    Removing stm32f4xx_tim.o(i.TIM_OC3Init), (124 bytes).
    Removing stm32f4xx_tim.o(i.TIM_OC3NPolarityConfig), (20 bytes).
    Removing stm32f4xx_tim.o(i.TIM_OC3PolarityConfig), (20 bytes).
    Removing stm32f4xx_tim.o(i.TIM_OC3PreloadConfig), (12 bytes).
    Removing stm32f4xx_tim.o(i.TIM_OC4FastConfig), (20 bytes).
    Removing stm32f4xx_tim.o(i.TIM_OC4Init), (96 bytes).
    Removing stm32f4xx_tim.o(i.TIM_OC4PolarityConfig), (20 bytes).
    Removing stm32f4xx_tim.o(i.TIM_OC4PreloadConfig), (20 bytes).
    Removing stm32f4xx_tim.o(i.TIM_OCStructInit), (20 bytes).
    Removing stm32f4xx_tim.o(i.TIM_PrescalerConfig), (6 bytes).
    Removing stm32f4xx_tim.o(i.TIM_RemapConfig), (6 bytes).
    Removing stm32f4xx_tim.o(i.TIM_SelectCCDMA), (20 bytes).
    Removing stm32f4xx_tim.o(i.TIM_SelectCOM), (20 bytes).
    Removing stm32f4xx_tim.o(i.TIM_SelectHallSensor), (20 bytes).
    Removing stm32f4xx_tim.o(i.TIM_SelectOCxM), (74 bytes).
    Removing stm32f4xx_tim.o(i.TIM_SelectOnePulseMode), (16 bytes).
    Removing stm32f4xx_tim.o(i.TIM_SelectOutputTrigger), (16 bytes).
    Removing stm32f4xx_tim.o(i.TIM_SetAutoreload), (4 bytes).
    Removing stm32f4xx_tim.o(i.TIM_SetClockDivision), (16 bytes).
    Removing stm32f4xx_tim.o(i.TIM_SetCompare1), (4 bytes).
    Removing stm32f4xx_tim.o(i.TIM_SetCompare2), (4 bytes).
    Removing stm32f4xx_tim.o(i.TIM_SetCompare3), (4 bytes).
    Removing stm32f4xx_tim.o(i.TIM_SetCompare4), (4 bytes).
    Removing stm32f4xx_tim.o(i.TIM_SetCounter), (4 bytes).
    Removing stm32f4xx_tim.o(i.TIM_TIxExternalClockConfig), (46 bytes).
    Removing stm32f4xx_tim.o(i.TIM_TimeBaseStructInit), (18 bytes).
    Removing stm32f4xx_tim.o(i.TIM_UpdateDisableConfig), (20 bytes).
    Removing stm32f4xx_tim.o(i.TIM_UpdateRequestConfig), (20 bytes).
    Removing stm32f4xx_fmc.o(.rev16_text), (4 bytes).
    Removing stm32f4xx_fmc.o(.revsh_text), (4 bytes).
    Removing stm32f4xx_fmc.o(i.FMC_ClearFlag), (56 bytes).
    Removing stm32f4xx_fmc.o(i.FMC_ClearITPendingBit), (62 bytes).
    Removing stm32f4xx_fmc.o(i.FMC_GetECC), (18 bytes).
    Removing stm32f4xx_fmc.o(i.FMC_GetFlagStatus), (54 bytes).
    Removing stm32f4xx_fmc.o(i.FMC_GetITStatus), (82 bytes).
    Removing stm32f4xx_fmc.o(i.FMC_GetModeStatus), (26 bytes).
    Removing stm32f4xx_fmc.o(i.FMC_ITConfig), (102 bytes).
    Removing stm32f4xx_fmc.o(i.FMC_NANDCmd), (56 bytes).
    Removing stm32f4xx_fmc.o(i.FMC_NANDDeInit), (40 bytes).
    Removing stm32f4xx_fmc.o(i.FMC_NANDECCCmd), (56 bytes).
    Removing stm32f4xx_fmc.o(i.FMC_NANDInit), (104 bytes).
    Removing stm32f4xx_fmc.o(i.FMC_NANDStructInit), (54 bytes).
    Removing stm32f4xx_fmc.o(i.FMC_NORSRAMCmd), (32 bytes).
    Removing stm32f4xx_fmc.o(i.FMC_NORSRAMDeInit), (40 bytes).
    Removing stm32f4xx_fmc.o(i.FMC_NORSRAMInit), (260 bytes).
    Removing stm32f4xx_fmc.o(i.FMC_NORSRAMStructInit), (102 bytes).
    Removing stm32f4xx_fmc.o(i.FMC_PCCARDCmd), (32 bytes).
    Removing stm32f4xx_fmc.o(i.FMC_PCCARDDeInit), (26 bytes).
    Removing stm32f4xx_fmc.o(i.FMC_PCCARDInit), (102 bytes).
    Removing stm32f4xx_fmc.o(i.FMC_PCCARDStructInit), (60 bytes).
    Removing stm32f4xx_fmc.o(i.FMC_SDRAMCmdConfig), (34 bytes).
    Removing stm32f4xx_fmc.o(i.FMC_SDRAMDeInit), (42 bytes).
    Removing stm32f4xx_fmc.o(i.FMC_SDRAMInit), (220 bytes).
    Removing stm32f4xx_fmc.o(i.FMC_SDRAMStructInit), (60 bytes).
    Removing stm32f4xx_fmc.o(i.FMC_SDRAMWriteProtectionConfig), (32 bytes).
    Removing stm32f4xx_fmc.o(i.FMC_SetAutoRefresh_Number), (18 bytes).
    Removing stm32f4xx_fmc.o(i.FMC_SetRefreshCount), (18 bytes).
    Removing stm32f4xx_i2c.o(.rev16_text), (4 bytes).
    Removing stm32f4xx_i2c.o(.revsh_text), (4 bytes).
    Removing stm32f4xx_i2c.o(i.I2C_ARPCmd), (20 bytes).
    Removing stm32f4xx_i2c.o(i.I2C_AcknowledgeConfig), (20 bytes).
    Removing stm32f4xx_i2c.o(i.I2C_AnalogFilterCmd), (20 bytes).
    Removing stm32f4xx_i2c.o(i.I2C_CalculatePEC), (20 bytes).
    Removing stm32f4xx_i2c.o(i.I2C_CheckEvent), (24 bytes).
    Removing stm32f4xx_i2c.o(i.I2C_ClearFlag), (6 bytes).
    Removing stm32f4xx_i2c.o(i.I2C_ClearITPendingBit), (6 bytes).
    Removing stm32f4xx_i2c.o(i.I2C_Cmd), (20 bytes).
    Removing stm32f4xx_i2c.o(i.I2C_DMACmd), (20 bytes).
    Removing stm32f4xx_i2c.o(i.I2C_DMALastTransferCmd), (20 bytes).
    Removing stm32f4xx_i2c.o(i.I2C_DeInit), (68 bytes).
    Removing stm32f4xx_i2c.o(i.I2C_DigitalFilterConfig), (16 bytes).
    Removing stm32f4xx_i2c.o(i.I2C_DualAddressCmd), (20 bytes).
    Removing stm32f4xx_i2c.o(i.I2C_FastModeDutyCycleConfig), (22 bytes).
    Removing stm32f4xx_i2c.o(i.I2C_GeneralCallCmd), (20 bytes).
    Removing stm32f4xx_i2c.o(i.I2C_GenerateSTART), (20 bytes).
    Removing stm32f4xx_i2c.o(i.I2C_GenerateSTOP), (20 bytes).
    Removing stm32f4xx_i2c.o(i.I2C_GetFlagStatus), (42 bytes).
    Removing stm32f4xx_i2c.o(i.I2C_GetITStatus), (36 bytes).
    Removing stm32f4xx_i2c.o(i.I2C_GetLastEvent), (14 bytes).
    Removing stm32f4xx_i2c.o(i.I2C_GetPEC), (6 bytes).
    Removing stm32f4xx_i2c.o(i.I2C_ITConfig), (16 bytes).
    Removing stm32f4xx_i2c.o(i.I2C_Init), (184 bytes).
    Removing stm32f4xx_i2c.o(i.I2C_NACKPositionConfig), (22 bytes).
    Removing stm32f4xx_i2c.o(i.I2C_OwnAddress2Config), (16 bytes).
    Removing stm32f4xx_i2c.o(i.I2C_PECPositionConfig), (22 bytes).
    Removing stm32f4xx_i2c.o(i.I2C_ReadRegister), (10 bytes).
    Removing stm32f4xx_i2c.o(i.I2C_ReceiveData), (6 bytes).
    Removing stm32f4xx_i2c.o(i.I2C_SMBusAlertConfig), (22 bytes).
    Removing stm32f4xx_i2c.o(i.I2C_Send7bitAddress), (16 bytes).
    Removing stm32f4xx_i2c.o(i.I2C_SendData), (4 bytes).
    Removing stm32f4xx_i2c.o(i.I2C_SoftwareResetCmd), (20 bytes).
    Removing stm32f4xx_i2c.o(i.I2C_StretchClockCmd), (20 bytes).
    Removing stm32f4xx_i2c.o(i.I2C_StructInit), (28 bytes).
    Removing stm32f4xx_i2c.o(i.I2C_TransmitPEC), (20 bytes).
    Removing main.o(.rev16_text), (4 bytes).
    Removing main.o(.revsh_text), (4 bytes).
    Removing main.o(.data), (4 bytes).
    Removing main.o(.data), (4 bytes).
    Removing stm32f4xx_it.o(.rev16_text), (4 bytes).
    Removing stm32f4xx_it.o(.revsh_text), (4 bytes).
    Removing stm32f4xx_it.o(.data), (4 bytes).
    Removing system_stm32f4xx.o(.rev16_text), (4 bytes).
    Removing system_stm32f4xx.o(.revsh_text), (4 bytes).
    Removing system_stm32f4xx.o(i.SystemCoreClockUpdate), (120 bytes).
    Removing system_stm32f4xx.o(.data), (20 bytes).

520 unused section(s) (total 33704 bytes) removed from the image.

==============================================================================

Image Symbol Table

    Local Symbols

    Symbol Name                              Value     Ov Type        Size  Object(Section)

    ../clib/microlib/division.c              0x00000000   Number         0  uidiv.o ABSOLUTE
    ../clib/microlib/division.c              0x00000000   Number         0  uldiv.o ABSOLUTE
    ../clib/microlib/init/entry.s            0x00000000   Number         0  entry9b.o ABSOLUTE
    ../clib/microlib/init/entry.s            0x00000000   Number         0  entry10b.o ABSOLUTE
    ../clib/microlib/init/entry.s            0x00000000   Number         0  entry10a.o ABSOLUTE
    ../clib/microlib/init/entry.s            0x00000000   Number         0  entry2.o ABSOLUTE
    ../clib/microlib/init/entry.s            0x00000000   Number         0  entry5.o ABSOLUTE
    ../clib/microlib/init/entry.s            0x00000000   Number         0  entry7a.o ABSOLUTE
    ../clib/microlib/init/entry.s            0x00000000   Number         0  entry11b.o ABSOLUTE
    ../clib/microlib/init/entry.s            0x00000000   Number         0  entry11a.o ABSOLUTE
    ../clib/microlib/init/entry.s            0x00000000   Number         0  entry7b.o ABSOLUTE
    ../clib/microlib/init/entry.s            0x00000000   Number         0  entry8a.o ABSOLUTE
    ../clib/microlib/init/entry.s            0x00000000   Number         0  entry9a.o ABSOLUTE
    ../clib/microlib/init/entry.s            0x00000000   Number         0  entry.o ABSOLUTE
    ../clib/microlib/init/entry.s            0x00000000   Number         0  entry8b.o ABSOLUTE
    ../clib/microlib/longlong.c              0x00000000   Number         0  llshl.o ABSOLUTE
    ../clib/microlib/longlong.c              0x00000000   Number         0  llushr.o ABSOLUTE
    ../clib/microlib/longlong.c              0x00000000   Number         0  llsshr.o ABSOLUTE
    ../clib/microlib/printf/printf.c         0x00000000   Number         0  printf7.o ABSOLUTE
    ../clib/microlib/printf/printf.c         0x00000000   Number         0  printf5.o ABSOLUTE
    ../clib/microlib/printf/printf.c         0x00000000   Number         0  printf8.o ABSOLUTE
    ../clib/microlib/printf/printf.c         0x00000000   Number         0  printfb.o ABSOLUTE
    ../clib/microlib/printf/printf.c         0x00000000   Number         0  printf0.o ABSOLUTE
    ../clib/microlib/printf/printf.c         0x00000000   Number         0  printf6.o ABSOLUTE
    ../clib/microlib/printf/printf.c         0x00000000   Number         0  printfa.o ABSOLUTE
    ../clib/microlib/printf/printf.c         0x00000000   Number         0  printf1.o ABSOLUTE
    ../clib/microlib/printf/printf.c         0x00000000   Number         0  printf2.o ABSOLUTE
    ../clib/microlib/printf/printf.c         0x00000000   Number         0  printf3.o ABSOLUTE
    ../clib/microlib/printf/printf.c         0x00000000   Number         0  printf4.o ABSOLUTE
    ../clib/microlib/printf/stubs.s          0x00000000   Number         0  stubs.o ABSOLUTE
    ../clib/microlib/stdio/fputc.c           0x00000000   Number         0  fputc.o ABSOLUTE
    ../clib/microlib/stdio/semi.s            0x00000000   Number         0  semi.o ABSOLUTE
    ../clib/microlib/stdio/streams.c         0x00000000   Number         0  stdout.o ABSOLUTE
    ../clib/microlib/string/memset.c         0x00000000   Number         0  memseta.o ABSOLUTE
    ../clib/microlib/string/strcmp.c         0x00000000   Number         0  strcmp.o ABSOLUTE
    ../clib/microlib/string/strlen.c         0x00000000   Number         0  strlen.o ABSOLUTE
    ../clib/microlib/stubs.s                 0x00000000   Number         0  iusefp.o ABSOLUTE
    ../clib/microlib/stubs.s                 0x00000000   Number         0  iusesemip.o ABSOLUTE
    ../fplib/microlib/f2d.c                  0x00000000   Number         0  f2d.o ABSOLUTE
    ../fplib/microlib/fpadd.c                0x00000000   Number         0  dadd.o ABSOLUTE
    ../fplib/microlib/fpdiv.c                0x00000000   Number         0  ddiv.o ABSOLUTE
    ../fplib/microlib/fpepilogue.c           0x00000000   Number         0  depilogue.o ABSOLUTE
    ../fplib/microlib/fpfix.c                0x00000000   Number         0  dfixul.o ABSOLUTE
    ../fplib/microlib/fpmul.c                0x00000000   Number         0  dmul.o ABSOLUTE
    ..\..\..\..\Libraries\CMSIS\Device\ST\STM32F4xx\Source\Templates\arm\startup_stm32f429_439xx.s 0x00000000   Number         0  startup_stm32f429_439xx.o ABSOLUTE
    ..\..\..\..\Libraries\STM32F4xx_StdPeriph_Driver\src\misc.c 0x00000000   Number         0  misc.o ABSOLUTE
    ..\..\..\..\Libraries\STM32F4xx_StdPeriph_Driver\src\stm32f4xx_dac.c 0x00000000   Number         0  stm32f4xx_dac.o ABSOLUTE
    ..\..\..\..\Libraries\STM32F4xx_StdPeriph_Driver\src\stm32f4xx_dma.c 0x00000000   Number         0  stm32f4xx_dma.o ABSOLUTE
    ..\..\..\..\Libraries\STM32F4xx_StdPeriph_Driver\src\stm32f4xx_dma2d.c 0x00000000   Number         0  stm32f4xx_dma2d.o ABSOLUTE
    ..\..\..\..\Libraries\STM32F4xx_StdPeriph_Driver\src\stm32f4xx_exti.c 0x00000000   Number         0  stm32f4xx_exti.o ABSOLUTE
    ..\..\..\..\Libraries\STM32F4xx_StdPeriph_Driver\src\stm32f4xx_fmc.c 0x00000000   Number         0  stm32f4xx_fmc.o ABSOLUTE
    ..\..\..\..\Libraries\STM32F4xx_StdPeriph_Driver\src\stm32f4xx_gpio.c 0x00000000   Number         0  stm32f4xx_gpio.o ABSOLUTE
    ..\..\..\..\Libraries\STM32F4xx_StdPeriph_Driver\src\stm32f4xx_i2c.c 0x00000000   Number         0  stm32f4xx_i2c.o ABSOLUTE
    ..\..\..\..\Libraries\STM32F4xx_StdPeriph_Driver\src\stm32f4xx_ltdc.c 0x00000000   Number         0  stm32f4xx_ltdc.o ABSOLUTE
    ..\..\..\..\Libraries\STM32F4xx_StdPeriph_Driver\src\stm32f4xx_rcc.c 0x00000000   Number         0  stm32f4xx_rcc.o ABSOLUTE
    ..\..\..\..\Libraries\STM32F4xx_StdPeriph_Driver\src\stm32f4xx_sdio.c 0x00000000   Number         0  stm32f4xx_sdio.o ABSOLUTE
    ..\..\..\..\Libraries\STM32F4xx_StdPeriph_Driver\src\stm32f4xx_spi.c 0x00000000   Number         0  stm32f4xx_spi.o ABSOLUTE
    ..\..\..\..\Libraries\STM32F4xx_StdPeriph_Driver\src\stm32f4xx_syscfg.c 0x00000000   Number         0  stm32f4xx_syscfg.o ABSOLUTE
    ..\..\..\..\Libraries\STM32F4xx_StdPeriph_Driver\src\stm32f4xx_tim.c 0x00000000   Number         0  stm32f4xx_tim.o ABSOLUTE
    ..\..\..\..\Libraries\STM32F4xx_StdPeriph_Driver\src\stm32f4xx_usart.c 0x00000000   Number         0  stm32f4xx_usart.o ABSOLUTE
    ..\..\..\..\Utilities\STM32F429I-Discovery\stm32f429i_discovery_ioe.c 0x00000000   Number         0  stm32f429i_discovery_ioe.o ABSOLUTE
    ..\..\..\..\Utilities\STM32F429i-Discovery\stm32f429i_discovery.c 0x00000000   Number         0  stm32f429i_discovery.o ABSOLUTE
    ..\..\..\..\Utilities\STM32F429i-Discovery\stm32f429i_discovery_lcd.c 0x00000000   Number         0  stm32f429i_discovery_lcd.o ABSOLUTE
    ..\..\..\..\Utilities\STM32F429i-Discovery\stm32f429i_discovery_sdram.c 0x00000000   Number         0  stm32f429i_discovery_sdram.o ABSOLUTE
    ..\\..\\..\\..\\Libraries\\STM32F4xx_StdPeriph_Driver\\src\\misc.c 0x00000000   Number         0  misc.o ABSOLUTE
    ..\\..\\..\\..\\Libraries\\STM32F4xx_StdPeriph_Driver\\src\\stm32f4xx_dac.c 0x00000000   Number         0  stm32f4xx_dac.o ABSOLUTE
    ..\\..\\..\\..\\Libraries\\STM32F4xx_StdPeriph_Driver\\src\\stm32f4xx_dma.c 0x00000000   Number         0  stm32f4xx_dma.o ABSOLUTE
    ..\\..\\..\\..\\Libraries\\STM32F4xx_StdPeriph_Driver\\src\\stm32f4xx_dma2d.c 0x00000000   Number         0  stm32f4xx_dma2d.o ABSOLUTE
    ..\\..\\..\\..\\Libraries\\STM32F4xx_StdPeriph_Driver\\src\\stm32f4xx_exti.c 0x00000000   Number         0  stm32f4xx_exti.o ABSOLUTE
    ..\\..\\..\\..\\Libraries\\STM32F4xx_StdPeriph_Driver\\src\\stm32f4xx_fmc.c 0x00000000   Number         0  stm32f4xx_fmc.o ABSOLUTE
    ..\\..\\..\\..\\Libraries\\STM32F4xx_StdPeriph_Driver\\src\\stm32f4xx_gpio.c 0x00000000   Number         0  stm32f4xx_gpio.o ABSOLUTE
    ..\\..\\..\\..\\Libraries\\STM32F4xx_StdPeriph_Driver\\src\\stm32f4xx_i2c.c 0x00000000   Number         0  stm32f4xx_i2c.o ABSOLUTE
    ..\\..\\..\\..\\Libraries\\STM32F4xx_StdPeriph_Driver\\src\\stm32f4xx_ltdc.c 0x00000000   Number         0  stm32f4xx_ltdc.o ABSOLUTE
    ..\\..\\..\\..\\Libraries\\STM32F4xx_StdPeriph_Driver\\src\\stm32f4xx_rcc.c 0x00000000   Number         0  stm32f4xx_rcc.o ABSOLUTE
    ..\\..\\..\\..\\Libraries\\STM32F4xx_StdPeriph_Driver\\src\\stm32f4xx_sdio.c 0x00000000   Number         0  stm32f4xx_sdio.o ABSOLUTE
    ..\\..\\..\\..\\Libraries\\STM32F4xx_StdPeriph_Driver\\src\\stm32f4xx_spi.c 0x00000000   Number         0  stm32f4xx_spi.o ABSOLUTE
    ..\\..\\..\\..\\Libraries\\STM32F4xx_StdPeriph_Driver\\src\\stm32f4xx_syscfg.c 0x00000000   Number         0  stm32f4xx_syscfg.o ABSOLUTE
    ..\\..\\..\\..\\Libraries\\STM32F4xx_StdPeriph_Driver\\src\\stm32f4xx_tim.c 0x00000000   Number         0  stm32f4xx_tim.o ABSOLUTE
    ..\\..\\..\\..\\Libraries\\STM32F4xx_StdPeriph_Driver\\src\\stm32f4xx_usart.c 0x00000000   Number         0  stm32f4xx_usart.o ABSOLUTE
    ..\\..\\..\\..\\Utilities\\STM32F429I-Discovery\\stm32f429i_discovery_ioe.c 0x00000000   Number         0  stm32f429i_discovery_ioe.o ABSOLUTE
    ..\\..\\..\\..\\Utilities\\STM32F429i-Discovery\\stm32f429i_discovery.c 0x00000000   Number         0  stm32f429i_discovery.o ABSOLUTE
    ..\\..\\..\\..\\Utilities\\STM32F429i-Discovery\\stm32f429i_discovery_lcd.c 0x00000000   Number         0  stm32f429i_discovery_lcd.o ABSOLUTE
    ..\\..\\..\\..\\Utilities\\STM32F429i-Discovery\\stm32f429i_discovery_sdram.c 0x00000000   Number         0  stm32f429i_discovery_sdram.o ABSOLUTE
    ..\\main.c                               0x00000000   Number         0  main.o ABSOLUTE
    ..\\stm32f4xx_it.c                       0x00000000   Number         0  stm32f4xx_it.o ABSOLUTE
    ..\\system_stm32f4xx.c                   0x00000000   Number         0  system_stm32f4xx.o ABSOLUTE
    ..\main.c                                0x00000000   Number         0  main.o ABSOLUTE
    ..\stm32f4xx_it.c                        0x00000000   Number         0  stm32f4xx_it.o ABSOLUTE
    ..\system_stm32f4xx.c                    0x00000000   Number         0  system_stm32f4xx.o ABSOLUTE
    cdrcmple.s                               0x00000000   Number         0  cdrcmple.o ABSOLUTE
    dc.s                                     0x00000000   Number         0  dc.o ABSOLUTE
    handlers.s                               0x00000000   Number         0  handlers.o ABSOLUTE
    init.s                                   0x00000000   Number         0  init.o ABSOLUTE
    RESET                                    0x08000000   Section      428  startup_stm32f429_439xx.o(RESET)
    .ARM.Collect$$$$00000000                 0x080001ac   Section        0  entry.o(.ARM.Collect$$$$00000000)
    .ARM.Collect$$$$00000001                 0x080001ac   Section        4  entry2.o(.ARM.Collect$$$$00000001)
    .ARM.Collect$$$$00000004                 0x080001b0   Section        4  entry5.o(.ARM.Collect$$$$00000004)
    .ARM.Collect$$$$00000008                 0x080001b4   Section        0  entry7b.o(.ARM.Collect$$$$00000008)
    .ARM.Collect$$$$0000000A                 0x080001b4   Section        0  entry8b.o(.ARM.Collect$$$$0000000A)
    .ARM.Collect$$$$0000000B                 0x080001b4   Section        8  entry9a.o(.ARM.Collect$$$$0000000B)
    .ARM.Collect$$$$0000000D                 0x080001bc   Section        0  entry10a.o(.ARM.Collect$$$$0000000D)
    .ARM.Collect$$$$0000000F                 0x080001bc   Section        0  entry11a.o(.ARM.Collect$$$$0000000F)
    .ARM.Collect$$$$00002712                 0x080001bc   Section        4  entry2.o(.ARM.Collect$$$$00002712)
    __lit__00000000                          0x080001bc   Data           4  entry2.o(.ARM.Collect$$$$00002712)
    .text                                    0x080001c0   Section       36  startup_stm32f429_439xx.o(.text)
    $v0                                      0x080001c0   Number         0  startup_stm32f429_439xx.o(.text)
    .text                                    0x080001e4   Section        0  memseta.o(.text)
    .text                                    0x08000208   Section        0  strlen.o(.text)
    .text                                    0x08000216   Section        0  strcmp.o(.text)
    .text                                    0x08000232   Section        0  f2d.o(.text)
    .text                                    0x08000258   Section        0  uidiv.o(.text)
    .text                                    0x08000284   Section        0  uldiv.o(.text)
    .text                                    0x080002e6   Section        0  dadd.o(.text)
    .text                                    0x080002e6   Section        0  iusefp.o(.text)
    .text                                    0x08000434   Section        0  dmul.o(.text)
    .text                                    0x08000518   Section        0  ddiv.o(.text)
    .text                                    0x080005f6   Section        0  dfixul.o(.text)
    .text                                    0x08000628   Section       48  cdrcmple.o(.text)
    .text                                    0x08000658   Section       36  init.o(.text)
    .text                                    0x0800067c   Section        0  llshl.o(.text)
    .text                                    0x0800069a   Section        0  llushr.o(.text)
    .text                                    0x080006ba   Section        0  llsshr.o(.text)
    .text                                    0x080006de   Section        0  depilogue.o(.text)
    i.BusFault_Handler                       0x08000798   Section        0  stm32f4xx_it.o(i.BusFault_Handler)
    i.Control_Motor                          0x0800079c   Section        0  main.o(i.Control_Motor)
    i.Control_Window                         0x08000874   Section        0  main.o(i.Control_Window)
    i.DebugMon_Handler                       0x08000900   Section        0  stm32f4xx_it.o(i.DebugMon_Handler)
    i.Delay                                  0x08000904   Section        0  main.o(i.Delay)
    i.GPIO_Init                              0x08000920   Section        0  stm32f4xx_gpio.o(i.GPIO_Init)
    i.GPIO_PinAFConfig                       0x080009c2   Section        0  stm32f4xx_gpio.o(i.GPIO_PinAFConfig)
    i.Get_PM                                 0x080009e4   Section        0  main.o(i.Get_PM)
    i.HardFault_Handler                      0x08000b5c   Section        0  stm32f4xx_it.o(i.HardFault_Handler)
    i.MemManage_Handler                      0x08000b5e   Section        0  stm32f4xx_it.o(i.MemManage_Handler)
    i.NMI_Handler                            0x08000b60   Section        0  stm32f4xx_it.o(i.NMI_Handler)
    i.NVIC_Init                              0x08000b64   Section        0  misc.o(i.NVIC_Init)
    i.PendSV_Handler                         0x08000bc8   Section        0  stm32f4xx_it.o(i.PendSV_Handler)
    i.RCC_AHB1PeriphClockCmd                 0x08000bcc   Section        0  stm32f4xx_rcc.o(i.RCC_AHB1PeriphClockCmd)
    i.RCC_APB1PeriphClockCmd                 0x08000be4   Section        0  stm32f4xx_rcc.o(i.RCC_APB1PeriphClockCmd)
    i.RCC_APB2PeriphClockCmd                 0x08000bfc   Section        0  stm32f4xx_rcc.o(i.RCC_APB2PeriphClockCmd)
    i.RCC_GetClocksFreq                      0x08000c14   Section        0  stm32f4xx_rcc.o(i.RCC_GetClocksFreq)
    i.RCC_TIMCLKPresConfig                   0x08000ca4   Section        0  stm32f4xx_rcc.o(i.RCC_TIMCLKPresConfig)
    i.SVC_Handler                            0x08000cb0   Section        0  stm32f4xx_it.o(i.SVC_Handler)
    i.SetPWM                                 0x08000cb4   Section        0  main.o(i.SetPWM)
    i.SetSysClock                            0x08000cfc   Section        0  system_stm32f4xx.o(i.SetSysClock)
    SetSysClock                              0x08000cfd   Thumb Code   164  system_stm32f4xx.o(i.SetSysClock)
    i.SysTick_Handler                        0x08000db0   Section        0  stm32f4xx_it.o(i.SysTick_Handler)
    i.SystemInit                             0x08000db4   Section        0  system_stm32f4xx.o(i.SystemInit)
    i.TI1_Config                             0x08000e10   Section        0  stm32f4xx_tim.o(i.TI1_Config)
    TI1_Config                               0x08000e11   Thumb Code    46  stm32f4xx_tim.o(i.TI1_Config)
    i.TI2_Config                             0x08000e3e   Section        0  stm32f4xx_tim.o(i.TI2_Config)
    TI2_Config                               0x08000e3f   Thumb Code    54  stm32f4xx_tim.o(i.TI2_Config)
    i.TIM2_Config                            0x08000e74   Section        0  main.o(i.TIM2_Config)
    TIM2_Config                              0x08000e75   Thumb Code   160  main.o(i.TIM2_Config)
    i.TIM2_IRQHandler                        0x08000f14   Section        0  stm32f4xx_it.o(i.TIM2_IRQHandler)
    i.TIM3_Config                            0x08000f60   Section        0  main.o(i.TIM3_Config)
    TIM3_Config                              0x08000f61   Thumb Code   108  main.o(i.TIM3_Config)
    i.TIM3_IRQHandler                        0x08000fd0   Section        0  stm32f4xx_it.o(i.TIM3_IRQHandler)
    i.TIM4_Config                            0x08001004   Section        0  main.o(i.TIM4_Config)
    TIM4_Config                              0x08001005   Thumb Code   160  main.o(i.TIM4_Config)
    i.TIM4_IRQHandler                        0x080010a8   Section        0  stm32f4xx_it.o(i.TIM4_IRQHandler)
    i.TIM_ARRPreloadConfig                   0x08001104   Section        0  stm32f4xx_tim.o(i.TIM_ARRPreloadConfig)
    i.TIM_ClearFlag                          0x08001118   Section        0  stm32f4xx_tim.o(i.TIM_ClearFlag)
    i.TIM_ClearITPendingBit                  0x0800111e   Section        0  stm32f4xx_tim.o(i.TIM_ClearITPendingBit)
    i.TIM_Cmd                                0x08001124   Section        0  stm32f4xx_tim.o(i.TIM_Cmd)
    i.TIM_GetCapture2                        0x08001138   Section        0  stm32f4xx_tim.o(i.TIM_GetCapture2)
    i.TIM_ICInit                             0x0800113c   Section        0  stm32f4xx_tim.o(i.TIM_ICInit)
    i.TIM_ITConfig                           0x080011e8   Section        0  stm32f4xx_tim.o(i.TIM_ITConfig)
    i.TIM_InternalClockConfig                0x080011f8   Section        0  stm32f4xx_tim.o(i.TIM_InternalClockConfig)
    i.TIM_OC1Init                            0x08001204   Section        0  stm32f4xx_tim.o(i.TIM_OC1Init)
    i.TIM_OC1PreloadConfig                   0x08001264   Section        0  stm32f4xx_tim.o(i.TIM_OC1PreloadConfig)
    i.TIM_PWMIConfig                         0x08001270   Section        0  stm32f4xx_tim.o(i.TIM_PWMIConfig)
    i.TIM_SelectInputTrigger                 0x080012dc   Section        0  stm32f4xx_tim.o(i.TIM_SelectInputTrigger)
    i.TIM_SelectMasterSlaveMode              0x080012e8   Section        0  stm32f4xx_tim.o(i.TIM_SelectMasterSlaveMode)
    i.TIM_SelectSlaveMode                    0x080012f8   Section        0  stm32f4xx_tim.o(i.TIM_SelectSlaveMode)
    i.TIM_SetIC1Prescaler                    0x08001308   Section        0  stm32f4xx_tim.o(i.TIM_SetIC1Prescaler)
    i.TIM_SetIC2Prescaler                    0x08001318   Section        0  stm32f4xx_tim.o(i.TIM_SetIC2Prescaler)
    i.TIM_SetIC3Prescaler                    0x08001330   Section        0  stm32f4xx_tim.o(i.TIM_SetIC3Prescaler)
    i.TIM_SetIC4Prescaler                    0x08001340   Section        0  stm32f4xx_tim.o(i.TIM_SetIC4Prescaler)
    i.TIM_TimeBaseInit                       0x08001358   Section        0  stm32f4xx_tim.o(i.TIM_TimeBaseInit)
    i.USART3_Config                          0x080013d4   Section        0  main.o(i.USART3_Config)
    USART3_Config                            0x080013d5   Thumb Code   122  main.o(i.USART3_Config)
    i.USART3_IRQHandler                      0x08001458   Section        0  stm32f4xx_it.o(i.USART3_IRQHandler)
    i.USART3_Send                            0x080014c8   Section        0  main.o(i.USART3_Send)
    i.USART_Cmd                              0x080014f0   Section        0  stm32f4xx_usart.o(i.USART_Cmd)
    i.USART_GetFlagStatus                    0x08001504   Section        0  stm32f4xx_usart.o(i.USART_GetFlagStatus)
    i.USART_GetITStatus                      0x08001512   Section        0  stm32f4xx_usart.o(i.USART_GetITStatus)
    i.USART_ITConfig                         0x08001550   Section        0  stm32f4xx_usart.o(i.USART_ITConfig)
    i.USART_Init                             0x08001580   Section        0  stm32f4xx_usart.o(i.USART_Init)
    i.USART_ReceiveData                      0x0800162c   Section        0  stm32f4xx_usart.o(i.USART_ReceiveData)
    i.USART_SendData                         0x08001634   Section        0  stm32f4xx_usart.o(i.USART_SendData)
    i.UsageFault_Handler                     0x0800163c   Section        0  stm32f4xx_it.o(i.UsageFault_Handler)
    i.__0sprintf                             0x08001640   Section        0  printfa.o(i.__0sprintf)
    i.__scatterload_copy                     0x08001668   Section       14  handlers.o(i.__scatterload_copy)
    i.__scatterload_null                     0x08001676   Section        2  handlers.o(i.__scatterload_null)
    i.__scatterload_zeroinit                 0x08001678   Section       14  handlers.o(i.__scatterload_zeroinit)
    i._fp_digits                             0x08001688   Section        0  printfa.o(i._fp_digits)
    _fp_digits                               0x08001689   Thumb Code   334  printfa.o(i._fp_digits)
    i._printf_core                           0x080017ec   Section        0  printfa.o(i._printf_core)
    _printf_core                             0x080017ed   Thumb Code  1744  printfa.o(i._printf_core)
    i._printf_post_padding                   0x08001ec8   Section        0  printfa.o(i._printf_post_padding)
    _printf_post_padding                     0x08001ec9   Thumb Code    36  printfa.o(i._printf_post_padding)
    i._printf_pre_padding                    0x08001eec   Section        0  printfa.o(i._printf_pre_padding)
    _printf_pre_padding                      0x08001eed   Thumb Code    46  printfa.o(i._printf_pre_padding)
    i._sputc                                 0x08001f1a   Section        0  printfa.o(i._sputc)
    _sputc                                   0x08001f1b   Thumb Code    10  printfa.o(i._sputc)
    i.main                                   0x08001f24   Section        0  main.o(i.main)
    .data                                    0x20000000   Section       16  stm32f4xx_rcc.o(.data)
    APBAHBPrescTable                         0x20000000   Data          16  stm32f4xx_rcc.o(.data)
    .data                                    0x20000010   Section       56  main.o(.data)
    .data                                    0x20000048   Section        4  main.o(.data)
    .data                                    0x2000004c   Section        4  main.o(.data)
    .data                                    0x20000050   Section        4  main.o(.data)
    .data                                    0x20000054   Section        4  main.o(.data)
    .bss                                     0x20000058   Section      100  main.o(.bss)
    .bss                                     0x200000bc   Section      216  main.o(.bss)
    STACK                                    0x20000198   Section     1024  startup_stm32f429_439xx.o(STACK)

    Global Symbols

    Symbol Name                              Value     Ov Type        Size  Object(Section)

    BuildAttributes$$THM_ISAv4$E$P$D$K$B$S$7EM$VFPi3$EXTD16$VFPS$VFMA$PE$A:L22UL41UL21$X:L11$S22US41US21$IEEE1$IW$USESV6$~STKCKD$USESV7$~SHL$OSPACE$ROPI$EBA8$MICROLIB$REQ8$PRES8$EABIv2 0x00000000   Number         0  anon$$obj.o ABSOLUTE
    __ARM_use_no_argv                        0x00000000   Number         0  main.o ABSOLUTE
    _printf_a                                0x00000000   Number         0  stubs.o ABSOLUTE
    _printf_c                                0x00000000   Number         0  stubs.o ABSOLUTE
    _printf_charcount                        0x00000000   Number         0  stubs.o ABSOLUTE
    _printf_d                                0x00000000   Number         0  stubs.o ABSOLUTE
    _printf_e                                0x00000000   Number         0  stubs.o ABSOLUTE
    _printf_f                                0x00000000   Number         0  stubs.o ABSOLUTE
    _printf_flags                            0x00000000   Number         0  stubs.o ABSOLUTE
    _printf_fp_dec                           0x00000000   Number         0  stubs.o ABSOLUTE
    _printf_fp_hex                           0x00000000   Number         0  stubs.o ABSOLUTE
    _printf_g                                0x00000000   Number         0  stubs.o ABSOLUTE
    _printf_i                                0x00000000   Number         0  stubs.o ABSOLUTE
    _printf_int_dec                          0x00000000   Number         0  stubs.o ABSOLUTE
    _printf_l                                0x00000000   Number         0  stubs.o ABSOLUTE
    _printf_lc                               0x00000000   Number         0  stubs.o ABSOLUTE
    _printf_ll                               0x00000000   Number         0  stubs.o ABSOLUTE
    _printf_lld                              0x00000000   Number         0  stubs.o ABSOLUTE
    _printf_lli                              0x00000000   Number         0  stubs.o ABSOLUTE
    _printf_llo                              0x00000000   Number         0  stubs.o ABSOLUTE
    _printf_llu                              0x00000000   Number         0  stubs.o ABSOLUTE
    _printf_llx                              0x00000000   Number         0  stubs.o ABSOLUTE
    _printf_longlong_dec                     0x00000000   Number         0  stubs.o ABSOLUTE
    _printf_longlong_hex                     0x00000000   Number         0  stubs.o ABSOLUTE
    _printf_longlong_oct                     0x00000000   Number         0  stubs.o ABSOLUTE
    _printf_ls                               0x00000000   Number         0  stubs.o ABSOLUTE
    _printf_mbtowc                           0x00000000   Number         0  stubs.o ABSOLUTE
    _printf_n                                0x00000000   Number         0  stubs.o ABSOLUTE
    _printf_o                                0x00000000   Number         0  stubs.o ABSOLUTE
    _printf_p                                0x00000000   Number         0  stubs.o ABSOLUTE
    _printf_percent                          0x00000000   Number         0  stubs.o ABSOLUTE
    _printf_pre_padding                      0x00000000   Number         0  stubs.o ABSOLUTE
    _printf_return_value                     0x00000000   Number         0  stubs.o ABSOLUTE
    _printf_s                                0x00000000   Number         0  stubs.o ABSOLUTE
    _printf_sizespec                         0x00000000   Number         0  stubs.o ABSOLUTE
    _printf_str                              0x00000000   Number         0  stubs.o ABSOLUTE
    _printf_truncate_signed                  0x00000000   Number         0  stubs.o ABSOLUTE
    _printf_truncate_unsigned                0x00000000   Number         0  stubs.o ABSOLUTE
    _printf_u                                0x00000000   Number         0  stubs.o ABSOLUTE
    _printf_wc                               0x00000000   Number         0  stubs.o ABSOLUTE
    _printf_wctomb                           0x00000000   Number         0  stubs.o ABSOLUTE
    _printf_widthprec                        0x00000000   Number         0  stubs.o ABSOLUTE
    _printf_x                                0x00000000   Number         0  stubs.o ABSOLUTE
    __cpp_initialize__aeabi_                  - Undefined Weak Reference
    __cxa_finalize                            - Undefined Weak Reference
    __decompress                              - Undefined Weak Reference
    _clock_init                               - Undefined Weak Reference
    _microlib_exit                            - Undefined Weak Reference
    __Vectors_Size                           0x000001ac   Number         0  startup_stm32f429_439xx.o ABSOLUTE
    __Vectors                                0x08000000   Data           4  startup_stm32f429_439xx.o(RESET)
    __Vectors_End                            0x080001ac   Data           0  startup_stm32f429_439xx.o(RESET)
    __main                                   0x080001ad   Thumb Code     0  entry.o(.ARM.Collect$$$$00000000)
    _main_stk                                0x080001ad   Thumb Code     0  entry2.o(.ARM.Collect$$$$00000001)
    _main_scatterload                        0x080001b1   Thumb Code     0  entry5.o(.ARM.Collect$$$$00000004)
    __main_after_scatterload                 0x080001b5   Thumb Code     0  entry5.o(.ARM.Collect$$$$00000004)
    _main_clock                              0x080001b5   Thumb Code     0  entry7b.o(.ARM.Collect$$$$00000008)
    _main_cpp_init                           0x080001b5   Thumb Code     0  entry8b.o(.ARM.Collect$$$$0000000A)
    _main_init                               0x080001b5   Thumb Code     0  entry9a.o(.ARM.Collect$$$$0000000B)
    __rt_final_cpp                           0x080001bd   Thumb Code     0  entry10a.o(.ARM.Collect$$$$0000000D)
    __rt_final_exit                          0x080001bd   Thumb Code     0  entry11a.o(.ARM.Collect$$$$0000000F)
    Reset_Handler                            0x080001c1   Thumb Code     8  startup_stm32f429_439xx.o(.text)
    ADC_IRQHandler                           0x080001db   Thumb Code     0  startup_stm32f429_439xx.o(.text)
    CAN1_RX0_IRQHandler                      0x080001db   Thumb Code     0  startup_stm32f429_439xx.o(.text)
    CAN1_RX1_IRQHandler                      0x080001db   Thumb Code     0  startup_stm32f429_439xx.o(.text)
    CAN1_SCE_IRQHandler                      0x080001db   Thumb Code     0  startup_stm32f429_439xx.o(.text)
    CAN1_TX_IRQHandler                       0x080001db   Thumb Code     0  startup_stm32f429_439xx.o(.text)
    CAN2_RX0_IRQHandler                      0x080001db   Thumb Code     0  startup_stm32f429_439xx.o(.text)
    CAN2_RX1_IRQHandler                      0x080001db   Thumb Code     0  startup_stm32f429_439xx.o(.text)
    CAN2_SCE_IRQHandler                      0x080001db   Thumb Code     0  startup_stm32f429_439xx.o(.text)
    CAN2_TX_IRQHandler                       0x080001db   Thumb Code     0  startup_stm32f429_439xx.o(.text)
    CRYP_IRQHandler                          0x080001db   Thumb Code     0  startup_stm32f429_439xx.o(.text)
    DCMI_IRQHandler                          0x080001db   Thumb Code     0  startup_stm32f429_439xx.o(.text)
    DMA1_Stream0_IRQHandler                  0x080001db   Thumb Code     0  startup_stm32f429_439xx.o(.text)
    DMA1_Stream1_IRQHandler                  0x080001db   Thumb Code     0  startup_stm32f429_439xx.o(.text)
    DMA1_Stream2_IRQHandler                  0x080001db   Thumb Code     0  startup_stm32f429_439xx.o(.text)
    DMA1_Stream3_IRQHandler                  0x080001db   Thumb Code     0  startup_stm32f429_439xx.o(.text)
    DMA1_Stream4_IRQHandler                  0x080001db   Thumb Code     0  startup_stm32f429_439xx.o(.text)
    DMA1_Stream5_IRQHandler                  0x080001db   Thumb Code     0  startup_stm32f429_439xx.o(.text)
    DMA1_Stream6_IRQHandler                  0x080001db   Thumb Code     0  startup_stm32f429_439xx.o(.text)
    DMA1_Stream7_IRQHandler                  0x080001db   Thumb Code     0  startup_stm32f429_439xx.o(.text)
    DMA2D_IRQHandler                         0x080001db   Thumb Code     0  startup_stm32f429_439xx.o(.text)
    DMA2_Stream0_IRQHandler                  0x080001db   Thumb Code     0  startup_stm32f429_439xx.o(.text)
    DMA2_Stream1_IRQHandler                  0x080001db   Thumb Code     0  startup_stm32f429_439xx.o(.text)
    DMA2_Stream2_IRQHandler                  0x080001db   Thumb Code     0  startup_stm32f429_439xx.o(.text)
    DMA2_Stream3_IRQHandler                  0x080001db   Thumb Code     0  startup_stm32f429_439xx.o(.text)
    DMA2_Stream4_IRQHandler                  0x080001db   Thumb Code     0  startup_stm32f429_439xx.o(.text)
    DMA2_Stream5_IRQHandler                  0x080001db   Thumb Code     0  startup_stm32f429_439xx.o(.text)
    DMA2_Stream6_IRQHandler                  0x080001db   Thumb Code     0  startup_stm32f429_439xx.o(.text)
    DMA2_Stream7_IRQHandler                  0x080001db   Thumb Code     0  startup_stm32f429_439xx.o(.text)
    ETH_IRQHandler                           0x080001db   Thumb Code     0  startup_stm32f429_439xx.o(.text)
    ETH_WKUP_IRQHandler                      0x080001db   Thumb Code     0  startup_stm32f429_439xx.o(.text)
    EXTI0_IRQHandler                         0x080001db   Thumb Code     0  startup_stm32f429_439xx.o(.text)
    EXTI15_10_IRQHandler                     0x080001db   Thumb Code     0  startup_stm32f429_439xx.o(.text)
    EXTI1_IRQHandler                         0x080001db   Thumb Code     0  startup_stm32f429_439xx.o(.text)
    EXTI2_IRQHandler                         0x080001db   Thumb Code     0  startup_stm32f429_439xx.o(.text)
    EXTI3_IRQHandler                         0x080001db   Thumb Code     0  startup_stm32f429_439xx.o(.text)
    EXTI4_IRQHandler                         0x080001db   Thumb Code     0  startup_stm32f429_439xx.o(.text)
    EXTI9_5_IRQHandler                       0x080001db   Thumb Code     0  startup_stm32f429_439xx.o(.text)
    FLASH_IRQHandler                         0x080001db   Thumb Code     0  startup_stm32f429_439xx.o(.text)
    FMC_IRQHandler                           0x080001db   Thumb Code     0  startup_stm32f429_439xx.o(.text)
    FPU_IRQHandler                           0x080001db   Thumb Code     0  startup_stm32f429_439xx.o(.text)
    HASH_RNG_IRQHandler                      0x080001db   Thumb Code     0  startup_stm32f429_439xx.o(.text)
    I2C1_ER_IRQHandler                       0x080001db   Thumb Code     0  startup_stm32f429_439xx.o(.text)
    I2C1_EV_IRQHandler                       0x080001db   Thumb Code     0  startup_stm32f429_439xx.o(.text)
    I2C2_ER_IRQHandler                       0x080001db   Thumb Code     0  startup_stm32f429_439xx.o(.text)
    I2C2_EV_IRQHandler                       0x080001db   Thumb Code     0  startup_stm32f429_439xx.o(.text)
    I2C3_ER_IRQHandler                       0x080001db   Thumb Code     0  startup_stm32f429_439xx.o(.text)
    I2C3_EV_IRQHandler                       0x080001db   Thumb Code     0  startup_stm32f429_439xx.o(.text)
    LTDC_ER_IRQHandler                       0x080001db   Thumb Code     0  startup_stm32f429_439xx.o(.text)
    LTDC_IRQHandler                          0x080001db   Thumb Code     0  startup_stm32f429_439xx.o(.text)
    OTG_FS_IRQHandler                        0x080001db   Thumb Code     0  startup_stm32f429_439xx.o(.text)
    OTG_FS_WKUP_IRQHandler                   0x080001db   Thumb Code     0  startup_stm32f429_439xx.o(.text)
    OTG_HS_EP1_IN_IRQHandler                 0x080001db   Thumb Code     0  startup_stm32f429_439xx.o(.text)
    OTG_HS_EP1_OUT_IRQHandler                0x080001db   Thumb Code     0  startup_stm32f429_439xx.o(.text)
    OTG_HS_IRQHandler                        0x080001db   Thumb Code     0  startup_stm32f429_439xx.o(.text)
    OTG_HS_WKUP_IRQHandler                   0x080001db   Thumb Code     0  startup_stm32f429_439xx.o(.text)
    PVD_IRQHandler                           0x080001db   Thumb Code     0  startup_stm32f429_439xx.o(.text)
    RCC_IRQHandler                           0x080001db   Thumb Code     0  startup_stm32f429_439xx.o(.text)
    RTC_Alarm_IRQHandler                     0x080001db   Thumb Code     0  startup_stm32f429_439xx.o(.text)
    RTC_WKUP_IRQHandler                      0x080001db   Thumb Code     0  startup_stm32f429_439xx.o(.text)
    SAI1_IRQHandler                          0x080001db   Thumb Code     0  startup_stm32f429_439xx.o(.text)
    SDIO_IRQHandler                          0x080001db   Thumb Code     0  startup_stm32f429_439xx.o(.text)
    SPI1_IRQHandler                          0x080001db   Thumb Code     0  startup_stm32f429_439xx.o(.text)
    SPI2_IRQHandler                          0x080001db   Thumb Code     0  startup_stm32f429_439xx.o(.text)
    SPI3_IRQHandler                          0x080001db   Thumb Code     0  startup_stm32f429_439xx.o(.text)
    SPI4_IRQHandler                          0x080001db   Thumb Code     0  startup_stm32f429_439xx.o(.text)
    SPI5_IRQHandler                          0x080001db   Thumb Code     0  startup_stm32f429_439xx.o(.text)
    SPI6_IRQHandler                          0x080001db   Thumb Code     0  startup_stm32f429_439xx.o(.text)
    TAMP_STAMP_IRQHandler                    0x080001db   Thumb Code     0  startup_stm32f429_439xx.o(.text)
    TIM1_BRK_TIM9_IRQHandler                 0x080001db   Thumb Code     0  startup_stm32f429_439xx.o(.text)
    TIM1_CC_IRQHandler                       0x080001db   Thumb Code     0  startup_stm32f429_439xx.o(.text)
    TIM1_TRG_COM_TIM11_IRQHandler            0x080001db   Thumb Code     0  startup_stm32f429_439xx.o(.text)
    TIM1_UP_TIM10_IRQHandler                 0x080001db   Thumb Code     0  startup_stm32f429_439xx.o(.text)
    TIM5_IRQHandler                          0x080001db   Thumb Code     0  startup_stm32f429_439xx.o(.text)
    TIM6_DAC_IRQHandler                      0x080001db   Thumb Code     0  startup_stm32f429_439xx.o(.text)
    TIM7_IRQHandler                          0x080001db   Thumb Code     0  startup_stm32f429_439xx.o(.text)
    TIM8_BRK_TIM12_IRQHandler                0x080001db   Thumb Code     0  startup_stm32f429_439xx.o(.text)
    TIM8_CC_IRQHandler                       0x080001db   Thumb Code     0  startup_stm32f429_439xx.o(.text)
    TIM8_TRG_COM_TIM14_IRQHandler            0x080001db   Thumb Code     0  startup_stm32f429_439xx.o(.text)
    TIM8_UP_TIM13_IRQHandler                 0x080001db   Thumb Code     0  startup_stm32f429_439xx.o(.text)
    UART4_IRQHandler                         0x080001db   Thumb Code     0  startup_stm32f429_439xx.o(.text)
    UART5_IRQHandler                         0x080001db   Thumb Code     0  startup_stm32f429_439xx.o(.text)
    UART7_IRQHandler                         0x080001db   Thumb Code     0  startup_stm32f429_439xx.o(.text)
    UART8_IRQHandler                         0x080001db   Thumb Code     0  startup_stm32f429_439xx.o(.text)
    USART1_IRQHandler                        0x080001db   Thumb Code     0  startup_stm32f429_439xx.o(.text)
    USART2_IRQHandler                        0x080001db   Thumb Code     0  startup_stm32f429_439xx.o(.text)
    USART6_IRQHandler                        0x080001db   Thumb Code     0  startup_stm32f429_439xx.o(.text)
    WWDG_IRQHandler                          0x080001db   Thumb Code     0  startup_stm32f429_439xx.o(.text)
    __aeabi_memset                           0x080001e5   Thumb Code    14  memseta.o(.text)
    __aeabi_memset4                          0x080001e5   Thumb Code     0  memseta.o(.text)
    __aeabi_memset8                          0x080001e5   Thumb Code     0  memseta.o(.text)
    __aeabi_memclr                           0x080001f3   Thumb Code     4  memseta.o(.text)
    __aeabi_memclr4                          0x080001f3   Thumb Code     0  memseta.o(.text)
    __aeabi_memclr8                          0x080001f3   Thumb Code     0  memseta.o(.text)
    _memset$wrapper                          0x080001f7   Thumb Code    18  memseta.o(.text)
    strlen                                   0x08000209   Thumb Code    14  strlen.o(.text)
    strcmp                                   0x08000217   Thumb Code    28  strcmp.o(.text)
    __aeabi_f2d                              0x08000233   Thumb Code    38  f2d.o(.text)
    __aeabi_uidiv                            0x08000259   Thumb Code     0  uidiv.o(.text)
    __aeabi_uidivmod                         0x08000259   Thumb Code    44  uidiv.o(.text)
    __aeabi_uldivmod                         0x08000285   Thumb Code    98  uldiv.o(.text)
    __I$use$fp                               0x080002e7   Thumb Code     0  iusefp.o(.text)
    __aeabi_dadd                             0x080002e7   Thumb Code   322  dadd.o(.text)
    __aeabi_dsub                             0x08000429   Thumb Code     6  dadd.o(.text)
    __aeabi_drsub                            0x0800042f   Thumb Code     6  dadd.o(.text)
    __aeabi_dmul                             0x08000435   Thumb Code   228  dmul.o(.text)
    __aeabi_ddiv                             0x08000519   Thumb Code   222  ddiv.o(.text)
    __aeabi_d2ulz                            0x080005f7   Thumb Code    48  dfixul.o(.text)
    __aeabi_cdrcmple                         0x08000629   Thumb Code    48  cdrcmple.o(.text)
    __scatterload                            0x08000659   Thumb Code    28  init.o(.text)
    __scatterload_rt2                        0x08000659   Thumb Code     0  init.o(.text)
    __aeabi_llsl                             0x0800067d   Thumb Code    30  llshl.o(.text)
    _ll_shift_l                              0x0800067d   Thumb Code     0  llshl.o(.text)
    __aeabi_llsr                             0x0800069b   Thumb Code    32  llushr.o(.text)
    _ll_ushift_r                             0x0800069b   Thumb Code     0  llushr.o(.text)
    __aeabi_lasr                             0x080006bb   Thumb Code    36  llsshr.o(.text)
    _ll_sshift_r                             0x080006bb   Thumb Code     0  llsshr.o(.text)
    _double_round                            0x080006df   Thumb Code    30  depilogue.o(.text)
    _double_epilogue                         0x080006fd   Thumb Code   156  depilogue.o(.text)
    BusFault_Handler                         0x08000799   Thumb Code     2  stm32f4xx_it.o(i.BusFault_Handler)
    Control_Motor                            0x0800079d   Thumb Code   102  main.o(i.Control_Motor)
    Control_Window                           0x08000875   Thumb Code   136  main.o(i.Control_Window)
    DebugMon_Handler                         0x08000901   Thumb Code     2  stm32f4xx_it.o(i.DebugMon_Handler)
    Delay                                    0x08000905   Thumb Code    18  main.o(i.Delay)
    GPIO_Init                                0x08000921   Thumb Code   162  stm32f4xx_gpio.o(i.GPIO_Init)
    GPIO_PinAFConfig                         0x080009c3   Thumb Code    32  stm32f4xx_gpio.o(i.GPIO_PinAFConfig)
    Get_PM                                   0x080009e5   Thumb Code   292  main.o(i.Get_PM)
    HardFault_Handler                        0x08000b5d   Thumb Code     2  stm32f4xx_it.o(i.HardFault_Handler)
    MemManage_Handler                        0x08000b5f   Thumb Code     2  stm32f4xx_it.o(i.MemManage_Handler)
    NMI_Handler                              0x08000b61   Thumb Code     2  stm32f4xx_it.o(i.NMI_Handler)
    NVIC_Init                                0x08000b65   Thumb Code    96  misc.o(i.NVIC_Init)
    PendSV_Handler                           0x08000bc9   Thumb Code     2  stm32f4xx_it.o(i.PendSV_Handler)
    RCC_AHB1PeriphClockCmd                   0x08000bcd   Thumb Code    18  stm32f4xx_rcc.o(i.RCC_AHB1PeriphClockCmd)
    RCC_APB1PeriphClockCmd                   0x08000be5   Thumb Code    18  stm32f4xx_rcc.o(i.RCC_APB1PeriphClockCmd)
    RCC_APB2PeriphClockCmd                   0x08000bfd   Thumb Code    18  stm32f4xx_rcc.o(i.RCC_APB2PeriphClockCmd)
    RCC_GetClocksFreq                        0x08000c15   Thumb Code   132  stm32f4xx_rcc.o(i.RCC_GetClocksFreq)
    RCC_TIMCLKPresConfig                     0x08000ca5   Thumb Code     8  stm32f4xx_rcc.o(i.RCC_TIMCLKPresConfig)
    SVC_Handler                              0x08000cb1   Thumb Code     2  stm32f4xx_it.o(i.SVC_Handler)
    SetPWM                                   0x08000cb5   Thumb Code    66  main.o(i.SetPWM)
    SysTick_Handler                          0x08000db1   Thumb Code     2  stm32f4xx_it.o(i.SysTick_Handler)
    SystemInit                               0x08000db5   Thumb Code    74  system_stm32f4xx.o(i.SystemInit)
    TIM2_IRQHandler                          0x08000f15   Thumb Code    64  stm32f4xx_it.o(i.TIM2_IRQHandler)
    TIM3_IRQHandler                          0x08000fd1   Thumb Code    44  stm32f4xx_it.o(i.TIM3_IRQHandler)
    TIM4_IRQHandler                          0x080010a9   Thumb Code    70  stm32f4xx_it.o(i.TIM4_IRQHandler)
    TIM_ARRPreloadConfig                     0x08001105   Thumb Code    20  stm32f4xx_tim.o(i.TIM_ARRPreloadConfig)
    TIM_ClearFlag                            0x08001119   Thumb Code     6  stm32f4xx_tim.o(i.TIM_ClearFlag)
    TIM_ClearITPendingBit                    0x0800111f   Thumb Code     6  stm32f4xx_tim.o(i.TIM_ClearITPendingBit)
    TIM_Cmd                                  0x08001125   Thumb Code    20  stm32f4xx_tim.o(i.TIM_Cmd)
    TIM_GetCapture2                          0x08001139   Thumb Code     4  stm32f4xx_tim.o(i.TIM_GetCapture2)
    TIM_ICInit                               0x0800113d   Thumb Code   172  stm32f4xx_tim.o(i.TIM_ICInit)
    TIM_ITConfig                             0x080011e9   Thumb Code    16  stm32f4xx_tim.o(i.TIM_ITConfig)
    TIM_InternalClockConfig                  0x080011f9   Thumb Code    10  stm32f4xx_tim.o(i.TIM_InternalClockConfig)
    TIM_OC1Init                              0x08001205   Thumb Code    88  stm32f4xx_tim.o(i.TIM_OC1Init)
    TIM_OC1PreloadConfig                     0x08001265   Thumb Code    12  stm32f4xx_tim.o(i.TIM_OC1PreloadConfig)
    TIM_PWMIConfig                           0x08001271   Thumb Code   108  stm32f4xx_tim.o(i.TIM_PWMIConfig)
    TIM_SelectInputTrigger                   0x080012dd   Thumb Code    12  stm32f4xx_tim.o(i.TIM_SelectInputTrigger)
    TIM_SelectMasterSlaveMode                0x080012e9   Thumb Code    16  stm32f4xx_tim.o(i.TIM_SelectMasterSlaveMode)
    TIM_SelectSlaveMode                      0x080012f9   Thumb Code    16  stm32f4xx_tim.o(i.TIM_SelectSlaveMode)
    TIM_SetIC1Prescaler                      0x08001309   Thumb Code    16  stm32f4xx_tim.o(i.TIM_SetIC1Prescaler)
    TIM_SetIC2Prescaler                      0x08001319   Thumb Code    24  stm32f4xx_tim.o(i.TIM_SetIC2Prescaler)
    TIM_SetIC3Prescaler                      0x08001331   Thumb Code    16  stm32f4xx_tim.o(i.TIM_SetIC3Prescaler)
    TIM_SetIC4Prescaler                      0x08001341   Thumb Code    24  stm32f4xx_tim.o(i.TIM_SetIC4Prescaler)
    TIM_TimeBaseInit                         0x08001359   Thumb Code    96  stm32f4xx_tim.o(i.TIM_TimeBaseInit)
    USART3_IRQHandler                        0x08001459   Thumb Code    86  stm32f4xx_it.o(i.USART3_IRQHandler)
    USART3_Send                              0x080014c9   Thumb Code    36  main.o(i.USART3_Send)
    USART_Cmd                                0x080014f1   Thumb Code    20  stm32f4xx_usart.o(i.USART_Cmd)
    USART_GetFlagStatus                      0x08001505   Thumb Code    14  stm32f4xx_usart.o(i.USART_GetFlagStatus)
    USART_GetITStatus                        0x08001513   Thumb Code    62  stm32f4xx_usart.o(i.USART_GetITStatus)
    USART_ITConfig                           0x08001551   Thumb Code    48  stm32f4xx_usart.o(i.USART_ITConfig)
    USART_Init                               0x08001581   Thumb Code   164  stm32f4xx_usart.o(i.USART_Init)
    USART_ReceiveData                        0x0800162d   Thumb Code     8  stm32f4xx_usart.o(i.USART_ReceiveData)
    USART_SendData                           0x08001635   Thumb Code     8  stm32f4xx_usart.o(i.USART_SendData)
    UsageFault_Handler                       0x0800163d   Thumb Code     2  stm32f4xx_it.o(i.UsageFault_Handler)
    __0sprintf                               0x08001641   Thumb Code    34  printfa.o(i.__0sprintf)
    __1sprintf                               0x08001641   Thumb Code     0  printfa.o(i.__0sprintf)
    __2sprintf                               0x08001641   Thumb Code     0  printfa.o(i.__0sprintf)
    __c89sprintf                             0x08001641   Thumb Code     0  printfa.o(i.__0sprintf)
    sprintf                                  0x08001641   Thumb Code     0  printfa.o(i.__0sprintf)
    __scatterload_copy                       0x08001669   Thumb Code    14  handlers.o(i.__scatterload_copy)
    __scatterload_null                       0x08001677   Thumb Code     2  handlers.o(i.__scatterload_null)
    __scatterload_zeroinit                   0x08001679   Thumb Code    14  handlers.o(i.__scatterload_zeroinit)
    main                                     0x08001f25   Thumb Code   356  main.o(i.main)
    Region$$Table$$Base                      0x080020cc   Number         0  anon$$obj.o(Region$$Table)
    Region$$Table$$Limit                     0x080020ec   Number         0  anon$$obj.o(Region$$Table)
    window_con                               0x20000010   Data           1  main.o(.data)
    lock                                     0x20000011   Data           1  main.o(.data)
    shut                                     0x20000012   Data           1  main.o(.data)
    temp1                                    0x20000014   Data           4  main.o(.data)
    LowLevel_Time1                           0x20000018   Data           4  main.o(.data)
    temp2                                    0x2000001c   Data           4  main.o(.data)
    LowLevel_Time2                           0x20000020   Data           4  main.o(.data)
    DutyCycle                                0x20000024   Data           4  main.o(.data)
    LowLevel_Time                            0x20000028   Data           4  main.o(.data)
    x                                        0x2000002c   Data           4  main.o(.data)
    i                                        0x20000030   Data           4  main.o(.data)
    k                                        0x20000034   Data           4  main.o(.data)
    q                                        0x20000038   Data           4  main.o(.data)
    ready                                    0x2000003c   Data           4  main.o(.data)
    window_pos                               0x20000040   Data           4  main.o(.data)
    window_tar                               0x20000044   Data           4  main.o(.data)
    t2                                       0x20000048   Data           4  main.o(.data)
    t4                                       0x2000004c   Data           4  main.o(.data)
    y                                        0x20000050   Data           4  main.o(.data)
    z                                        0x20000054   Data           4  main.o(.data)
    buff                                     0x20000058   Data         100  main.o(.bss)
    te                                       0x200000bc   Data         100  main.o(.bss)
    m                                        0x20000120   Data         100  main.o(.bss)
    times                                    0x20000184   Data          16  main.o(.bss)
    __initial_sp                             0x20000598   Data           0  startup_stm32f429_439xx.o(STACK)



==============================================================================

Memory Map of the image

  Image Entry point : 0x080001ad

  Load Region LR_IROM1 (Base: 0x08000000, Size: 0x00002144, Max: 0x00200000, ABSOLUTE)

    Execution Region ER_IROM1 (Base: 0x08000000, Size: 0x000020ec, Max: 0x00200000, ABSOLUTE)

    Base Addr    Size         Type   Attr      Idx    E Section Name        Object

    0x08000000   0x000001ac   Data   RO            3    RESET               startup_stm32f429_439xx.o
    0x080001ac   0x00000000   Code   RO         3629  * .ARM.Collect$$$$00000000  mc_w.l(entry.o)
    0x080001ac   0x00000004   Code   RO         3901    .ARM.Collect$$$$00000001  mc_w.l(entry2.o)
    0x080001b0   0x00000004   Code   RO         3904    .ARM.Collect$$$$00000004  mc_w.l(entry5.o)
    0x080001b4   0x00000000   Code   RO         3906    .ARM.Collect$$$$00000008  mc_w.l(entry7b.o)
    0x080001b4   0x00000000   Code   RO         3908    .ARM.Collect$$$$0000000A  mc_w.l(entry8b.o)
    0x080001b4   0x00000008   Code   RO         3909    .ARM.Collect$$$$0000000B  mc_w.l(entry9a.o)
    0x080001bc   0x00000000   Code   RO         3911    .ARM.Collect$$$$0000000D  mc_w.l(entry10a.o)
    0x080001bc   0x00000000   Code   RO         3913    .ARM.Collect$$$$0000000F  mc_w.l(entry11a.o)
    0x080001bc   0x00000004   Code   RO         3902    .ARM.Collect$$$$00002712  mc_w.l(entry2.o)
    0x080001c0   0x00000024   Code   RO            4    .text               startup_stm32f429_439xx.o
    0x080001e4   0x00000024   Code   RO         3632    .text               mc_w.l(memseta.o)
    0x08000208   0x0000000e   Code   RO         3634    .text               mc_w.l(strlen.o)
    0x08000216   0x0000001c   Code   RO         3636    .text               mc_w.l(strcmp.o)
    0x08000232   0x00000026   Code   RO         3899    .text               mf_w.l(f2d.o)
    0x08000258   0x0000002c   Code   RO         3918    .text               mc_w.l(uidiv.o)
    0x08000284   0x00000062   Code   RO         3920    .text               mc_w.l(uldiv.o)
    0x080002e6   0x00000000   Code   RO         3922    .text               mc_w.l(iusefp.o)
    0x080002e6   0x0000014e   Code   RO         3923    .text               mf_w.l(dadd.o)
    0x08000434   0x000000e4   Code   RO         3925    .text               mf_w.l(dmul.o)
    0x08000518   0x000000de   Code   RO         3927    .text               mf_w.l(ddiv.o)
    0x080005f6   0x00000030   Code   RO         3929    .text               mf_w.l(dfixul.o)
    0x08000626   0x00000002   PAD
    0x08000628   0x00000030   Code   RO         3931    .text               mf_w.l(cdrcmple.o)
    0x08000658   0x00000024   Code   RO         3933    .text               mc_w.l(init.o)
    0x0800067c   0x0000001e   Code   RO         3936    .text               mc_w.l(llshl.o)
    0x0800069a   0x00000020   Code   RO         3938    .text               mc_w.l(llushr.o)
    0x080006ba   0x00000024   Code   RO         3940    .text               mc_w.l(llsshr.o)
    0x080006de   0x000000ba   Code   RO         3943    .text               mf_w.l(depilogue.o)
    0x08000798   0x00000002   Code   RO         3492    i.BusFault_Handler  stm32f4xx_it.o
    0x0800079a   0x00000002   PAD
    0x0800079c   0x000000d8   Code   RO         3370    i.Control_Motor     main.o
    0x08000874   0x0000008c   Code   RO         3371    i.Control_Window    main.o
    0x08000900   0x00000002   Code   RO         3493    i.DebugMon_Handler  stm32f4xx_it.o
    0x08000902   0x00000002   PAD
    0x08000904   0x0000001c   Code   RO         3372    i.Delay             main.o
    0x08000920   0x000000a2   Code   RO          896    i.GPIO_Init         stm32f4xx_gpio.o
    0x080009c2   0x00000020   Code   RO          897    i.GPIO_PinAFConfig  stm32f4xx_gpio.o
    0x080009e2   0x00000002   PAD
    0x080009e4   0x00000178   Code   RO         3373    i.Get_PM            main.o
    0x08000b5c   0x00000002   Code   RO         3494    i.HardFault_Handler  stm32f4xx_it.o
    0x08000b5e   0x00000002   Code   RO         3495    i.MemManage_Handler  stm32f4xx_it.o
    0x08000b60   0x00000002   Code   RO         3496    i.NMI_Handler       stm32f4xx_it.o
    0x08000b62   0x00000002   PAD
    0x08000b64   0x00000064   Code   RO          723    i.NVIC_Init         misc.o
    0x08000bc8   0x00000002   Code   RO         3497    i.PendSV_Handler    stm32f4xx_it.o
    0x08000bca   0x00000002   PAD
    0x08000bcc   0x00000018   Code   RO          993    i.RCC_AHB1PeriphClockCmd  stm32f4xx_rcc.o
    0x08000be4   0x00000018   Code   RO         1002    i.RCC_APB1PeriphClockCmd  stm32f4xx_rcc.o
    0x08000bfc   0x00000018   Code   RO         1005    i.RCC_APB2PeriphClockCmd  stm32f4xx_rcc.o
    0x08000c14   0x00000090   Code   RO         1014    i.RCC_GetClocksFreq  stm32f4xx_rcc.o
    0x08000ca4   0x0000000c   Code   RO         1043    i.RCC_TIMCLKPresConfig  stm32f4xx_rcc.o
    0x08000cb0   0x00000002   Code   RO         3498    i.SVC_Handler       stm32f4xx_it.o
    0x08000cb2   0x00000002   PAD
    0x08000cb4   0x00000048   Code   RO         3374    i.SetPWM            main.o
    0x08000cfc   0x000000b4   Code   RO         3594    i.SetSysClock       system_stm32f4xx.o
    0x08000db0   0x00000002   Code   RO         3499    i.SysTick_Handler   stm32f4xx_it.o
    0x08000db2   0x00000002   PAD
    0x08000db4   0x0000005c   Code   RO         3596    i.SystemInit        system_stm32f4xx.o
    0x08000e10   0x0000002e   Code   RO         2423    i.TI1_Config        stm32f4xx_tim.o
    0x08000e3e   0x00000036   Code   RO         2424    i.TI2_Config        stm32f4xx_tim.o
    0x08000e74   0x000000a0   Code   RO         3375    i.TIM2_Config       main.o
    0x08000f14   0x0000004c   Code   RO         3500    i.TIM2_IRQHandler   stm32f4xx_it.o
    0x08000f60   0x00000070   Code   RO         3376    i.TIM3_Config       main.o
    0x08000fd0   0x00000034   Code   RO         3501    i.TIM3_IRQHandler   stm32f4xx_it.o
    0x08001004   0x000000a4   Code   RO         3377    i.TIM4_Config       main.o
    0x080010a8   0x0000005c   Code   RO         3502    i.TIM4_IRQHandler   stm32f4xx_it.o
    0x08001104   0x00000014   Code   RO         2425    i.TIM_ARRPreloadConfig  stm32f4xx_tim.o
    0x08001118   0x00000006   Code   RO         2431    i.TIM_ClearFlag     stm32f4xx_tim.o
    0x0800111e   0x00000006   Code   RO         2432    i.TIM_ClearITPendingBit  stm32f4xx_tim.o
    0x08001124   0x00000014   Code   RO         2437    i.TIM_Cmd           stm32f4xx_tim.o
    0x08001138   0x00000004   Code   RO         2453    i.TIM_GetCapture2   stm32f4xx_tim.o
    0x0800113c   0x000000ac   Code   RO         2460    i.TIM_ICInit        stm32f4xx_tim.o
    0x080011e8   0x00000010   Code   RO         2462    i.TIM_ITConfig      stm32f4xx_tim.o
    0x080011f8   0x0000000a   Code   RO         2464    i.TIM_InternalClockConfig  stm32f4xx_tim.o
    0x08001202   0x00000002   PAD
    0x08001204   0x00000060   Code   RO         2466    i.TIM_OC1Init       stm32f4xx_tim.o
    0x08001264   0x0000000c   Code   RO         2469    i.TIM_OC1PreloadConfig  stm32f4xx_tim.o
    0x08001270   0x0000006c   Code   RO         2485    i.TIM_PWMIConfig    stm32f4xx_tim.o
    0x080012dc   0x0000000c   Code   RO         2491    i.TIM_SelectInputTrigger  stm32f4xx_tim.o
    0x080012e8   0x00000010   Code   RO         2492    i.TIM_SelectMasterSlaveMode  stm32f4xx_tim.o
    0x080012f8   0x00000010   Code   RO         2496    i.TIM_SelectSlaveMode  stm32f4xx_tim.o
    0x08001308   0x00000010   Code   RO         2504    i.TIM_SetIC1Prescaler  stm32f4xx_tim.o
    0x08001318   0x00000018   Code   RO         2505    i.TIM_SetIC2Prescaler  stm32f4xx_tim.o
    0x08001330   0x00000010   Code   RO         2506    i.TIM_SetIC3Prescaler  stm32f4xx_tim.o
    0x08001340   0x00000018   Code   RO         2507    i.TIM_SetIC4Prescaler  stm32f4xx_tim.o
    0x08001358   0x0000007c   Code   RO         2509    i.TIM_TimeBaseInit  stm32f4xx_tim.o
    0x080013d4   0x00000084   Code   RO         3378    i.USART3_Config     main.o
    0x08001458   0x00000070   Code   RO         3503    i.USART3_IRQHandler  stm32f4xx_it.o
    0x080014c8   0x00000028   Code   RO         3379    i.USART3_Send       main.o
    0x080014f0   0x00000014   Code   RO         1545    i.USART_Cmd         stm32f4xx_usart.o
    0x08001504   0x0000000e   Code   RO         1548    i.USART_GetFlagStatus  stm32f4xx_usart.o
    0x08001512   0x0000003e   Code   RO         1549    i.USART_GetITStatus  stm32f4xx_usart.o
    0x08001550   0x00000030   Code   RO         1551    i.USART_ITConfig    stm32f4xx_usart.o
    0x08001580   0x000000ac   Code   RO         1552    i.USART_Init        stm32f4xx_usart.o
    0x0800162c   0x00000008   Code   RO         1559    i.USART_ReceiveData  stm32f4xx_usart.o
    0x08001634   0x00000008   Code   RO         1562    i.USART_SendData    stm32f4xx_usart.o
    0x0800163c   0x00000002   Code   RO         3504    i.UsageFault_Handler  stm32f4xx_it.o
    0x0800163e   0x00000002   PAD
    0x08001640   0x00000028   Code   RO         3873    i.__0sprintf        mc_w.l(printfa.o)
    0x08001668   0x0000000e   Code   RO         3947    i.__scatterload_copy  mc_w.l(handlers.o)
    0x08001676   0x00000002   Code   RO         3948    i.__scatterload_null  mc_w.l(handlers.o)
    0x08001678   0x0000000e   Code   RO         3949    i.__scatterload_zeroinit  mc_w.l(handlers.o)
    0x08001686   0x00000002   PAD
    0x08001688   0x00000164   Code   RO         3878    i._fp_digits        mc_w.l(printfa.o)
    0x080017ec   0x000006dc   Code   RO         3879    i._printf_core      mc_w.l(printfa.o)
    0x08001ec8   0x00000024   Code   RO         3880    i._printf_post_padding  mc_w.l(printfa.o)
    0x08001eec   0x0000002e   Code   RO         3881    i._printf_pre_padding  mc_w.l(printfa.o)
    0x08001f1a   0x0000000a   Code   RO         3883    i._sputc            mc_w.l(printfa.o)
    0x08001f24   0x000001a8   Code   RO         3380    i.main              main.o
    0x080020cc   0x00000020   Data   RO         3945    Region$$Table       anon$$obj.o


    Execution Region RW_IRAM1 (Base: 0x20000000, Size: 0x00000598, Max: 0x00030000, ABSOLUTE)

    Base Addr    Size         Type   Attr      Idx    E Section Name        Object

    0x20000000   0x00000010   Data   RW         1045    .data               stm32f4xx_rcc.o
    0x20000010   0x00000038   Data   RW         3383    .data               main.o
    0x20000048   0x00000004   Data   RW         3385    .data               main.o
    0x2000004c   0x00000004   Data   RW         3387    .data               main.o
    0x20000050   0x00000004   Data   RW         3388    .data               main.o
    0x20000054   0x00000004   Data   RW         3389    .data               main.o
    0x20000058   0x00000064   Zero   RW         3381    .bss                main.o
    0x200000bc   0x000000d8   Zero   RW         3382    .bss                main.o
    0x20000194   0x00000004   PAD
    0x20000198   0x00000400   Zero   RW            1    STACK               startup_stm32f429_439xx.o


==============================================================================

Image component sizes


      Code (inc. data)   RO Data    RW Data    ZI Data      Debug   Object Name

      1864        308          0         72        316      35690   main.o
       100          4          0          0          0       1240   misc.o
        36          8        428          0       1024       1028   startup_stm32f429_439xx.o
         0          0          0          0          0     288232   stm32f429i_discovery.o
       194          0          0          0          0       2155   stm32f4xx_gpio.o
       350         68          0          0          0       6716   stm32f4xx_it.o
       228         34          0         16          0       6070   stm32f4xx_rcc.o
       818         36          0          0          0      17075   stm32f4xx_tim.o
       332          8          0          0          0       6461   stm32f4xx_usart.o
       272         34          0          0          0       1677   system_stm32f4xx.o

    ----------------------------------------------------------------------
      4212        500        460         88       1344     366344   Object Totals
         0          0         32          0          0          0   (incl. Generated)
        18          0          0          0          4          0   (incl. Padding)

    ----------------------------------------------------------------------

      Code (inc. data)   RO Data    RW Data    ZI Data      Debug   Library Member Name

         0          0          0          0          0          0   entry.o
         0          0          0          0          0          0   entry10a.o
         0          0          0          0          0          0   entry11a.o
         8          4          0          0          0          0   entry2.o
         4          0          0          0          0          0   entry5.o
         0          0          0          0          0          0   entry7b.o
         0          0          0          0          0          0   entry8b.o
         8          4          0          0          0          0   entry9a.o
        30          0          0          0          0          0   handlers.o
        36          8          0          0          0         68   init.o
         0          0          0          0          0          0   iusefp.o
        30          0          0          0          0         68   llshl.o
        36          0          0          0          0         68   llsshr.o
        32          0          0          0          0         68   llushr.o
        36          0          0          0          0        108   memseta.o
      2244         86          0          0          0        512   printfa.o
        28          0          0          0          0         76   strcmp.o
        14          0          0          0          0         68   strlen.o
        44          0          0          0          0         80   uidiv.o
        98          0          0          0          0         92   uldiv.o
        48          0          0          0          0         68   cdrcmple.o
       334          0          0          0          0        148   dadd.o
       222          0          0          0          0        100   ddiv.o
       186          0          0          0          0        176   depilogue.o
        48          0          0          0          0         68   dfixul.o
       228          0          0          0          0         96   dmul.o
        38          0          0          0          0         68   f2d.o

    ----------------------------------------------------------------------
      3756        102          0          0          0       1932   Library Totals
         4          0          0          0          0          0   (incl. Padding)

    ----------------------------------------------------------------------

      Code (inc. data)   RO Data    RW Data    ZI Data      Debug   Library Name

      2648        102          0          0          0       1208   mc_w.l
      1104          0          0          0          0        724   mf_w.l

    ----------------------------------------------------------------------
      3756        102          0          0          0       1932   Library Totals

    ----------------------------------------------------------------------

==============================================================================


      Code (inc. data)   RO Data    RW Data    ZI Data      Debug   

      7968        602        460         88       1344     361992   Grand Totals
      7968        602        460         88       1344     361992   ELF Image Totals
      7968        602        460         88          0          0   ROM Totals

==============================================================================

    Total RO  Size (Code + RO Data)                 8428 (   8.23kB)
    Total RW  Size (RW Data + ZI Data)              1432 (   1.40kB)
    Total ROM Size (Code + RO Data + RW Data)       8516 (   8.32kB)

==============================================================================

