Component: ARM Compiler 5.06 update 1 (build 61) Tool: armlink [4d35a8]

==============================================================================

Section Cross References

    startup_stm32f429_439xx.o(RESET) refers to startup_stm32f429_439xx.o(STACK) for __initial_sp
    startup_stm32f429_439xx.o(RESET) refers to startup_stm32f429_439xx.o(.text) for Reset_Handler
    startup_stm32f429_439xx.o(RESET) refers to stm32f4xx_it.o(i.NMI_Handler) for NMI_Handler
    startup_stm32f429_439xx.o(RESET) refers to stm32f4xx_it.o(i.HardFault_Handler) for HardFault_Handler
    startup_stm32f429_439xx.o(RESET) refers to stm32f4xx_it.o(i.MemManage_Handler) for MemManage_Handler
    startup_stm32f429_439xx.o(RESET) refers to stm32f4xx_it.o(i.BusFault_Handler) for BusFault_Handler
    startup_stm32f429_439xx.o(RESET) refers to stm32f4xx_it.o(i.UsageFault_Handler) for UsageFault_Handler
    startup_stm32f429_439xx.o(RESET) refers to stm32f4xx_it.o(i.SVC_Handler) for SVC_Handler
    startup_stm32f429_439xx.o(RESET) refers to stm32f4xx_it.o(i.DebugMon_Handler) for DebugMon_Handler
    startup_stm32f429_439xx.o(RESET) refers to stm32f4xx_it.o(i.PendSV_Handler) for PendSV_Handler
    startup_stm32f429_439xx.o(RESET) refers to stm32f4xx_it.o(i.SysTick_Handler) for SysTick_Handler
    startup_stm32f429_439xx.o(RESET) refers to stm32f4xx_it.o(i.EXTI1_IRQHandler) for EXTI1_IRQHandler
    startup_stm32f429_439xx.o(RESET) refers to stm32f4xx_it.o(i.TIM2_IRQHandler) for TIM2_IRQHandler
    startup_stm32f429_439xx.o(.text) refers to system_stm32f4xx.o(i.SystemInit) for SystemInit
    startup_stm32f429_439xx.o(.text) refers to entry.o(.ARM.Collect$$$$00000000) for __main
    stm32f429i_discovery.o(i.STM_EVAL_LEDInit) refers to stm32f4xx_rcc.o(i.RCC_AHB1PeriphClockCmd) for RCC_AHB1PeriphClockCmd
    stm32f429i_discovery.o(i.STM_EVAL_LEDInit) refers to stm32f4xx_gpio.o(i.GPIO_Init) for GPIO_Init
    stm32f429i_discovery.o(i.STM_EVAL_LEDInit) refers to stm32f429i_discovery.o(.constdata) for .constdata
    stm32f429i_discovery.o(i.STM_EVAL_LEDInit) refers to stm32f429i_discovery.o(.data) for .data
    stm32f429i_discovery.o(i.STM_EVAL_LEDOff) refers to stm32f429i_discovery.o(.constdata) for .constdata
    stm32f429i_discovery.o(i.STM_EVAL_LEDOff) refers to stm32f429i_discovery.o(.data) for .data
    stm32f429i_discovery.o(i.STM_EVAL_LEDOn) refers to stm32f429i_discovery.o(.constdata) for .constdata
    stm32f429i_discovery.o(i.STM_EVAL_LEDOn) refers to stm32f429i_discovery.o(.data) for .data
    stm32f429i_discovery.o(i.STM_EVAL_LEDToggle) refers to stm32f429i_discovery.o(.data) for .data
    stm32f429i_discovery.o(i.STM_EVAL_LEDToggle) refers to stm32f429i_discovery.o(.constdata) for .constdata
    stm32f429i_discovery.o(i.STM_EVAL_PBGetState) refers to stm32f4xx_gpio.o(i.GPIO_ReadInputDataBit) for GPIO_ReadInputDataBit
    stm32f429i_discovery.o(i.STM_EVAL_PBGetState) refers to stm32f429i_discovery.o(.constdata) for .constdata
    stm32f429i_discovery.o(i.STM_EVAL_PBGetState) refers to stm32f429i_discovery.o(.data) for .data
    stm32f429i_discovery.o(i.STM_EVAL_PBInit) refers to stm32f4xx_rcc.o(i.RCC_AHB1PeriphClockCmd) for RCC_AHB1PeriphClockCmd
    stm32f429i_discovery.o(i.STM_EVAL_PBInit) refers to stm32f4xx_rcc.o(i.RCC_APB2PeriphClockCmd) for RCC_APB2PeriphClockCmd
    stm32f429i_discovery.o(i.STM_EVAL_PBInit) refers to stm32f4xx_gpio.o(i.GPIO_Init) for GPIO_Init
    stm32f429i_discovery.o(i.STM_EVAL_PBInit) refers to stm32f4xx_syscfg.o(i.SYSCFG_EXTILineConfig) for SYSCFG_EXTILineConfig
    stm32f429i_discovery.o(i.STM_EVAL_PBInit) refers to stm32f4xx_exti.o(i.EXTI_Init) for EXTI_Init
    stm32f429i_discovery.o(i.STM_EVAL_PBInit) refers to misc.o(i.NVIC_Init) for NVIC_Init
    stm32f429i_discovery.o(i.STM_EVAL_PBInit) refers to stm32f429i_discovery.o(.constdata) for .constdata
    stm32f429i_discovery.o(i.STM_EVAL_PBInit) refers to stm32f429i_discovery.o(.data) for .data
    stm32f429i_discovery.o(i.sEE_LowLevel_DMAConfig) refers to stm32f4xx_dma.o(i.DMA_Init) for DMA_Init
    stm32f429i_discovery.o(i.sEE_LowLevel_DMAConfig) refers to stm32f429i_discovery.o(.bss) for .bss
    stm32f429i_discovery.o(i.sEE_LowLevel_DeInit) refers to stm32f4xx_i2c.o(i.I2C_Cmd) for I2C_Cmd
    stm32f429i_discovery.o(i.sEE_LowLevel_DeInit) refers to stm32f4xx_i2c.o(i.I2C_DeInit) for I2C_DeInit
    stm32f429i_discovery.o(i.sEE_LowLevel_DeInit) refers to stm32f4xx_rcc.o(i.RCC_APB1PeriphClockCmd) for RCC_APB1PeriphClockCmd
    stm32f429i_discovery.o(i.sEE_LowLevel_DeInit) refers to stm32f4xx_gpio.o(i.GPIO_Init) for GPIO_Init
    stm32f429i_discovery.o(i.sEE_LowLevel_DeInit) refers to misc.o(i.NVIC_Init) for NVIC_Init
    stm32f429i_discovery.o(i.sEE_LowLevel_DeInit) refers to stm32f4xx_dma.o(i.DMA_Cmd) for DMA_Cmd
    stm32f429i_discovery.o(i.sEE_LowLevel_DeInit) refers to stm32f4xx_dma.o(i.DMA_DeInit) for DMA_DeInit
    stm32f429i_discovery.o(i.sEE_LowLevel_DeInit) refers to stm32f429i_discovery.o(.data) for .data
    stm32f429i_discovery.o(i.sEE_LowLevel_Init) refers to stm32f4xx_rcc.o(i.RCC_APB1PeriphClockCmd) for RCC_APB1PeriphClockCmd
    stm32f429i_discovery.o(i.sEE_LowLevel_Init) refers to stm32f4xx_rcc.o(i.RCC_AHB1PeriphClockCmd) for RCC_AHB1PeriphClockCmd
    stm32f429i_discovery.o(i.sEE_LowLevel_Init) refers to stm32f4xx_rcc.o(i.RCC_APB2PeriphClockCmd) for RCC_APB2PeriphClockCmd
    stm32f429i_discovery.o(i.sEE_LowLevel_Init) refers to stm32f4xx_rcc.o(i.RCC_APB1PeriphResetCmd) for RCC_APB1PeriphResetCmd
    stm32f429i_discovery.o(i.sEE_LowLevel_Init) refers to stm32f4xx_gpio.o(i.GPIO_Init) for GPIO_Init
    stm32f429i_discovery.o(i.sEE_LowLevel_Init) refers to stm32f4xx_gpio.o(i.GPIO_PinAFConfig) for GPIO_PinAFConfig
    stm32f429i_discovery.o(i.sEE_LowLevel_Init) refers to misc.o(i.NVIC_Init) for NVIC_Init
    stm32f429i_discovery.o(i.sEE_LowLevel_Init) refers to stm32f4xx_dma.o(i.DMA_ClearFlag) for DMA_ClearFlag
    stm32f429i_discovery.o(i.sEE_LowLevel_Init) refers to stm32f4xx_dma.o(i.DMA_Cmd) for DMA_Cmd
    stm32f429i_discovery.o(i.sEE_LowLevel_Init) refers to stm32f4xx_dma.o(i.DMA_DeInit) for DMA_DeInit
    stm32f429i_discovery.o(i.sEE_LowLevel_Init) refers to stm32f4xx_dma.o(i.DMA_Init) for DMA_Init
    stm32f429i_discovery.o(i.sEE_LowLevel_Init) refers to stm32f4xx_dma.o(i.DMA_ITConfig) for DMA_ITConfig
    stm32f429i_discovery.o(i.sEE_LowLevel_Init) refers to stm32f429i_discovery.o(.data) for .data
    stm32f429i_discovery.o(i.sEE_LowLevel_Init) refers to stm32f429i_discovery.o(.bss) for .bss
    stm32f429i_discovery_lcd.o(i.LCD_AF_GPIOConfig) refers to stm32f4xx_rcc.o(i.RCC_AHB1PeriphClockCmd) for RCC_AHB1PeriphClockCmd
    stm32f429i_discovery_lcd.o(i.LCD_AF_GPIOConfig) refers to stm32f4xx_gpio.o(i.GPIO_PinAFConfig) for GPIO_PinAFConfig
    stm32f429i_discovery_lcd.o(i.LCD_AF_GPIOConfig) refers to stm32f4xx_gpio.o(i.GPIO_Init) for GPIO_Init
    stm32f429i_discovery_lcd.o(i.LCD_ChipSelect) refers to stm32f4xx_gpio.o(i.GPIO_SetBits) for GPIO_SetBits
    stm32f429i_discovery_lcd.o(i.LCD_ChipSelect) refers to stm32f4xx_gpio.o(i.GPIO_ResetBits) for GPIO_ResetBits
    stm32f429i_discovery_lcd.o(i.LCD_Clear) refers to stm32f429i_discovery_lcd.o(.data) for .data
    stm32f429i_discovery_lcd.o(i.LCD_ClearLine) refers to stm32f429i_discovery_lcd.o(i.LCD_DisplayChar) for LCD_DisplayChar
    stm32f429i_discovery_lcd.o(i.LCD_ClearLine) refers to stm32f429i_discovery_lcd.o(.data) for .data
    stm32f429i_discovery_lcd.o(i.LCD_ClosedPolyLine) refers to stm32f429i_discovery_lcd.o(i.LCD_PolyLine) for LCD_PolyLine
    stm32f429i_discovery_lcd.o(i.LCD_ClosedPolyLine) refers to stm32f429i_discovery_lcd.o(i.LCD_DrawUniLine) for LCD_DrawUniLine
    stm32f429i_discovery_lcd.o(i.LCD_ClosedPolyLineRelative) refers to stm32f429i_discovery_lcd.o(i.LCD_PolyLineRelativeClosed) for LCD_PolyLineRelativeClosed
    stm32f429i_discovery_lcd.o(i.LCD_CtrlLinesConfig) refers to stm32f4xx_rcc.o(i.RCC_AHB1PeriphClockCmd) for RCC_AHB1PeriphClockCmd
    stm32f429i_discovery_lcd.o(i.LCD_CtrlLinesConfig) refers to stm32f4xx_gpio.o(i.GPIO_Init) for GPIO_Init
    stm32f429i_discovery_lcd.o(i.LCD_CtrlLinesConfig) refers to stm32f429i_discovery_lcd.o(i.LCD_CtrlLinesWrite) for LCD_CtrlLinesWrite
    stm32f429i_discovery_lcd.o(i.LCD_CtrlLinesWrite) refers to stm32f4xx_gpio.o(i.GPIO_WriteBit) for GPIO_WriteBit
    stm32f429i_discovery_lcd.o(i.LCD_DeInit) refers to stm32f429i_discovery_lcd.o(i.LCD_WriteCommand) for LCD_WriteCommand
    stm32f429i_discovery_lcd.o(i.LCD_DeInit) refers to stm32f4xx_spi.o(i.SPI_Cmd) for SPI_Cmd
    stm32f429i_discovery_lcd.o(i.LCD_DeInit) refers to stm32f4xx_spi.o(i.SPI_I2S_DeInit) for SPI_I2S_DeInit
    stm32f429i_discovery_lcd.o(i.LCD_DeInit) refers to stm32f4xx_rcc.o(i.RCC_APB2PeriphClockCmd) for RCC_APB2PeriphClockCmd
    stm32f429i_discovery_lcd.o(i.LCD_DeInit) refers to stm32f4xx_gpio.o(i.GPIO_Init) for GPIO_Init
    stm32f429i_discovery_lcd.o(i.LCD_DeInit) refers to stm32f4xx_gpio.o(i.GPIO_PinAFConfig) for GPIO_PinAFConfig
    stm32f429i_discovery_lcd.o(i.LCD_DisplayChar) refers to stm32f429i_discovery_lcd.o(i.LCD_DrawChar) for LCD_DrawChar
    stm32f429i_discovery_lcd.o(i.LCD_DisplayChar) refers to stm32f429i_discovery_lcd.o(.data) for .data
    stm32f429i_discovery_lcd.o(i.LCD_DisplayOff) refers to stm32f429i_discovery_lcd.o(i.LCD_WriteCommand) for LCD_WriteCommand
    stm32f429i_discovery_lcd.o(i.LCD_DisplayOn) refers to stm32f429i_discovery_lcd.o(i.LCD_WriteCommand) for LCD_WriteCommand
    stm32f429i_discovery_lcd.o(i.LCD_DisplayStringLine) refers to stm32f429i_discovery_lcd.o(i.LCD_DisplayChar) for LCD_DisplayChar
    stm32f429i_discovery_lcd.o(i.LCD_DisplayStringLine) refers to stm32f429i_discovery_lcd.o(.data) for .data
    stm32f429i_discovery_lcd.o(i.LCD_DrawChar) refers to stm32f429i_discovery_lcd.o(.data) for .data
    stm32f429i_discovery_lcd.o(i.LCD_DrawCircle) refers to stm32f429i_discovery_lcd.o(.data) for .data
    stm32f429i_discovery_lcd.o(i.LCD_DrawEllipse) refers to stm32f429i_discovery_lcd.o(.data) for .data
    stm32f429i_discovery_lcd.o(i.LCD_DrawFullCircle) refers to stm32f429i_discovery_lcd.o(i.LCD_DrawLine) for LCD_DrawLine
    stm32f429i_discovery_lcd.o(i.LCD_DrawFullCircle) refers to stm32f429i_discovery_lcd.o(i.LCD_DrawCircle) for LCD_DrawCircle
    stm32f429i_discovery_lcd.o(i.LCD_DrawFullEllipse) refers to stm32f429i_discovery_lcd.o(i.LCD_DrawLine) for LCD_DrawLine
    stm32f429i_discovery_lcd.o(i.LCD_DrawFullRect) refers to stm32f4xx_dma2d.o(i.DMA2D_DeInit) for DMA2D_DeInit
    stm32f429i_discovery_lcd.o(i.LCD_DrawFullRect) refers to stm32f4xx_dma2d.o(i.DMA2D_Init) for DMA2D_Init
    stm32f429i_discovery_lcd.o(i.LCD_DrawFullRect) refers to stm32f4xx_dma2d.o(i.DMA2D_StartTransfer) for DMA2D_StartTransfer
    stm32f429i_discovery_lcd.o(i.LCD_DrawFullRect) refers to stm32f4xx_dma2d.o(i.DMA2D_GetFlagStatus) for DMA2D_GetFlagStatus
    stm32f429i_discovery_lcd.o(i.LCD_DrawFullRect) refers to stm32f429i_discovery_lcd.o(.data) for .data
    stm32f429i_discovery_lcd.o(i.LCD_DrawLine) refers to stm32f4xx_dma2d.o(i.DMA2D_DeInit) for DMA2D_DeInit
    stm32f429i_discovery_lcd.o(i.LCD_DrawLine) refers to stm32f4xx_dma2d.o(i.DMA2D_Init) for DMA2D_Init
    stm32f429i_discovery_lcd.o(i.LCD_DrawLine) refers to stm32f4xx_dma2d.o(i.DMA2D_StartTransfer) for DMA2D_StartTransfer
    stm32f429i_discovery_lcd.o(i.LCD_DrawLine) refers to stm32f4xx_dma2d.o(i.DMA2D_GetFlagStatus) for DMA2D_GetFlagStatus
    stm32f429i_discovery_lcd.o(i.LCD_DrawLine) refers to stm32f429i_discovery_lcd.o(.data) for .data
    stm32f429i_discovery_lcd.o(i.LCD_DrawMonoPict) refers to stm32f429i_discovery_lcd.o(.data) for .data
    stm32f429i_discovery_lcd.o(i.LCD_DrawRect) refers to stm32f429i_discovery_lcd.o(i.LCD_DrawLine) for LCD_DrawLine
    stm32f429i_discovery_lcd.o(i.LCD_DrawUniLine) refers to stm32f429i_discovery_lcd.o(i.LCD_DrawLine) for LCD_DrawLine
    stm32f429i_discovery_lcd.o(i.LCD_FillPolyLine) refers to stm32f429i_discovery_lcd.o(i.LCD_FillTriangle) for LCD_FillTriangle
    stm32f429i_discovery_lcd.o(i.LCD_FillTriangle) refers to stm32f429i_discovery_lcd.o(i.LCD_DrawUniLine) for LCD_DrawUniLine
    stm32f429i_discovery_lcd.o(i.LCD_GetColors) refers to stm32f429i_discovery_lcd.o(.data) for .data
    stm32f429i_discovery_lcd.o(i.LCD_GetFont) refers to stm32f429i_discovery_lcd.o(.data) for .data
    stm32f429i_discovery_lcd.o(i.LCD_Init) refers to stm32f429i_discovery_lcd.o(i.LCD_CtrlLinesConfig) for LCD_CtrlLinesConfig
    stm32f429i_discovery_lcd.o(i.LCD_Init) refers to stm32f429i_discovery_lcd.o(i.LCD_ChipSelect) for LCD_ChipSelect
    stm32f429i_discovery_lcd.o(i.LCD_Init) refers to stm32f429i_discovery_lcd.o(i.LCD_SPIConfig) for LCD_SPIConfig
    stm32f429i_discovery_lcd.o(i.LCD_Init) refers to stm32f429i_discovery_lcd.o(i.LCD_PowerOn) for LCD_PowerOn
    stm32f429i_discovery_lcd.o(i.LCD_Init) refers to stm32f4xx_rcc.o(i.RCC_APB2PeriphClockCmd) for RCC_APB2PeriphClockCmd
    stm32f429i_discovery_lcd.o(i.LCD_Init) refers to stm32f4xx_rcc.o(i.RCC_AHB1PeriphClockCmd) for RCC_AHB1PeriphClockCmd
    stm32f429i_discovery_lcd.o(i.LCD_Init) refers to stm32f429i_discovery_lcd.o(i.LCD_AF_GPIOConfig) for LCD_AF_GPIOConfig
    stm32f429i_discovery_lcd.o(i.LCD_Init) refers to stm32f429i_discovery_sdram.o(i.SDRAM_Init) for SDRAM_Init
    stm32f429i_discovery_lcd.o(i.LCD_Init) refers to stm32f4xx_rcc.o(i.RCC_PLLSAIConfig) for RCC_PLLSAIConfig
    stm32f429i_discovery_lcd.o(i.LCD_Init) refers to stm32f4xx_rcc.o(i.RCC_LTDCCLKDivConfig) for RCC_LTDCCLKDivConfig
    stm32f429i_discovery_lcd.o(i.LCD_Init) refers to stm32f4xx_rcc.o(i.RCC_PLLSAICmd) for RCC_PLLSAICmd
    stm32f429i_discovery_lcd.o(i.LCD_Init) refers to stm32f4xx_rcc.o(i.RCC_GetFlagStatus) for RCC_GetFlagStatus
    stm32f429i_discovery_lcd.o(i.LCD_Init) refers to stm32f4xx_ltdc.o(i.LTDC_Init) for LTDC_Init
    stm32f429i_discovery_lcd.o(i.LCD_LayerInit) refers to stm32f4xx_ltdc.o(i.LTDC_LayerInit) for LTDC_LayerInit
    stm32f429i_discovery_lcd.o(i.LCD_LayerInit) refers to stm32f4xx_ltdc.o(i.LTDC_ReloadConfig) for LTDC_ReloadConfig
    stm32f429i_discovery_lcd.o(i.LCD_LayerInit) refers to stm32f4xx_ltdc.o(i.LTDC_LayerCmd) for LTDC_LayerCmd
    stm32f429i_discovery_lcd.o(i.LCD_LayerInit) refers to stm32f4xx_ltdc.o(i.LTDC_DitherCmd) for LTDC_DitherCmd
    stm32f429i_discovery_lcd.o(i.LCD_LayerInit) refers to stm32f429i_discovery_lcd.o(.data) for .data
    stm32f429i_discovery_lcd.o(i.LCD_PolyLine) refers to stm32f429i_discovery_lcd.o(i.LCD_DrawUniLine) for LCD_DrawUniLine
    stm32f429i_discovery_lcd.o(i.LCD_PolyLineRelative) refers to stm32f429i_discovery_lcd.o(i.LCD_PolyLineRelativeClosed) for LCD_PolyLineRelativeClosed
    stm32f429i_discovery_lcd.o(i.LCD_PolyLineRelativeClosed) refers to stm32f429i_discovery_lcd.o(i.LCD_DrawUniLine) for LCD_DrawUniLine
    stm32f429i_discovery_lcd.o(i.LCD_PowerOn) refers to stm32f429i_discovery_lcd.o(i.LCD_WriteCommand) for LCD_WriteCommand
    stm32f429i_discovery_lcd.o(i.LCD_PowerOn) refers to stm32f429i_discovery_lcd.o(i.LCD_WriteData) for LCD_WriteData
    stm32f429i_discovery_lcd.o(i.LCD_PowerOn) refers to stm32f429i_discovery_lcd.o(i.delay) for delay
    stm32f429i_discovery_lcd.o(i.LCD_ReSetColorKeying) refers to stm32f4xx_ltdc.o(i.LTDC_ColorKeyingConfig) for LTDC_ColorKeyingConfig
    stm32f429i_discovery_lcd.o(i.LCD_ReSetColorKeying) refers to stm32f4xx_ltdc.o(i.LTDC_ReloadConfig) for LTDC_ReloadConfig
    stm32f429i_discovery_lcd.o(i.LCD_ReSetColorKeying) refers to stm32f429i_discovery_lcd.o(.data) for .data
    stm32f429i_discovery_lcd.o(i.LCD_SPIConfig) refers to stm32f4xx_rcc.o(i.RCC_AHB1PeriphClockCmd) for RCC_AHB1PeriphClockCmd
    stm32f429i_discovery_lcd.o(i.LCD_SPIConfig) refers to stm32f4xx_rcc.o(i.RCC_APB2PeriphClockCmd) for RCC_APB2PeriphClockCmd
    stm32f429i_discovery_lcd.o(i.LCD_SPIConfig) refers to stm32f4xx_gpio.o(i.GPIO_Init) for GPIO_Init
    stm32f429i_discovery_lcd.o(i.LCD_SPIConfig) refers to stm32f4xx_gpio.o(i.GPIO_PinAFConfig) for GPIO_PinAFConfig
    stm32f429i_discovery_lcd.o(i.LCD_SPIConfig) refers to stm32f4xx_spi.o(i.SPI_I2S_DeInit) for SPI_I2S_DeInit
    stm32f429i_discovery_lcd.o(i.LCD_SPIConfig) refers to stm32f4xx_spi.o(i.SPI_Init) for SPI_Init
    stm32f429i_discovery_lcd.o(i.LCD_SPIConfig) refers to stm32f4xx_spi.o(i.SPI_Cmd) for SPI_Cmd
    stm32f429i_discovery_lcd.o(i.LCD_SetBackColor) refers to stm32f429i_discovery_lcd.o(.data) for .data
    stm32f429i_discovery_lcd.o(i.LCD_SetColorKeying) refers to stm32f4xx_ltdc.o(i.LTDC_ColorKeyingConfig) for LTDC_ColorKeyingConfig
    stm32f429i_discovery_lcd.o(i.LCD_SetColorKeying) refers to stm32f4xx_ltdc.o(i.LTDC_ReloadConfig) for LTDC_ReloadConfig
    stm32f429i_discovery_lcd.o(i.LCD_SetColorKeying) refers to stm32f429i_discovery_lcd.o(.data) for .data
    stm32f429i_discovery_lcd.o(i.LCD_SetColors) refers to stm32f429i_discovery_lcd.o(.data) for .data
    stm32f429i_discovery_lcd.o(i.LCD_SetCursor) refers to stm32f429i_discovery_lcd.o(.data) for .data
    stm32f429i_discovery_lcd.o(i.LCD_SetDisplayWindow) refers to stm32f4xx_ltdc.o(i.LTDC_LayerPosition) for LTDC_LayerPosition
    stm32f429i_discovery_lcd.o(i.LCD_SetDisplayWindow) refers to stm32f4xx_ltdc.o(i.LTDC_ReloadConfig) for LTDC_ReloadConfig
    stm32f429i_discovery_lcd.o(i.LCD_SetDisplayWindow) refers to stm32f4xx_ltdc.o(i.LTDC_LayerSize) for LTDC_LayerSize
    stm32f429i_discovery_lcd.o(i.LCD_SetDisplayWindow) refers to stm32f429i_discovery_lcd.o(.data) for .data
    stm32f429i_discovery_lcd.o(i.LCD_SetFont) refers to stm32f429i_discovery_lcd.o(.data) for .data
    stm32f429i_discovery_lcd.o(i.LCD_SetLayer) refers to stm32f429i_discovery_lcd.o(.data) for .data
    stm32f429i_discovery_lcd.o(i.LCD_SetTextColor) refers to stm32f429i_discovery_lcd.o(.data) for .data
    stm32f429i_discovery_lcd.o(i.LCD_SetTransparency) refers to stm32f4xx_ltdc.o(i.LTDC_LayerAlpha) for LTDC_LayerAlpha
    stm32f429i_discovery_lcd.o(i.LCD_SetTransparency) refers to stm32f4xx_ltdc.o(i.LTDC_ReloadConfig) for LTDC_ReloadConfig
    stm32f429i_discovery_lcd.o(i.LCD_SetTransparency) refers to stm32f429i_discovery_lcd.o(.data) for .data
    stm32f429i_discovery_lcd.o(i.LCD_Triangle) refers to stm32f429i_discovery_lcd.o(i.LCD_DrawUniLine) for LCD_DrawUniLine
    stm32f429i_discovery_lcd.o(i.LCD_WindowModeDisable) refers to stm32f429i_discovery_lcd.o(i.LCD_SetDisplayWindow) for LCD_SetDisplayWindow
    stm32f429i_discovery_lcd.o(i.LCD_WriteBMP) refers to stm32f4xx_ltdc.o(i.LTDC_LayerSize) for LTDC_LayerSize
    stm32f429i_discovery_lcd.o(i.LCD_WriteBMP) refers to stm32f4xx_ltdc.o(i.LTDC_ReloadConfig) for LTDC_ReloadConfig
    stm32f429i_discovery_lcd.o(i.LCD_WriteBMP) refers to stm32f4xx_ltdc.o(i.LTDC_LayerPixelFormat) for LTDC_LayerPixelFormat
    stm32f429i_discovery_lcd.o(i.LCD_WriteBMP) refers to stm32f429i_discovery_lcd.o(.data) for .data
    stm32f429i_discovery_lcd.o(i.LCD_WriteCommand) refers to stm32f429i_discovery_lcd.o(i.LCD_CtrlLinesWrite) for LCD_CtrlLinesWrite
    stm32f429i_discovery_lcd.o(i.LCD_WriteCommand) refers to stm32f429i_discovery_lcd.o(i.LCD_ChipSelect) for LCD_ChipSelect
    stm32f429i_discovery_lcd.o(i.LCD_WriteCommand) refers to stm32f4xx_spi.o(i.SPI_I2S_SendData) for SPI_I2S_SendData
    stm32f429i_discovery_lcd.o(i.LCD_WriteCommand) refers to stm32f4xx_spi.o(i.SPI_I2S_GetFlagStatus) for SPI_I2S_GetFlagStatus
    stm32f429i_discovery_lcd.o(i.LCD_WriteData) refers to stm32f429i_discovery_lcd.o(i.LCD_CtrlLinesWrite) for LCD_CtrlLinesWrite
    stm32f429i_discovery_lcd.o(i.LCD_WriteData) refers to stm32f429i_discovery_lcd.o(i.LCD_ChipSelect) for LCD_ChipSelect
    stm32f429i_discovery_lcd.o(i.LCD_WriteData) refers to stm32f4xx_spi.o(i.SPI_I2S_SendData) for SPI_I2S_SendData
    stm32f429i_discovery_lcd.o(i.LCD_WriteData) refers to stm32f4xx_spi.o(i.SPI_I2S_GetFlagStatus) for SPI_I2S_GetFlagStatus
    stm32f429i_discovery_lcd.o(.data) refers to stm32f429i_discovery_lcd.o(.constdata) for ASCII16x24_Table
    stm32f429i_discovery_lcd.o(.data) refers to stm32f429i_discovery_lcd.o(.constdata) for ASCII12x12_Table
    stm32f429i_discovery_lcd.o(.data) refers to stm32f429i_discovery_lcd.o(.constdata) for ASCII8x12_Table
    stm32f429i_discovery_lcd.o(.data) refers to stm32f429i_discovery_lcd.o(.constdata) for ASCII8x8_Table
    stm32f429i_discovery_sdram.o(i.SDRAM_GPIOConfig) refers to stm32f4xx_rcc.o(i.RCC_AHB1PeriphClockCmd) for RCC_AHB1PeriphClockCmd
    stm32f429i_discovery_sdram.o(i.SDRAM_GPIOConfig) refers to stm32f4xx_gpio.o(i.GPIO_PinAFConfig) for GPIO_PinAFConfig
    stm32f429i_discovery_sdram.o(i.SDRAM_GPIOConfig) refers to stm32f4xx_gpio.o(i.GPIO_Init) for GPIO_Init
    stm32f429i_discovery_sdram.o(i.SDRAM_Init) refers to stm32f429i_discovery_sdram.o(i.SDRAM_GPIOConfig) for SDRAM_GPIOConfig
    stm32f429i_discovery_sdram.o(i.SDRAM_Init) refers to stm32f4xx_rcc.o(i.RCC_AHB3PeriphClockCmd) for RCC_AHB3PeriphClockCmd
    stm32f429i_discovery_sdram.o(i.SDRAM_Init) refers to stm32f4xx_fmc.o(i.FMC_SDRAMInit) for FMC_SDRAMInit
    stm32f429i_discovery_sdram.o(i.SDRAM_Init) refers to stm32f429i_discovery_sdram.o(i.SDRAM_InitSequence) for SDRAM_InitSequence
    stm32f429i_discovery_sdram.o(i.SDRAM_InitSequence) refers to stm32f4xx_fmc.o(i.FMC_GetFlagStatus) for FMC_GetFlagStatus
    stm32f429i_discovery_sdram.o(i.SDRAM_InitSequence) refers to stm32f4xx_fmc.o(i.FMC_SDRAMCmdConfig) for FMC_SDRAMCmdConfig
    stm32f429i_discovery_sdram.o(i.SDRAM_InitSequence) refers to stm32f4xx_fmc.o(i.FMC_SetRefreshCount) for FMC_SetRefreshCount
    stm32f429i_discovery_sdram.o(i.SDRAM_ReadBuffer) refers to stm32f4xx_fmc.o(i.FMC_GetFlagStatus) for FMC_GetFlagStatus
    stm32f429i_discovery_sdram.o(i.SDRAM_WriteBuffer) refers to stm32f4xx_fmc.o(i.FMC_SDRAMWriteProtectionConfig) for FMC_SDRAMWriteProtectionConfig
    stm32f429i_discovery_sdram.o(i.SDRAM_WriteBuffer) refers to stm32f4xx_fmc.o(i.FMC_GetFlagStatus) for FMC_GetFlagStatus
    stm32f4xx_gpio.o(i.GPIO_DeInit) refers to stm32f4xx_rcc.o(i.RCC_AHB1PeriphResetCmd) for RCC_AHB1PeriphResetCmd
    stm32f4xx_rcc.o(i.RCC_GetClocksFreq) refers to stm32f4xx_rcc.o(.data) for .data
    stm32f4xx_rcc.o(i.RCC_WaitForHSEStartUp) refers to stm32f4xx_rcc.o(i.RCC_GetFlagStatus) for RCC_GetFlagStatus
    stm32f4xx_spi.o(i.SPI_I2S_DeInit) refers to stm32f4xx_rcc.o(i.RCC_APB1PeriphResetCmd) for RCC_APB1PeriphResetCmd
    stm32f4xx_spi.o(i.SPI_I2S_DeInit) refers to stm32f4xx_rcc.o(i.RCC_APB2PeriphResetCmd) for RCC_APB2PeriphResetCmd
    stm32f4xx_syscfg.o(i.SYSCFG_DeInit) refers to stm32f4xx_rcc.o(i.RCC_APB2PeriphResetCmd) for RCC_APB2PeriphResetCmd
    stm32f4xx_usart.o(i.USART_DeInit) refers to stm32f4xx_rcc.o(i.RCC_APB2PeriphResetCmd) for RCC_APB2PeriphResetCmd
    stm32f4xx_usart.o(i.USART_DeInit) refers to stm32f4xx_rcc.o(i.RCC_APB1PeriphResetCmd) for RCC_APB1PeriphResetCmd
    stm32f4xx_usart.o(i.USART_Init) refers to stm32f4xx_rcc.o(i.RCC_GetClocksFreq) for RCC_GetClocksFreq
    stm32f4xx_dac.o(i.DAC_DeInit) refers to stm32f4xx_rcc.o(i.RCC_APB1PeriphResetCmd) for RCC_APB1PeriphResetCmd
    stm32f4xx_dma2d.o(i.DMA2D_DeInit) refers to stm32f4xx_rcc.o(i.RCC_AHB1PeriphResetCmd) for RCC_AHB1PeriphResetCmd
    stm32f4xx_ltdc.o(i.LTDC_DeInit) refers to stm32f4xx_rcc.o(i.RCC_APB2PeriphResetCmd) for RCC_APB2PeriphResetCmd
    stm32f4xx_sdio.o(i.SDIO_DeInit) refers to stm32f4xx_rcc.o(i.RCC_APB2PeriphResetCmd) for RCC_APB2PeriphResetCmd
    stm32f4xx_tim.o(i.TIM_DeInit) refers to stm32f4xx_rcc.o(i.RCC_APB2PeriphResetCmd) for RCC_APB2PeriphResetCmd
    stm32f4xx_tim.o(i.TIM_DeInit) refers to stm32f4xx_rcc.o(i.RCC_APB1PeriphResetCmd) for RCC_APB1PeriphResetCmd
    stm32f4xx_tim.o(i.TIM_ETRClockMode1Config) refers to stm32f4xx_tim.o(i.TIM_ETRConfig) for TIM_ETRConfig
    stm32f4xx_tim.o(i.TIM_ETRClockMode2Config) refers to stm32f4xx_tim.o(i.TIM_ETRConfig) for TIM_ETRConfig
    stm32f4xx_tim.o(i.TIM_ICInit) refers to stm32f4xx_tim.o(i.TIM_SetIC4Prescaler) for TIM_SetIC4Prescaler
    stm32f4xx_tim.o(i.TIM_ICInit) refers to stm32f4xx_tim.o(i.TI1_Config) for TI1_Config
    stm32f4xx_tim.o(i.TIM_ICInit) refers to stm32f4xx_tim.o(i.TIM_SetIC1Prescaler) for TIM_SetIC1Prescaler
    stm32f4xx_tim.o(i.TIM_ICInit) refers to stm32f4xx_tim.o(i.TI2_Config) for TI2_Config
    stm32f4xx_tim.o(i.TIM_ICInit) refers to stm32f4xx_tim.o(i.TIM_SetIC2Prescaler) for TIM_SetIC2Prescaler
    stm32f4xx_tim.o(i.TIM_ICInit) refers to stm32f4xx_tim.o(i.TIM_SetIC3Prescaler) for TIM_SetIC3Prescaler
    stm32f4xx_tim.o(i.TIM_ITRxExternalClockConfig) refers to stm32f4xx_tim.o(i.TIM_SelectInputTrigger) for TIM_SelectInputTrigger
    stm32f4xx_tim.o(i.TIM_PWMIConfig) refers to stm32f4xx_tim.o(i.TI2_Config) for TI2_Config
    stm32f4xx_tim.o(i.TIM_PWMIConfig) refers to stm32f4xx_tim.o(i.TIM_SetIC2Prescaler) for TIM_SetIC2Prescaler
    stm32f4xx_tim.o(i.TIM_PWMIConfig) refers to stm32f4xx_tim.o(i.TI1_Config) for TI1_Config
    stm32f4xx_tim.o(i.TIM_PWMIConfig) refers to stm32f4xx_tim.o(i.TIM_SetIC1Prescaler) for TIM_SetIC1Prescaler
    stm32f4xx_tim.o(i.TIM_TIxExternalClockConfig) refers to stm32f4xx_tim.o(i.TI1_Config) for TI1_Config
    stm32f4xx_tim.o(i.TIM_TIxExternalClockConfig) refers to stm32f4xx_tim.o(i.TIM_SelectInputTrigger) for TIM_SelectInputTrigger
    stm32f4xx_tim.o(i.TIM_TIxExternalClockConfig) refers to stm32f4xx_tim.o(i.TI2_Config) for TI2_Config
    stm32f4xx_i2c.o(i.I2C_DeInit) refers to stm32f4xx_rcc.o(i.RCC_APB1PeriphResetCmd) for RCC_APB1PeriphResetCmd
    stm32f4xx_i2c.o(i.I2C_Init) refers to stm32f4xx_rcc.o(i.RCC_GetClocksFreq) for RCC_GetClocksFreq
    main.o(i.main) refers to stm32f4xx_rcc.o(i.RCC_AHB1PeriphClockCmd) for RCC_AHB1PeriphClockCmd
    main.o(i.main) refers to stm32f4xx_gpio.o(i.GPIO_Init) for GPIO_Init
    main.o(i.main) refers to stm32f4xx_syscfg.o(i.SYSCFG_EXTILineConfig) for SYSCFG_EXTILineConfig
    main.o(i.main) refers to stm32f4xx_exti.o(i.EXTI_Init) for EXTI_Init
    main.o(i.main) refers to misc.o(i.NVIC_Init) for NVIC_Init
    main.o(i.main) refers to stm32f4xx_rcc.o(i.RCC_APB1PeriphClockCmd) for RCC_APB1PeriphClockCmd
    main.o(i.main) refers to stm32f4xx_tim.o(i.TIM_TimeBaseInit) for TIM_TimeBaseInit
    main.o(i.main) refers to stm32f4xx_tim.o(i.TIM_ITConfig) for TIM_ITConfig
    main.o(i.main) refers to stm32f4xx_tim.o(i.TIM_Cmd) for TIM_Cmd
    stm32f4xx_it.o(i.EXTI1_IRQHandler) refers to stm32f4xx_exti.o(i.EXTI_GetFlagStatus) for EXTI_GetFlagStatus
    stm32f4xx_it.o(i.EXTI1_IRQHandler) refers to stm32f4xx_gpio.o(i.GPIO_ToggleBits) for GPIO_ToggleBits
    stm32f4xx_it.o(i.EXTI1_IRQHandler) refers to stm32f4xx_exti.o(i.EXTI_ClearITPendingBit) for EXTI_ClearITPendingBit
    stm32f4xx_it.o(i.EXTI1_IRQHandler) refers to main.o(.data) for t_flag
    stm32f4xx_it.o(i.TIM2_IRQHandler) refers to stm32f4xx_tim.o(i.TIM_ClearITPendingBit) for TIM_ClearITPendingBit
    stm32f4xx_it.o(i.TIM2_IRQHandler) refers to stm32f4xx_tim.o(i.TIM_ClearFlag) for TIM_ClearFlag
    stm32f4xx_it.o(i.TIM2_IRQHandler) refers to main.o(.data) for temp
    system_stm32f4xx.o(i.SystemCoreClockUpdate) refers to system_stm32f4xx.o(.data) for .data
    system_stm32f4xx.o(i.SystemInit) refers to system_stm32f4xx.o(i.SetSysClock) for SetSysClock
    entry.o(.ARM.Collect$$$$00000000) refers (Special) to entry10a.o(.ARM.Collect$$$$0000000D) for __rt_final_cpp
    entry.o(.ARM.Collect$$$$00000000) refers (Special) to entry11a.o(.ARM.Collect$$$$0000000F) for __rt_final_exit
    entry.o(.ARM.Collect$$$$00000000) refers (Special) to entry7b.o(.ARM.Collect$$$$00000008) for _main_clock
    entry.o(.ARM.Collect$$$$00000000) refers (Special) to entry8b.o(.ARM.Collect$$$$0000000A) for _main_cpp_init
    entry.o(.ARM.Collect$$$$00000000) refers (Special) to entry9a.o(.ARM.Collect$$$$0000000B) for _main_init
    entry.o(.ARM.Collect$$$$00000000) refers (Special) to entry5.o(.ARM.Collect$$$$00000004) for _main_scatterload
    entry.o(.ARM.Collect$$$$00000000) refers (Special) to entry2.o(.ARM.Collect$$$$00000001) for _main_stk
    entry2.o(.ARM.Collect$$$$00000001) refers to entry2.o(.ARM.Collect$$$$00002712) for __lit__00000000
    entry2.o(.ARM.Collect$$$$00002712) refers to startup_stm32f429_439xx.o(STACK) for __initial_sp
    entry2.o(__vectab_stack_and_reset_area) refers to startup_stm32f429_439xx.o(STACK) for __initial_sp
    entry2.o(__vectab_stack_and_reset_area) refers to entry.o(.ARM.Collect$$$$00000000) for __main
    entry5.o(.ARM.Collect$$$$00000004) refers to init.o(.text) for __scatterload
    entry9a.o(.ARM.Collect$$$$0000000B) refers to main.o(i.main) for main
    entry9b.o(.ARM.Collect$$$$0000000C) refers to main.o(i.main) for main
    init.o(.text) refers to entry5.o(.ARM.Collect$$$$00000004) for __main_after_scatterload


==============================================================================

Removing Unused input sections from the image.

    Removing startup_stm32f429_439xx.o(HEAP), (512 bytes).
    Removing stm32f429i_discovery.o(.rev16_text), (4 bytes).
    Removing stm32f429i_discovery.o(.revsh_text), (4 bytes).
    Removing stm32f429i_discovery.o(i.STM_EVAL_LEDInit), (72 bytes).
    Removing stm32f429i_discovery.o(i.STM_EVAL_LEDOff), (24 bytes).
    Removing stm32f429i_discovery.o(i.STM_EVAL_LEDOn), (24 bytes).
    Removing stm32f429i_discovery.o(i.STM_EVAL_LEDToggle), (28 bytes).
    Removing stm32f429i_discovery.o(i.STM_EVAL_PBGetState), (24 bytes).
    Removing stm32f429i_discovery.o(i.STM_EVAL_PBInit), (156 bytes).
    Removing stm32f429i_discovery.o(i.sEE_LowLevel_DMAConfig), (44 bytes).
    Removing stm32f429i_discovery.o(i.sEE_LowLevel_DeInit), (152 bytes).
    Removing stm32f429i_discovery.o(i.sEE_LowLevel_Init), (332 bytes).
    Removing stm32f429i_discovery.o(.bss), (60 bytes).
    Removing stm32f429i_discovery.o(.constdata), (24 bytes).
    Removing stm32f429i_discovery.o(.data), (16 bytes).
    Removing stm32f429i_discovery_lcd.o(.rev16_text), (4 bytes).
    Removing stm32f429i_discovery_lcd.o(.revsh_text), (4 bytes).
    Removing stm32f429i_discovery_lcd.o(i.LCD_AF_GPIOConfig), (368 bytes).
    Removing stm32f429i_discovery_lcd.o(i.LCD_ChipSelect), (24 bytes).
    Removing stm32f429i_discovery_lcd.o(i.LCD_Clear), (28 bytes).
    Removing stm32f429i_discovery_lcd.o(i.LCD_ClearLine), (52 bytes).
    Removing stm32f429i_discovery_lcd.o(i.LCD_ClosedPolyLine), (34 bytes).
    Removing stm32f429i_discovery_lcd.o(i.LCD_ClosedPolyLineRelative), (6 bytes).
    Removing stm32f429i_discovery_lcd.o(i.LCD_CtrlLinesConfig), (80 bytes).
    Removing stm32f429i_discovery_lcd.o(i.LCD_CtrlLinesWrite), (4 bytes).
    Removing stm32f429i_discovery_lcd.o(i.LCD_DeInit), (540 bytes).
    Removing stm32f429i_discovery_lcd.o(i.LCD_DisplayChar), (32 bytes).
    Removing stm32f429i_discovery_lcd.o(i.LCD_DisplayOff), (6 bytes).
    Removing stm32f429i_discovery_lcd.o(i.LCD_DisplayOn), (6 bytes).
    Removing stm32f429i_discovery_lcd.o(i.LCD_DisplayStringLine), (60 bytes).
    Removing stm32f429i_discovery_lcd.o(i.LCD_DrawChar), (140 bytes).
    Removing stm32f429i_discovery_lcd.o(i.LCD_DrawCircle), (120 bytes).
    Removing stm32f429i_discovery_lcd.o(i.LCD_DrawEllipse), (444 bytes).
    Removing stm32f429i_discovery_lcd.o(i.LCD_DrawFullCircle), (152 bytes).
    Removing stm32f429i_discovery_lcd.o(i.LCD_DrawFullEllipse), (402 bytes).
    Removing stm32f429i_discovery_lcd.o(i.LCD_DrawFullRect), (104 bytes).
    Removing stm32f429i_discovery_lcd.o(i.LCD_DrawLine), (124 bytes).
    Removing stm32f429i_discovery_lcd.o(i.LCD_DrawMonoPict), (60 bytes).
    Removing stm32f429i_discovery_lcd.o(i.LCD_DrawRect), (64 bytes).
    Removing stm32f429i_discovery_lcd.o(i.LCD_DrawUniLine), (196 bytes).
    Removing stm32f429i_discovery_lcd.o(i.LCD_FillPolyLine), (276 bytes).
    Removing stm32f429i_discovery_lcd.o(i.LCD_FillTriangle), (188 bytes).
    Removing stm32f429i_discovery_lcd.o(i.LCD_GetColors), (16 bytes).
    Removing stm32f429i_discovery_lcd.o(i.LCD_GetFont), (12 bytes).
    Removing stm32f429i_discovery_lcd.o(i.LCD_Init), (152 bytes).
    Removing stm32f429i_discovery_lcd.o(i.LCD_LayerInit), (168 bytes).
    Removing stm32f429i_discovery_lcd.o(i.LCD_PolyLine), (42 bytes).
    Removing stm32f429i_discovery_lcd.o(i.LCD_PolyLineRelative), (6 bytes).
    Removing stm32f429i_discovery_lcd.o(i.LCD_PolyLineRelativeClosed), (98 bytes).
    Removing stm32f429i_discovery_lcd.o(i.LCD_PowerOn), (654 bytes).
    Removing stm32f429i_discovery_lcd.o(i.LCD_ReSetColorKeying), (44 bytes).
    Removing stm32f429i_discovery_lcd.o(i.LCD_SPIConfig), (196 bytes).
    Removing stm32f429i_discovery_lcd.o(i.LCD_SetBackColor), (12 bytes).
    Removing stm32f429i_discovery_lcd.o(i.LCD_SetColorKeying), (60 bytes).
    Removing stm32f429i_discovery_lcd.o(i.LCD_SetColors), (12 bytes).
    Removing stm32f429i_discovery_lcd.o(i.LCD_SetCursor), (24 bytes).
    Removing stm32f429i_discovery_lcd.o(i.LCD_SetDisplayWindow), (68 bytes).
    Removing stm32f429i_discovery_lcd.o(i.LCD_SetFont), (12 bytes).
    Removing stm32f429i_discovery_lcd.o(i.LCD_SetLayer), (32 bytes).
    Removing stm32f429i_discovery_lcd.o(i.LCD_SetTextColor), (12 bytes).
    Removing stm32f429i_discovery_lcd.o(i.LCD_SetTransparency), (44 bytes).
    Removing stm32f429i_discovery_lcd.o(i.LCD_Triangle), (62 bytes).
    Removing stm32f429i_discovery_lcd.o(i.LCD_WindowModeDisable), (14 bytes).
    Removing stm32f429i_discovery_lcd.o(i.LCD_WriteBMP), (236 bytes).
    Removing stm32f429i_discovery_lcd.o(i.LCD_WriteCommand), (76 bytes).
    Removing stm32f429i_discovery_lcd.o(i.LCD_WriteData), (72 bytes).
    Removing stm32f429i_discovery_lcd.o(i.delay), (18 bytes).
    Removing stm32f429i_discovery_lcd.o(.constdata), (4560 bytes).
    Removing stm32f429i_discovery_lcd.o(.constdata), (2304 bytes).
    Removing stm32f429i_discovery_lcd.o(.constdata), (2304 bytes).
    Removing stm32f429i_discovery_lcd.o(.constdata), (1536 bytes).
    Removing stm32f429i_discovery_lcd.o(.data), (24 bytes).
    Removing stm32f429i_discovery_lcd.o(.data), (8 bytes).
    Removing stm32f429i_discovery_lcd.o(.data), (8 bytes).
    Removing stm32f429i_discovery_lcd.o(.data), (8 bytes).
    Removing stm32f429i_discovery_sdram.o(.rev16_text), (4 bytes).
    Removing stm32f429i_discovery_sdram.o(.revsh_text), (4 bytes).
    Removing stm32f429i_discovery_sdram.o(i.SDRAM_GPIOConfig), (528 bytes).
    Removing stm32f429i_discovery_sdram.o(i.SDRAM_Init), (92 bytes).
    Removing stm32f429i_discovery_sdram.o(i.SDRAM_InitSequence), (180 bytes).
    Removing stm32f429i_discovery_sdram.o(i.SDRAM_ReadBuffer), (46 bytes).
    Removing stm32f429i_discovery_sdram.o(i.SDRAM_WriteBuffer), (54 bytes).
    Removing misc.o(.rev16_text), (4 bytes).
    Removing misc.o(.revsh_text), (4 bytes).
    Removing misc.o(i.NVIC_PriorityGroupConfig), (20 bytes).
    Removing misc.o(i.NVIC_SetVectorTable), (20 bytes).
    Removing misc.o(i.NVIC_SystemLPConfig), (24 bytes).
    Removing misc.o(i.SysTick_CLKSourceConfig), (24 bytes).
    Removing stm32f4xx_dma.o(.rev16_text), (4 bytes).
    Removing stm32f4xx_dma.o(.revsh_text), (4 bytes).
    Removing stm32f4xx_dma.o(i.DMA_ClearFlag), (44 bytes).
    Removing stm32f4xx_dma.o(i.DMA_ClearITPendingBit), (44 bytes).
    Removing stm32f4xx_dma.o(i.DMA_Cmd), (20 bytes).
    Removing stm32f4xx_dma.o(i.DMA_DeInit), (292 bytes).
    Removing stm32f4xx_dma.o(i.DMA_DoubleBufferModeCmd), (20 bytes).
    Removing stm32f4xx_dma.o(i.DMA_DoubleBufferModeConfig), (22 bytes).
    Removing stm32f4xx_dma.o(i.DMA_FlowControllerConfig), (20 bytes).
    Removing stm32f4xx_dma.o(i.DMA_GetCmdStatus), (14 bytes).
    Removing stm32f4xx_dma.o(i.DMA_GetCurrDataCounter), (6 bytes).
    Removing stm32f4xx_dma.o(i.DMA_GetCurrentMemoryTarget), (14 bytes).
    Removing stm32f4xx_dma.o(i.DMA_GetFIFOStatus), (8 bytes).
    Removing stm32f4xx_dma.o(i.DMA_GetFlagStatus), (52 bytes).
    Removing stm32f4xx_dma.o(i.DMA_GetITStatus), (84 bytes).
    Removing stm32f4xx_dma.o(i.DMA_ITConfig), (44 bytes).
    Removing stm32f4xx_dma.o(i.DMA_Init), (84 bytes).
    Removing stm32f4xx_dma.o(i.DMA_MemoryTargetConfig), (10 bytes).
    Removing stm32f4xx_dma.o(i.DMA_PeriphIncOffsetSizeConfig), (20 bytes).
    Removing stm32f4xx_dma.o(i.DMA_SetCurrDataCounter), (4 bytes).
    Removing stm32f4xx_dma.o(i.DMA_StructInit), (34 bytes).
    Removing stm32f4xx_gpio.o(.rev16_text), (4 bytes).
    Removing stm32f4xx_gpio.o(.revsh_text), (4 bytes).
    Removing stm32f4xx_gpio.o(i.GPIO_DeInit), (260 bytes).
    Removing stm32f4xx_gpio.o(i.GPIO_PinAFConfig), (32 bytes).
    Removing stm32f4xx_gpio.o(i.GPIO_PinLockConfig), (24 bytes).
    Removing stm32f4xx_gpio.o(i.GPIO_ReadInputData), (6 bytes).
    Removing stm32f4xx_gpio.o(i.GPIO_ReadInputDataBit), (14 bytes).
    Removing stm32f4xx_gpio.o(i.GPIO_ReadOutputData), (6 bytes).
    Removing stm32f4xx_gpio.o(i.GPIO_ReadOutputDataBit), (14 bytes).
    Removing stm32f4xx_gpio.o(i.GPIO_ResetBits), (4 bytes).
    Removing stm32f4xx_gpio.o(i.GPIO_SetBits), (4 bytes).
    Removing stm32f4xx_gpio.o(i.GPIO_StructInit), (18 bytes).
    Removing stm32f4xx_gpio.o(i.GPIO_Write), (4 bytes).
    Removing stm32f4xx_gpio.o(i.GPIO_WriteBit), (10 bytes).
    Removing stm32f4xx_rcc.o(.rev16_text), (4 bytes).
    Removing stm32f4xx_rcc.o(.revsh_text), (4 bytes).
    Removing stm32f4xx_rcc.o(i.RCC_AHB1PeriphClockLPModeCmd), (24 bytes).
    Removing stm32f4xx_rcc.o(i.RCC_AHB1PeriphResetCmd), (24 bytes).
    Removing stm32f4xx_rcc.o(i.RCC_AHB2PeriphClockCmd), (24 bytes).
    Removing stm32f4xx_rcc.o(i.RCC_AHB2PeriphClockLPModeCmd), (24 bytes).
    Removing stm32f4xx_rcc.o(i.RCC_AHB2PeriphResetCmd), (24 bytes).
    Removing stm32f4xx_rcc.o(i.RCC_AHB3PeriphClockCmd), (24 bytes).
    Removing stm32f4xx_rcc.o(i.RCC_AHB3PeriphClockLPModeCmd), (24 bytes).
    Removing stm32f4xx_rcc.o(i.RCC_AHB3PeriphResetCmd), (24 bytes).
    Removing stm32f4xx_rcc.o(i.RCC_APB1PeriphClockLPModeCmd), (24 bytes).
    Removing stm32f4xx_rcc.o(i.RCC_APB1PeriphResetCmd), (24 bytes).
    Removing stm32f4xx_rcc.o(i.RCC_APB2PeriphClockCmd), (24 bytes).
    Removing stm32f4xx_rcc.o(i.RCC_APB2PeriphClockLPModeCmd), (24 bytes).
    Removing stm32f4xx_rcc.o(i.RCC_APB2PeriphResetCmd), (24 bytes).
    Removing stm32f4xx_rcc.o(i.RCC_AdjustHSICalibrationValue), (20 bytes).
    Removing stm32f4xx_rcc.o(i.RCC_BackupResetCmd), (12 bytes).
    Removing stm32f4xx_rcc.o(i.RCC_ClearFlag), (16 bytes).
    Removing stm32f4xx_rcc.o(i.RCC_ClearITPendingBit), (12 bytes).
    Removing stm32f4xx_rcc.o(i.RCC_ClockSecuritySystemCmd), (12 bytes).
    Removing stm32f4xx_rcc.o(i.RCC_DeInit), (84 bytes).
    Removing stm32f4xx_rcc.o(i.RCC_GetClocksFreq), (144 bytes).
    Removing stm32f4xx_rcc.o(i.RCC_GetFlagStatus), (52 bytes).
    Removing stm32f4xx_rcc.o(i.RCC_GetITStatus), (20 bytes).
    Removing stm32f4xx_rcc.o(i.RCC_GetSYSCLKSource), (16 bytes).
    Removing stm32f4xx_rcc.o(i.RCC_HCLKConfig), (20 bytes).
    Removing stm32f4xx_rcc.o(i.RCC_HSEConfig), (16 bytes).
    Removing stm32f4xx_rcc.o(i.RCC_HSICmd), (12 bytes).
    Removing stm32f4xx_rcc.o(i.RCC_I2SCLKConfig), (12 bytes).
    Removing stm32f4xx_rcc.o(i.RCC_ITConfig), (24 bytes).
    Removing stm32f4xx_rcc.o(i.RCC_LSEConfig), (28 bytes).
    Removing stm32f4xx_rcc.o(i.RCC_LSICmd), (12 bytes).
    Removing stm32f4xx_rcc.o(i.RCC_LTDCCLKDivConfig), (20 bytes).
    Removing stm32f4xx_rcc.o(i.RCC_MCO1Config), (20 bytes).
    Removing stm32f4xx_rcc.o(i.RCC_MCO2Config), (20 bytes).
    Removing stm32f4xx_rcc.o(i.RCC_PCLK1Config), (20 bytes).
    Removing stm32f4xx_rcc.o(i.RCC_PCLK2Config), (20 bytes).
    Removing stm32f4xx_rcc.o(i.RCC_PLLCmd), (12 bytes).
    Removing stm32f4xx_rcc.o(i.RCC_PLLConfig), (40 bytes).
    Removing stm32f4xx_rcc.o(i.RCC_PLLI2SCmd), (12 bytes).
    Removing stm32f4xx_rcc.o(i.RCC_PLLI2SConfig), (20 bytes).
    Removing stm32f4xx_rcc.o(i.RCC_PLLSAICmd), (12 bytes).
    Removing stm32f4xx_rcc.o(i.RCC_PLLSAIConfig), (20 bytes).
    Removing stm32f4xx_rcc.o(i.RCC_RTCCLKCmd), (12 bytes).
    Removing stm32f4xx_rcc.o(i.RCC_RTCCLKConfig), (48 bytes).
    Removing stm32f4xx_rcc.o(i.RCC_SAIBlockACLKConfig), (20 bytes).
    Removing stm32f4xx_rcc.o(i.RCC_SAIBlockBCLKConfig), (20 bytes).
    Removing stm32f4xx_rcc.o(i.RCC_SAIPLLI2SClkDivConfig), (20 bytes).
    Removing stm32f4xx_rcc.o(i.RCC_SAIPLLSAIClkDivConfig), (28 bytes).
    Removing stm32f4xx_rcc.o(i.RCC_SYSCLKConfig), (20 bytes).
    Removing stm32f4xx_rcc.o(i.RCC_TIMCLKPresConfig), (12 bytes).
    Removing stm32f4xx_rcc.o(i.RCC_WaitForHSEStartUp), (44 bytes).
    Removing stm32f4xx_rcc.o(.data), (16 bytes).
    Removing stm32f4xx_spi.o(.rev16_text), (4 bytes).
    Removing stm32f4xx_spi.o(.revsh_text), (4 bytes).
    Removing stm32f4xx_spi.o(i.I2S_Cmd), (20 bytes).
    Removing stm32f4xx_spi.o(i.I2S_FullDuplexConfig), (58 bytes).
    Removing stm32f4xx_spi.o(i.I2S_Init), (200 bytes).
    Removing stm32f4xx_spi.o(i.I2S_StructInit), (18 bytes).
    Removing stm32f4xx_spi.o(i.SPI_BiDirectionalLineConfig), (22 bytes).
    Removing stm32f4xx_spi.o(i.SPI_CalculateCRC), (20 bytes).
    Removing stm32f4xx_spi.o(i.SPI_Cmd), (20 bytes).
    Removing stm32f4xx_spi.o(i.SPI_DataSizeConfig), (16 bytes).
    Removing stm32f4xx_spi.o(i.SPI_GetCRC), (12 bytes).
    Removing stm32f4xx_spi.o(i.SPI_GetCRCPolynomial), (4 bytes).
    Removing stm32f4xx_spi.o(i.SPI_I2S_ClearFlag), (6 bytes).
    Removing stm32f4xx_spi.o(i.SPI_I2S_ClearITPendingBit), (14 bytes).
    Removing stm32f4xx_spi.o(i.SPI_I2S_DMACmd), (16 bytes).
    Removing stm32f4xx_spi.o(i.SPI_I2S_DeInit), (132 bytes).
    Removing stm32f4xx_spi.o(i.SPI_I2S_GetFlagStatus), (14 bytes).
    Removing stm32f4xx_spi.o(i.SPI_I2S_GetITStatus), (42 bytes).
    Removing stm32f4xx_spi.o(i.SPI_I2S_ITConfig), (24 bytes).
    Removing stm32f4xx_spi.o(i.SPI_I2S_ReceiveData), (4 bytes).
    Removing stm32f4xx_spi.o(i.SPI_I2S_SendData), (4 bytes).
    Removing stm32f4xx_spi.o(i.SPI_Init), (56 bytes).
    Removing stm32f4xx_spi.o(i.SPI_NSSInternalSoftwareConfig), (24 bytes).
    Removing stm32f4xx_spi.o(i.SPI_SSOutputCmd), (20 bytes).
    Removing stm32f4xx_spi.o(i.SPI_StructInit), (24 bytes).
    Removing stm32f4xx_spi.o(i.SPI_TIModeCmd), (20 bytes).
    Removing stm32f4xx_spi.o(i.SPI_TransmitCRC), (10 bytes).
    Removing stm32f4xx_syscfg.o(.rev16_text), (4 bytes).
    Removing stm32f4xx_syscfg.o(.revsh_text), (4 bytes).
    Removing stm32f4xx_syscfg.o(i.SYSCFG_CompensationCellCmd), (12 bytes).
    Removing stm32f4xx_syscfg.o(i.SYSCFG_DeInit), (24 bytes).
    Removing stm32f4xx_syscfg.o(i.SYSCFG_ETH_MediaInterfaceConfig), (12 bytes).
    Removing stm32f4xx_syscfg.o(i.SYSCFG_GetCompensationCellStatus), (20 bytes).
    Removing stm32f4xx_syscfg.o(i.SYSCFG_MemoryRemapConfig), (12 bytes).
    Removing stm32f4xx_syscfg.o(i.SYSCFG_MemorySwappingBank), (12 bytes).
    Removing stm32f4xx_usart.o(.rev16_text), (4 bytes).
    Removing stm32f4xx_usart.o(.revsh_text), (4 bytes).
    Removing stm32f4xx_usart.o(i.USART_ClearFlag), (6 bytes).
    Removing stm32f4xx_usart.o(i.USART_ClearITPendingBit), (12 bytes).
    Removing stm32f4xx_usart.o(i.USART_ClockInit), (28 bytes).
    Removing stm32f4xx_usart.o(i.USART_ClockStructInit), (12 bytes).
    Removing stm32f4xx_usart.o(i.USART_Cmd), (20 bytes).
    Removing stm32f4xx_usart.o(i.USART_DMACmd), (16 bytes).
    Removing stm32f4xx_usart.o(i.USART_DeInit), (172 bytes).
    Removing stm32f4xx_usart.o(i.USART_GetFlagStatus), (14 bytes).
    Removing stm32f4xx_usart.o(i.USART_GetITStatus), (62 bytes).
    Removing stm32f4xx_usart.o(i.USART_HalfDuplexCmd), (20 bytes).
    Removing stm32f4xx_usart.o(i.USART_ITConfig), (48 bytes).
    Removing stm32f4xx_usart.o(i.USART_Init), (172 bytes).
    Removing stm32f4xx_usart.o(i.USART_IrDACmd), (20 bytes).
    Removing stm32f4xx_usart.o(i.USART_IrDAConfig), (16 bytes).
    Removing stm32f4xx_usart.o(i.USART_LINBreakDetectLengthConfig), (16 bytes).
    Removing stm32f4xx_usart.o(i.USART_LINCmd), (20 bytes).
    Removing stm32f4xx_usart.o(i.USART_OneBitMethodCmd), (20 bytes).
    Removing stm32f4xx_usart.o(i.USART_OverSampling8Cmd), (20 bytes).
    Removing stm32f4xx_usart.o(i.USART_ReceiveData), (8 bytes).
    Removing stm32f4xx_usart.o(i.USART_ReceiverWakeUpCmd), (20 bytes).
    Removing stm32f4xx_usart.o(i.USART_SendBreak), (10 bytes).
    Removing stm32f4xx_usart.o(i.USART_SendData), (8 bytes).
    Removing stm32f4xx_usart.o(i.USART_SetAddress), (16 bytes).
    Removing stm32f4xx_usart.o(i.USART_SetGuardTime), (16 bytes).
    Removing stm32f4xx_usart.o(i.USART_SetPrescaler), (16 bytes).
    Removing stm32f4xx_usart.o(i.USART_SmartCardCmd), (20 bytes).
    Removing stm32f4xx_usart.o(i.USART_SmartCardNACKCmd), (20 bytes).
    Removing stm32f4xx_usart.o(i.USART_StructInit), (22 bytes).
    Removing stm32f4xx_usart.o(i.USART_WakeUpConfig), (16 bytes).
    Removing stm32f4xx_dac.o(.rev16_text), (4 bytes).
    Removing stm32f4xx_dac.o(.revsh_text), (4 bytes).
    Removing stm32f4xx_dac.o(i.DAC_ClearFlag), (12 bytes).
    Removing stm32f4xx_dac.o(i.DAC_ClearITPendingBit), (12 bytes).
    Removing stm32f4xx_dac.o(i.DAC_Cmd), (24 bytes).
    Removing stm32f4xx_dac.o(i.DAC_DMACmd), (24 bytes).
    Removing stm32f4xx_dac.o(i.DAC_DeInit), (24 bytes).
    Removing stm32f4xx_dac.o(i.DAC_DualSoftwareTriggerCmd), (28 bytes).
    Removing stm32f4xx_dac.o(i.DAC_GetDataOutputValue), (24 bytes).
    Removing stm32f4xx_dac.o(i.DAC_GetFlagStatus), (24 bytes).
    Removing stm32f4xx_dac.o(i.DAC_GetITStatus), (36 bytes).
    Removing stm32f4xx_dac.o(i.DAC_ITConfig), (24 bytes).
    Removing stm32f4xx_dac.o(i.DAC_Init), (40 bytes).
    Removing stm32f4xx_dac.o(i.DAC_SetChannel1Data), (20 bytes).
    Removing stm32f4xx_dac.o(i.DAC_SetChannel2Data), (20 bytes).
    Removing stm32f4xx_dac.o(i.DAC_SetDualChannelData), (28 bytes).
    Removing stm32f4xx_dac.o(i.DAC_SoftwareTriggerCmd), (28 bytes).
    Removing stm32f4xx_dac.o(i.DAC_StructInit), (12 bytes).
    Removing stm32f4xx_dac.o(i.DAC_WaveGenerationCmd), (24 bytes).
    Removing stm32f4xx_dma2d.o(.rev16_text), (4 bytes).
    Removing stm32f4xx_dma2d.o(.revsh_text), (4 bytes).
    Removing stm32f4xx_dma2d.o(i.DMA2D_AbortTransfer), (16 bytes).
    Removing stm32f4xx_dma2d.o(i.DMA2D_BGConfig), (108 bytes).
    Removing stm32f4xx_dma2d.o(i.DMA2D_BGStart), (28 bytes).
    Removing stm32f4xx_dma2d.o(i.DMA2D_BG_StructInit), (26 bytes).
    Removing stm32f4xx_dma2d.o(i.DMA2D_ClearFlag), (12 bytes).
    Removing stm32f4xx_dma2d.o(i.DMA2D_ClearITPendingBit), (12 bytes).
    Removing stm32f4xx_dma2d.o(i.DMA2D_DeInit), (24 bytes).
    Removing stm32f4xx_dma2d.o(i.DMA2D_DeadTimeConfig), (44 bytes).
    Removing stm32f4xx_dma2d.o(i.DMA2D_FGConfig), (108 bytes).
    Removing stm32f4xx_dma2d.o(i.DMA2D_FGStart), (28 bytes).
    Removing stm32f4xx_dma2d.o(i.DMA2D_FG_StructInit), (26 bytes).
    Removing stm32f4xx_dma2d.o(i.DMA2D_GetFlagStatus), (20 bytes).
    Removing stm32f4xx_dma2d.o(i.DMA2D_GetITStatus), (36 bytes).
    Removing stm32f4xx_dma2d.o(i.DMA2D_ITConfig), (24 bytes).
    Removing stm32f4xx_dma2d.o(i.DMA2D_Init), (180 bytes).
    Removing stm32f4xx_dma2d.o(i.DMA2D_LineWatermarkConfig), (12 bytes).
    Removing stm32f4xx_dma2d.o(i.DMA2D_StartTransfer), (16 bytes).
    Removing stm32f4xx_dma2d.o(i.DMA2D_StructInit), (24 bytes).
    Removing stm32f4xx_dma2d.o(i.DMA2D_Suspend), (28 bytes).
    Removing stm32f4xx_exti.o(.rev16_text), (4 bytes).
    Removing stm32f4xx_exti.o(.revsh_text), (4 bytes).
    Removing stm32f4xx_exti.o(i.EXTI_ClearFlag), (12 bytes).
    Removing stm32f4xx_exti.o(i.EXTI_DeInit), (36 bytes).
    Removing stm32f4xx_exti.o(i.EXTI_GenerateSWInterrupt), (16 bytes).
    Removing stm32f4xx_exti.o(i.EXTI_GetITStatus), (20 bytes).
    Removing stm32f4xx_exti.o(i.EXTI_StructInit), (14 bytes).
    Removing stm32f4xx_ltdc.o(.rev16_text), (4 bytes).
    Removing stm32f4xx_ltdc.o(.revsh_text), (4 bytes).
    Removing stm32f4xx_ltdc.o(i.LTDC_CLUTCmd), (32 bytes).
    Removing stm32f4xx_ltdc.o(i.LTDC_CLUTInit), (26 bytes).
    Removing stm32f4xx_ltdc.o(i.LTDC_CLUTStructInit), (12 bytes).
    Removing stm32f4xx_ltdc.o(i.LTDC_ClearFlag), (12 bytes).
    Removing stm32f4xx_ltdc.o(i.LTDC_ClearITPendingBit), (12 bytes).
    Removing stm32f4xx_ltdc.o(i.LTDC_Cmd), (28 bytes).
    Removing stm32f4xx_ltdc.o(i.LTDC_ColorKeyingConfig), (64 bytes).
    Removing stm32f4xx_ltdc.o(i.LTDC_ColorKeyingStructInit), (10 bytes).
    Removing stm32f4xx_ltdc.o(i.LTDC_DeInit), (24 bytes).
    Removing stm32f4xx_ltdc.o(i.LTDC_DitherCmd), (28 bytes).
    Removing stm32f4xx_ltdc.o(i.LTDC_GetCDStatus), (20 bytes).
    Removing stm32f4xx_ltdc.o(i.LTDC_GetFlagStatus), (20 bytes).
    Removing stm32f4xx_ltdc.o(i.LTDC_GetITStatus), (36 bytes).
    Removing stm32f4xx_ltdc.o(i.LTDC_GetPosStatus), (28 bytes).
    Removing stm32f4xx_ltdc.o(i.LTDC_GetRGBWidth), (44 bytes).
    Removing stm32f4xx_ltdc.o(i.LTDC_ITConfig), (24 bytes).
    Removing stm32f4xx_ltdc.o(i.LTDC_Init), (168 bytes).
    Removing stm32f4xx_ltdc.o(i.LTDC_LIPConfig), (12 bytes).
    Removing stm32f4xx_ltdc.o(i.LTDC_LayerAddress), (4 bytes).
    Removing stm32f4xx_ltdc.o(i.LTDC_LayerAlpha), (4 bytes).
    Removing stm32f4xx_ltdc.o(i.LTDC_LayerCmd), (20 bytes).
    Removing stm32f4xx_ltdc.o(i.LTDC_LayerInit), (150 bytes).
    Removing stm32f4xx_ltdc.o(i.LTDC_LayerPixelFormat), (96 bytes).
    Removing stm32f4xx_ltdc.o(i.LTDC_LayerPosition), (116 bytes).
    Removing stm32f4xx_ltdc.o(i.LTDC_LayerSize), (86 bytes).
    Removing stm32f4xx_ltdc.o(i.LTDC_LayerStructInit), (44 bytes).
    Removing stm32f4xx_ltdc.o(i.LTDC_PosStructInit), (8 bytes).
    Removing stm32f4xx_ltdc.o(i.LTDC_RGBStructInit), (10 bytes).
    Removing stm32f4xx_ltdc.o(i.LTDC_ReloadConfig), (12 bytes).
    Removing stm32f4xx_ltdc.o(i.LTDC_StructInit), (34 bytes).
    Removing stm32f4xx_sdio.o(.rev16_text), (4 bytes).
    Removing stm32f4xx_sdio.o(.revsh_text), (4 bytes).
    Removing stm32f4xx_sdio.o(i.SDIO_CEATAITCmd), (16 bytes).
    Removing stm32f4xx_sdio.o(i.SDIO_ClearFlag), (12 bytes).
    Removing stm32f4xx_sdio.o(i.SDIO_ClearITPendingBit), (12 bytes).
    Removing stm32f4xx_sdio.o(i.SDIO_ClockCmd), (12 bytes).
    Removing stm32f4xx_sdio.o(i.SDIO_CmdStructInit), (14 bytes).
    Removing stm32f4xx_sdio.o(i.SDIO_CommandCompletionCmd), (12 bytes).
    Removing stm32f4xx_sdio.o(i.SDIO_DMACmd), (12 bytes).
    Removing stm32f4xx_sdio.o(i.SDIO_DataConfig), (48 bytes).
    Removing stm32f4xx_sdio.o(i.SDIO_DataStructInit), (20 bytes).
    Removing stm32f4xx_sdio.o(i.SDIO_DeInit), (24 bytes).
    Removing stm32f4xx_sdio.o(i.SDIO_GetCommandResponse), (12 bytes).
    Removing stm32f4xx_sdio.o(i.SDIO_GetDataCounter), (12 bytes).
    Removing stm32f4xx_sdio.o(i.SDIO_GetFIFOCount), (12 bytes).
    Removing stm32f4xx_sdio.o(i.SDIO_GetFlagStatus), (20 bytes).
    Removing stm32f4xx_sdio.o(i.SDIO_GetITStatus), (20 bytes).
    Removing stm32f4xx_sdio.o(i.SDIO_GetPowerState), (16 bytes).
    Removing stm32f4xx_sdio.o(i.SDIO_GetResponse), (16 bytes).
    Removing stm32f4xx_sdio.o(i.SDIO_ITConfig), (24 bytes).
    Removing stm32f4xx_sdio.o(i.SDIO_Init), (44 bytes).
    Removing stm32f4xx_sdio.o(i.SDIO_ReadData), (12 bytes).
    Removing stm32f4xx_sdio.o(i.SDIO_SendCEATACmd), (12 bytes).
    Removing stm32f4xx_sdio.o(i.SDIO_SendCommand), (40 bytes).
    Removing stm32f4xx_sdio.o(i.SDIO_SendSDIOSuspendCmd), (12 bytes).
    Removing stm32f4xx_sdio.o(i.SDIO_SetPowerState), (12 bytes).
    Removing stm32f4xx_sdio.o(i.SDIO_SetSDIOOperation), (12 bytes).
    Removing stm32f4xx_sdio.o(i.SDIO_SetSDIOReadWaitMode), (12 bytes).
    Removing stm32f4xx_sdio.o(i.SDIO_StartSDIOReadWait), (12 bytes).
    Removing stm32f4xx_sdio.o(i.SDIO_StopSDIOReadWait), (12 bytes).
    Removing stm32f4xx_sdio.o(i.SDIO_StructInit), (16 bytes).
    Removing stm32f4xx_sdio.o(i.SDIO_WriteData), (12 bytes).
    Removing stm32f4xx_tim.o(.rev16_text), (4 bytes).
    Removing stm32f4xx_tim.o(.revsh_text), (4 bytes).
    Removing stm32f4xx_tim.o(i.TI1_Config), (46 bytes).
    Removing stm32f4xx_tim.o(i.TI2_Config), (54 bytes).
    Removing stm32f4xx_tim.o(i.TIM_ARRPreloadConfig), (20 bytes).
    Removing stm32f4xx_tim.o(i.TIM_BDTRConfig), (34 bytes).
    Removing stm32f4xx_tim.o(i.TIM_BDTRStructInit), (18 bytes).
    Removing stm32f4xx_tim.o(i.TIM_CCPreloadControl), (20 bytes).
    Removing stm32f4xx_tim.o(i.TIM_CCxCmd), (22 bytes).
    Removing stm32f4xx_tim.o(i.TIM_CCxNCmd), (22 bytes).
    Removing stm32f4xx_tim.o(i.TIM_ClearOC1Ref), (12 bytes).
    Removing stm32f4xx_tim.o(i.TIM_ClearOC2Ref), (20 bytes).
    Removing stm32f4xx_tim.o(i.TIM_ClearOC3Ref), (12 bytes).
    Removing stm32f4xx_tim.o(i.TIM_ClearOC4Ref), (20 bytes).
    Removing stm32f4xx_tim.o(i.TIM_CounterModeConfig), (12 bytes).
    Removing stm32f4xx_tim.o(i.TIM_CtrlPWMOutputs), (22 bytes).
    Removing stm32f4xx_tim.o(i.TIM_DMACmd), (16 bytes).
    Removing stm32f4xx_tim.o(i.TIM_DMAConfig), (8 bytes).
    Removing stm32f4xx_tim.o(i.TIM_DeInit), (336 bytes).
    Removing stm32f4xx_tim.o(i.TIM_ETRClockMode1Config), (18 bytes).
    Removing stm32f4xx_tim.o(i.TIM_ETRClockMode2Config), (18 bytes).
    Removing stm32f4xx_tim.o(i.TIM_ETRConfig), (24 bytes).
    Removing stm32f4xx_tim.o(i.TIM_EncoderInterfaceConfig), (50 bytes).
    Removing stm32f4xx_tim.o(i.TIM_ForcedOC1Config), (12 bytes).
    Removing stm32f4xx_tim.o(i.TIM_ForcedOC2Config), (20 bytes).
    Removing stm32f4xx_tim.o(i.TIM_ForcedOC3Config), (12 bytes).
    Removing stm32f4xx_tim.o(i.TIM_ForcedOC4Config), (20 bytes).
    Removing stm32f4xx_tim.o(i.TIM_GenerateEvent), (4 bytes).
    Removing stm32f4xx_tim.o(i.TIM_GetCapture1), (4 bytes).
    Removing stm32f4xx_tim.o(i.TIM_GetCapture2), (4 bytes).
    Removing stm32f4xx_tim.o(i.TIM_GetCapture3), (4 bytes).
    Removing stm32f4xx_tim.o(i.TIM_GetCapture4), (4 bytes).
    Removing stm32f4xx_tim.o(i.TIM_GetCounter), (4 bytes).
    Removing stm32f4xx_tim.o(i.TIM_GetFlagStatus), (14 bytes).
    Removing stm32f4xx_tim.o(i.TIM_GetITStatus), (24 bytes).
    Removing stm32f4xx_tim.o(i.TIM_GetPrescaler), (4 bytes).
    Removing stm32f4xx_tim.o(i.TIM_ICInit), (172 bytes).
    Removing stm32f4xx_tim.o(i.TIM_ICStructInit), (16 bytes).
    Removing stm32f4xx_tim.o(i.TIM_ITRxExternalClockConfig), (18 bytes).
    Removing stm32f4xx_tim.o(i.TIM_InternalClockConfig), (10 bytes).
    Removing stm32f4xx_tim.o(i.TIM_OC1FastConfig), (12 bytes).
    Removing stm32f4xx_tim.o(i.TIM_OC1Init), (96 bytes).
    Removing stm32f4xx_tim.o(i.TIM_OC1NPolarityConfig), (12 bytes).
    Removing stm32f4xx_tim.o(i.TIM_OC1PolarityConfig), (12 bytes).
    Removing stm32f4xx_tim.o(i.TIM_OC1PreloadConfig), (12 bytes).
    Removing stm32f4xx_tim.o(i.TIM_OC2FastConfig), (20 bytes).
    Removing stm32f4xx_tim.o(i.TIM_OC2Init), (128 bytes).
    Removing stm32f4xx_tim.o(i.TIM_OC2NPolarityConfig), (20 bytes).
    Removing stm32f4xx_tim.o(i.TIM_OC2PolarityConfig), (20 bytes).
    Removing stm32f4xx_tim.o(i.TIM_OC2PreloadConfig), (20 bytes).
    Removing stm32f4xx_tim.o(i.TIM_OC3FastConfig), (12 bytes).
    Removing stm32f4xx_tim.o(i.TIM_OC3Init), (124 bytes).
    Removing stm32f4xx_tim.o(i.TIM_OC3NPolarityConfig), (20 bytes).
    Removing stm32f4xx_tim.o(i.TIM_OC3PolarityConfig), (20 bytes).
    Removing stm32f4xx_tim.o(i.TIM_OC3PreloadConfig), (12 bytes).
    Removing stm32f4xx_tim.o(i.TIM_OC4FastConfig), (20 bytes).
    Removing stm32f4xx_tim.o(i.TIM_OC4Init), (96 bytes).
    Removing stm32f4xx_tim.o(i.TIM_OC4PolarityConfig), (20 bytes).
    Removing stm32f4xx_tim.o(i.TIM_OC4PreloadConfig), (20 bytes).
    Removing stm32f4xx_tim.o(i.TIM_OCStructInit), (20 bytes).
    Removing stm32f4xx_tim.o(i.TIM_PWMIConfig), (108 bytes).
    Removing stm32f4xx_tim.o(i.TIM_PrescalerConfig), (6 bytes).
    Removing stm32f4xx_tim.o(i.TIM_RemapConfig), (6 bytes).
    Removing stm32f4xx_tim.o(i.TIM_SelectCCDMA), (20 bytes).
    Removing stm32f4xx_tim.o(i.TIM_SelectCOM), (20 bytes).
    Removing stm32f4xx_tim.o(i.TIM_SelectHallSensor), (20 bytes).
    Removing stm32f4xx_tim.o(i.TIM_SelectInputTrigger), (12 bytes).
    Removing stm32f4xx_tim.o(i.TIM_SelectMasterSlaveMode), (16 bytes).
    Removing stm32f4xx_tim.o(i.TIM_SelectOCxM), (74 bytes).
    Removing stm32f4xx_tim.o(i.TIM_SelectOnePulseMode), (16 bytes).
    Removing stm32f4xx_tim.o(i.TIM_SelectOutputTrigger), (16 bytes).
    Removing stm32f4xx_tim.o(i.TIM_SelectSlaveMode), (16 bytes).
    Removing stm32f4xx_tim.o(i.TIM_SetAutoreload), (4 bytes).
    Removing stm32f4xx_tim.o(i.TIM_SetClockDivision), (16 bytes).
    Removing stm32f4xx_tim.o(i.TIM_SetCompare1), (4 bytes).
    Removing stm32f4xx_tim.o(i.TIM_SetCompare2), (4 bytes).
    Removing stm32f4xx_tim.o(i.TIM_SetCompare3), (4 bytes).
    Removing stm32f4xx_tim.o(i.TIM_SetCompare4), (4 bytes).
    Removing stm32f4xx_tim.o(i.TIM_SetCounter), (4 bytes).
    Removing stm32f4xx_tim.o(i.TIM_SetIC1Prescaler), (16 bytes).
    Removing stm32f4xx_tim.o(i.TIM_SetIC2Prescaler), (24 bytes).
    Removing stm32f4xx_tim.o(i.TIM_SetIC3Prescaler), (16 bytes).
    Removing stm32f4xx_tim.o(i.TIM_SetIC4Prescaler), (24 bytes).
    Removing stm32f4xx_tim.o(i.TIM_TIxExternalClockConfig), (46 bytes).
    Removing stm32f4xx_tim.o(i.TIM_TimeBaseStructInit), (18 bytes).
    Removing stm32f4xx_tim.o(i.TIM_UpdateDisableConfig), (20 bytes).
    Removing stm32f4xx_tim.o(i.TIM_UpdateRequestConfig), (20 bytes).
    Removing stm32f4xx_fmc.o(.rev16_text), (4 bytes).
    Removing stm32f4xx_fmc.o(.revsh_text), (4 bytes).
    Removing stm32f4xx_fmc.o(i.FMC_ClearFlag), (56 bytes).
    Removing stm32f4xx_fmc.o(i.FMC_ClearITPendingBit), (62 bytes).
    Removing stm32f4xx_fmc.o(i.FMC_GetECC), (18 bytes).
    Removing stm32f4xx_fmc.o(i.FMC_GetFlagStatus), (54 bytes).
    Removing stm32f4xx_fmc.o(i.FMC_GetITStatus), (82 bytes).
    Removing stm32f4xx_fmc.o(i.FMC_GetModeStatus), (26 bytes).
    Removing stm32f4xx_fmc.o(i.FMC_ITConfig), (102 bytes).
    Removing stm32f4xx_fmc.o(i.FMC_NANDCmd), (56 bytes).
    Removing stm32f4xx_fmc.o(i.FMC_NANDDeInit), (40 bytes).
    Removing stm32f4xx_fmc.o(i.FMC_NANDECCCmd), (56 bytes).
    Removing stm32f4xx_fmc.o(i.FMC_NANDInit), (104 bytes).
    Removing stm32f4xx_fmc.o(i.FMC_NANDStructInit), (54 bytes).
    Removing stm32f4xx_fmc.o(i.FMC_NORSRAMCmd), (32 bytes).
    Removing stm32f4xx_fmc.o(i.FMC_NORSRAMDeInit), (40 bytes).
    Removing stm32f4xx_fmc.o(i.FMC_NORSRAMInit), (260 bytes).
    Removing stm32f4xx_fmc.o(i.FMC_NORSRAMStructInit), (102 bytes).
    Removing stm32f4xx_fmc.o(i.FMC_PCCARDCmd), (32 bytes).
    Removing stm32f4xx_fmc.o(i.FMC_PCCARDDeInit), (26 bytes).
    Removing stm32f4xx_fmc.o(i.FMC_PCCARDInit), (102 bytes).
    Removing stm32f4xx_fmc.o(i.FMC_PCCARDStructInit), (60 bytes).
    Removing stm32f4xx_fmc.o(i.FMC_SDRAMCmdConfig), (34 bytes).
    Removing stm32f4xx_fmc.o(i.FMC_SDRAMDeInit), (42 bytes).
    Removing stm32f4xx_fmc.o(i.FMC_SDRAMInit), (220 bytes).
    Removing stm32f4xx_fmc.o(i.FMC_SDRAMStructInit), (60 bytes).
    Removing stm32f4xx_fmc.o(i.FMC_SDRAMWriteProtectionConfig), (32 bytes).
    Removing stm32f4xx_fmc.o(i.FMC_SetAutoRefresh_Number), (18 bytes).
    Removing stm32f4xx_fmc.o(i.FMC_SetRefreshCount), (18 bytes).
    Removing stm32f4xx_i2c.o(.rev16_text), (4 bytes).
    Removing stm32f4xx_i2c.o(.revsh_text), (4 bytes).
    Removing stm32f4xx_i2c.o(i.I2C_ARPCmd), (20 bytes).
    Removing stm32f4xx_i2c.o(i.I2C_AcknowledgeConfig), (20 bytes).
    Removing stm32f4xx_i2c.o(i.I2C_AnalogFilterCmd), (20 bytes).
    Removing stm32f4xx_i2c.o(i.I2C_CalculatePEC), (20 bytes).
    Removing stm32f4xx_i2c.o(i.I2C_CheckEvent), (24 bytes).
    Removing stm32f4xx_i2c.o(i.I2C_ClearFlag), (6 bytes).
    Removing stm32f4xx_i2c.o(i.I2C_ClearITPendingBit), (6 bytes).
    Removing stm32f4xx_i2c.o(i.I2C_Cmd), (20 bytes).
    Removing stm32f4xx_i2c.o(i.I2C_DMACmd), (20 bytes).
    Removing stm32f4xx_i2c.o(i.I2C_DMALastTransferCmd), (20 bytes).
    Removing stm32f4xx_i2c.o(i.I2C_DeInit), (68 bytes).
    Removing stm32f4xx_i2c.o(i.I2C_DigitalFilterConfig), (16 bytes).
    Removing stm32f4xx_i2c.o(i.I2C_DualAddressCmd), (20 bytes).
    Removing stm32f4xx_i2c.o(i.I2C_FastModeDutyCycleConfig), (22 bytes).
    Removing stm32f4xx_i2c.o(i.I2C_GeneralCallCmd), (20 bytes).
    Removing stm32f4xx_i2c.o(i.I2C_GenerateSTART), (20 bytes).
    Removing stm32f4xx_i2c.o(i.I2C_GenerateSTOP), (20 bytes).
    Removing stm32f4xx_i2c.o(i.I2C_GetFlagStatus), (42 bytes).
    Removing stm32f4xx_i2c.o(i.I2C_GetITStatus), (36 bytes).
    Removing stm32f4xx_i2c.o(i.I2C_GetLastEvent), (14 bytes).
    Removing stm32f4xx_i2c.o(i.I2C_GetPEC), (6 bytes).
    Removing stm32f4xx_i2c.o(i.I2C_ITConfig), (16 bytes).
    Removing stm32f4xx_i2c.o(i.I2C_Init), (184 bytes).
    Removing stm32f4xx_i2c.o(i.I2C_NACKPositionConfig), (22 bytes).
    Removing stm32f4xx_i2c.o(i.I2C_OwnAddress2Config), (16 bytes).
    Removing stm32f4xx_i2c.o(i.I2C_PECPositionConfig), (22 bytes).
    Removing stm32f4xx_i2c.o(i.I2C_ReadRegister), (10 bytes).
    Removing stm32f4xx_i2c.o(i.I2C_ReceiveData), (6 bytes).
    Removing stm32f4xx_i2c.o(i.I2C_SMBusAlertConfig), (22 bytes).
    Removing stm32f4xx_i2c.o(i.I2C_Send7bitAddress), (16 bytes).
    Removing stm32f4xx_i2c.o(i.I2C_SendData), (4 bytes).
    Removing stm32f4xx_i2c.o(i.I2C_SoftwareResetCmd), (20 bytes).
    Removing stm32f4xx_i2c.o(i.I2C_StretchClockCmd), (20 bytes).
    Removing stm32f4xx_i2c.o(i.I2C_StructInit), (28 bytes).
    Removing stm32f4xx_i2c.o(i.I2C_TransmitPEC), (20 bytes).
    Removing main.o(.rev16_text), (4 bytes).
    Removing main.o(.revsh_text), (4 bytes).
    Removing stm32f4xx_it.o(.rev16_text), (4 bytes).
    Removing stm32f4xx_it.o(.revsh_text), (4 bytes).
    Removing system_stm32f4xx.o(.rev16_text), (4 bytes).
    Removing system_stm32f4xx.o(.revsh_text), (4 bytes).
    Removing system_stm32f4xx.o(i.SystemCoreClockUpdate), (120 bytes).
    Removing system_stm32f4xx.o(.data), (20 bytes).

514 unused section(s) (total 31492 bytes) removed from the image.

==============================================================================

Image Symbol Table

    Local Symbols

    Symbol Name                              Value     Ov Type        Size  Object(Section)

    ../clib/microlib/init/entry.s            0x00000000   Number         0  entry2.o ABSOLUTE
    ../clib/microlib/init/entry.s            0x00000000   Number         0  entry7b.o ABSOLUTE
    ../clib/microlib/init/entry.s            0x00000000   Number         0  entry10b.o ABSOLUTE
    ../clib/microlib/init/entry.s            0x00000000   Number         0  entry7a.o ABSOLUTE
    ../clib/microlib/init/entry.s            0x00000000   Number         0  entry5.o ABSOLUTE
    ../clib/microlib/init/entry.s            0x00000000   Number         0  entry11a.o ABSOLUTE
    ../clib/microlib/init/entry.s            0x00000000   Number         0  entry.o ABSOLUTE
    ../clib/microlib/init/entry.s            0x00000000   Number         0  entry8a.o ABSOLUTE
    ../clib/microlib/init/entry.s            0x00000000   Number         0  entry9a.o ABSOLUTE
    ../clib/microlib/init/entry.s            0x00000000   Number         0  entry8b.o ABSOLUTE
    ../clib/microlib/init/entry.s            0x00000000   Number         0  entry9b.o ABSOLUTE
    ../clib/microlib/init/entry.s            0x00000000   Number         0  entry11b.o ABSOLUTE
    ../clib/microlib/init/entry.s            0x00000000   Number         0  entry10a.o ABSOLUTE
    ..\..\..\..\Libraries\CMSIS\Device\ST\STM32F4xx\Source\Templates\arm\startup_stm32f429_439xx.s 0x00000000   Number         0  startup_stm32f429_439xx.o ABSOLUTE
    ..\..\..\..\Libraries\STM32F4xx_StdPeriph_Driver\src\misc.c 0x00000000   Number         0  misc.o ABSOLUTE
    ..\..\..\..\Libraries\STM32F4xx_StdPeriph_Driver\src\stm32f4xx_dac.c 0x00000000   Number         0  stm32f4xx_dac.o ABSOLUTE
    ..\..\..\..\Libraries\STM32F4xx_StdPeriph_Driver\src\stm32f4xx_dma.c 0x00000000   Number         0  stm32f4xx_dma.o ABSOLUTE
    ..\..\..\..\Libraries\STM32F4xx_StdPeriph_Driver\src\stm32f4xx_dma2d.c 0x00000000   Number         0  stm32f4xx_dma2d.o ABSOLUTE
    ..\..\..\..\Libraries\STM32F4xx_StdPeriph_Driver\src\stm32f4xx_exti.c 0x00000000   Number         0  stm32f4xx_exti.o ABSOLUTE
    ..\..\..\..\Libraries\STM32F4xx_StdPeriph_Driver\src\stm32f4xx_fmc.c 0x00000000   Number         0  stm32f4xx_fmc.o ABSOLUTE
    ..\..\..\..\Libraries\STM32F4xx_StdPeriph_Driver\src\stm32f4xx_gpio.c 0x00000000   Number         0  stm32f4xx_gpio.o ABSOLUTE
    ..\..\..\..\Libraries\STM32F4xx_StdPeriph_Driver\src\stm32f4xx_i2c.c 0x00000000   Number         0  stm32f4xx_i2c.o ABSOLUTE
    ..\..\..\..\Libraries\STM32F4xx_StdPeriph_Driver\src\stm32f4xx_ltdc.c 0x00000000   Number         0  stm32f4xx_ltdc.o ABSOLUTE
    ..\..\..\..\Libraries\STM32F4xx_StdPeriph_Driver\src\stm32f4xx_rcc.c 0x00000000   Number         0  stm32f4xx_rcc.o ABSOLUTE
    ..\..\..\..\Libraries\STM32F4xx_StdPeriph_Driver\src\stm32f4xx_sdio.c 0x00000000   Number         0  stm32f4xx_sdio.o ABSOLUTE
    ..\..\..\..\Libraries\STM32F4xx_StdPeriph_Driver\src\stm32f4xx_spi.c 0x00000000   Number         0  stm32f4xx_spi.o ABSOLUTE
    ..\..\..\..\Libraries\STM32F4xx_StdPeriph_Driver\src\stm32f4xx_syscfg.c 0x00000000   Number         0  stm32f4xx_syscfg.o ABSOLUTE
    ..\..\..\..\Libraries\STM32F4xx_StdPeriph_Driver\src\stm32f4xx_tim.c 0x00000000   Number         0  stm32f4xx_tim.o ABSOLUTE
    ..\..\..\..\Libraries\STM32F4xx_StdPeriph_Driver\src\stm32f4xx_usart.c 0x00000000   Number         0  stm32f4xx_usart.o ABSOLUTE
    ..\..\..\..\Utilities\STM32F429i-Discovery\stm32f429i_discovery.c 0x00000000   Number         0  stm32f429i_discovery.o ABSOLUTE
    ..\..\..\..\Utilities\STM32F429i-Discovery\stm32f429i_discovery_lcd.c 0x00000000   Number         0  stm32f429i_discovery_lcd.o ABSOLUTE
    ..\..\..\..\Utilities\STM32F429i-Discovery\stm32f429i_discovery_sdram.c 0x00000000   Number         0  stm32f429i_discovery_sdram.o ABSOLUTE
    ..\\..\\..\\..\\Libraries\\STM32F4xx_StdPeriph_Driver\\src\\misc.c 0x00000000   Number         0  misc.o ABSOLUTE
    ..\\..\\..\\..\\Libraries\\STM32F4xx_StdPeriph_Driver\\src\\stm32f4xx_dac.c 0x00000000   Number         0  stm32f4xx_dac.o ABSOLUTE
    ..\\..\\..\\..\\Libraries\\STM32F4xx_StdPeriph_Driver\\src\\stm32f4xx_dma.c 0x00000000   Number         0  stm32f4xx_dma.o ABSOLUTE
    ..\\..\\..\\..\\Libraries\\STM32F4xx_StdPeriph_Driver\\src\\stm32f4xx_dma2d.c 0x00000000   Number         0  stm32f4xx_dma2d.o ABSOLUTE
    ..\\..\\..\\..\\Libraries\\STM32F4xx_StdPeriph_Driver\\src\\stm32f4xx_exti.c 0x00000000   Number         0  stm32f4xx_exti.o ABSOLUTE
    ..\\..\\..\\..\\Libraries\\STM32F4xx_StdPeriph_Driver\\src\\stm32f4xx_fmc.c 0x00000000   Number         0  stm32f4xx_fmc.o ABSOLUTE
    ..\\..\\..\\..\\Libraries\\STM32F4xx_StdPeriph_Driver\\src\\stm32f4xx_gpio.c 0x00000000   Number         0  stm32f4xx_gpio.o ABSOLUTE
    ..\\..\\..\\..\\Libraries\\STM32F4xx_StdPeriph_Driver\\src\\stm32f4xx_i2c.c 0x00000000   Number         0  stm32f4xx_i2c.o ABSOLUTE
    ..\\..\\..\\..\\Libraries\\STM32F4xx_StdPeriph_Driver\\src\\stm32f4xx_ltdc.c 0x00000000   Number         0  stm32f4xx_ltdc.o ABSOLUTE
    ..\\..\\..\\..\\Libraries\\STM32F4xx_StdPeriph_Driver\\src\\stm32f4xx_rcc.c 0x00000000   Number         0  stm32f4xx_rcc.o ABSOLUTE
    ..\\..\\..\\..\\Libraries\\STM32F4xx_StdPeriph_Driver\\src\\stm32f4xx_sdio.c 0x00000000   Number         0  stm32f4xx_sdio.o ABSOLUTE
    ..\\..\\..\\..\\Libraries\\STM32F4xx_StdPeriph_Driver\\src\\stm32f4xx_spi.c 0x00000000   Number         0  stm32f4xx_spi.o ABSOLUTE
    ..\\..\\..\\..\\Libraries\\STM32F4xx_StdPeriph_Driver\\src\\stm32f4xx_syscfg.c 0x00000000   Number         0  stm32f4xx_syscfg.o ABSOLUTE
    ..\\..\\..\\..\\Libraries\\STM32F4xx_StdPeriph_Driver\\src\\stm32f4xx_tim.c 0x00000000   Number         0  stm32f4xx_tim.o ABSOLUTE
    ..\\..\\..\\..\\Libraries\\STM32F4xx_StdPeriph_Driver\\src\\stm32f4xx_usart.c 0x00000000   Number         0  stm32f4xx_usart.o ABSOLUTE
    ..\\..\\..\\..\\Utilities\\STM32F429i-Discovery\\stm32f429i_discovery.c 0x00000000   Number         0  stm32f429i_discovery.o ABSOLUTE
    ..\\..\\..\\..\\Utilities\\STM32F429i-Discovery\\stm32f429i_discovery_lcd.c 0x00000000   Number         0  stm32f429i_discovery_lcd.o ABSOLUTE
    ..\\..\\..\\..\\Utilities\\STM32F429i-Discovery\\stm32f429i_discovery_sdram.c 0x00000000   Number         0  stm32f429i_discovery_sdram.o ABSOLUTE
    ..\\main.c                               0x00000000   Number         0  main.o ABSOLUTE
    ..\\stm32f4xx_it.c                       0x00000000   Number         0  stm32f4xx_it.o ABSOLUTE
    ..\\system_stm32f4xx.c                   0x00000000   Number         0  system_stm32f4xx.o ABSOLUTE
    ..\main.c                                0x00000000   Number         0  main.o ABSOLUTE
    ..\stm32f4xx_it.c                        0x00000000   Number         0  stm32f4xx_it.o ABSOLUTE
    ..\system_stm32f4xx.c                    0x00000000   Number         0  system_stm32f4xx.o ABSOLUTE
    dc.s                                     0x00000000   Number         0  dc.o ABSOLUTE
    handlers.s                               0x00000000   Number         0  handlers.o ABSOLUTE
    init.s                                   0x00000000   Number         0  init.o ABSOLUTE
    RESET                                    0x08000000   Section      428  startup_stm32f429_439xx.o(RESET)
    .ARM.Collect$$$$00000000                 0x080001ac   Section        0  entry.o(.ARM.Collect$$$$00000000)
    .ARM.Collect$$$$00000001                 0x080001ac   Section        4  entry2.o(.ARM.Collect$$$$00000001)
    .ARM.Collect$$$$00000004                 0x080001b0   Section        4  entry5.o(.ARM.Collect$$$$00000004)
    .ARM.Collect$$$$00000008                 0x080001b4   Section        0  entry7b.o(.ARM.Collect$$$$00000008)
    .ARM.Collect$$$$0000000A                 0x080001b4   Section        0  entry8b.o(.ARM.Collect$$$$0000000A)
    .ARM.Collect$$$$0000000B                 0x080001b4   Section        8  entry9a.o(.ARM.Collect$$$$0000000B)
    .ARM.Collect$$$$0000000D                 0x080001bc   Section        0  entry10a.o(.ARM.Collect$$$$0000000D)
    .ARM.Collect$$$$0000000F                 0x080001bc   Section        0  entry11a.o(.ARM.Collect$$$$0000000F)
    .ARM.Collect$$$$00002712                 0x080001bc   Section        4  entry2.o(.ARM.Collect$$$$00002712)
    __lit__00000000                          0x080001bc   Data           4  entry2.o(.ARM.Collect$$$$00002712)
    .text                                    0x080001c0   Section       36  startup_stm32f429_439xx.o(.text)
    $v0                                      0x080001c0   Number         0  startup_stm32f429_439xx.o(.text)
    .text                                    0x080001e4   Section       36  init.o(.text)
    i.BusFault_Handler                       0x08000208   Section        0  stm32f4xx_it.o(i.BusFault_Handler)
    i.DebugMon_Handler                       0x0800020a   Section        0  stm32f4xx_it.o(i.DebugMon_Handler)
    i.EXTI1_IRQHandler                       0x0800020c   Section        0  stm32f4xx_it.o(i.EXTI1_IRQHandler)
    i.EXTI_ClearITPendingBit                 0x0800023c   Section        0  stm32f4xx_exti.o(i.EXTI_ClearITPendingBit)
    i.EXTI_GetFlagStatus                     0x08000248   Section        0  stm32f4xx_exti.o(i.EXTI_GetFlagStatus)
    i.EXTI_Init                              0x0800025c   Section        0  stm32f4xx_exti.o(i.EXTI_Init)
    i.GPIO_Init                              0x080002cc   Section        0  stm32f4xx_gpio.o(i.GPIO_Init)
    i.GPIO_ToggleBits                        0x0800036e   Section        0  stm32f4xx_gpio.o(i.GPIO_ToggleBits)
    i.HardFault_Handler                      0x08000376   Section        0  stm32f4xx_it.o(i.HardFault_Handler)
    i.MemManage_Handler                      0x08000378   Section        0  stm32f4xx_it.o(i.MemManage_Handler)
    i.NMI_Handler                            0x0800037a   Section        0  stm32f4xx_it.o(i.NMI_Handler)
    i.NVIC_Init                              0x0800037c   Section        0  misc.o(i.NVIC_Init)
    i.PendSV_Handler                         0x080003e0   Section        0  stm32f4xx_it.o(i.PendSV_Handler)
    i.RCC_AHB1PeriphClockCmd                 0x080003e4   Section        0  stm32f4xx_rcc.o(i.RCC_AHB1PeriphClockCmd)
    i.RCC_APB1PeriphClockCmd                 0x080003fc   Section        0  stm32f4xx_rcc.o(i.RCC_APB1PeriphClockCmd)
    i.SVC_Handler                            0x08000414   Section        0  stm32f4xx_it.o(i.SVC_Handler)
    i.SYSCFG_EXTILineConfig                  0x08000418   Section        0  stm32f4xx_syscfg.o(i.SYSCFG_EXTILineConfig)
    i.SetSysClock                            0x08000448   Section        0  system_stm32f4xx.o(i.SetSysClock)
    SetSysClock                              0x08000449   Thumb Code   164  system_stm32f4xx.o(i.SetSysClock)
    i.SysTick_Handler                        0x080004fc   Section        0  stm32f4xx_it.o(i.SysTick_Handler)
    i.SystemInit                             0x08000500   Section        0  system_stm32f4xx.o(i.SystemInit)
    i.TIM2_IRQHandler                        0x0800055c   Section        0  stm32f4xx_it.o(i.TIM2_IRQHandler)
    i.TIM_ClearFlag                          0x08000580   Section        0  stm32f4xx_tim.o(i.TIM_ClearFlag)
    i.TIM_ClearITPendingBit                  0x08000586   Section        0  stm32f4xx_tim.o(i.TIM_ClearITPendingBit)
    i.TIM_Cmd                                0x0800058c   Section        0  stm32f4xx_tim.o(i.TIM_Cmd)
    i.TIM_ITConfig                           0x080005a0   Section        0  stm32f4xx_tim.o(i.TIM_ITConfig)
    i.TIM_TimeBaseInit                       0x080005b0   Section        0  stm32f4xx_tim.o(i.TIM_TimeBaseInit)
    i.UsageFault_Handler                     0x0800062c   Section        0  stm32f4xx_it.o(i.UsageFault_Handler)
    i.__scatterload_copy                     0x0800062e   Section       14  handlers.o(i.__scatterload_copy)
    i.__scatterload_null                     0x0800063c   Section        2  handlers.o(i.__scatterload_null)
    i.__scatterload_zeroinit                 0x0800063e   Section       14  handlers.o(i.__scatterload_zeroinit)
    i.main                                   0x0800064c   Section        0  main.o(i.main)
    .data                                    0x20000000   Section        8  main.o(.data)
    STACK                                    0x20000008   Section     1024  startup_stm32f429_439xx.o(STACK)

    Global Symbols

    Symbol Name                              Value     Ov Type        Size  Object(Section)

    BuildAttributes$$THM_ISAv4$E$P$D$K$B$S$7EM$VFPi3$EXTD16$VFPS$VFMA$PE$A:L22UL41UL21$X:L11$S22US41US21$IEEE1$IW$USESV6$~STKCKD$USESV7$~SHL$OSPACE$EBA8$MICROLIB$REQ8$PRES8$EABIv2 0x00000000   Number         0  anon$$obj.o ABSOLUTE
    __ARM_use_no_argv                        0x00000000   Number         0  main.o ABSOLUTE
    __cpp_initialize__aeabi_                  - Undefined Weak Reference
    __cxa_finalize                            - Undefined Weak Reference
    __decompress                              - Undefined Weak Reference
    _clock_init                               - Undefined Weak Reference
    _microlib_exit                            - Undefined Weak Reference
    __Vectors_Size                           0x000001ac   Number         0  startup_stm32f429_439xx.o ABSOLUTE
    __Vectors                                0x08000000   Data           4  startup_stm32f429_439xx.o(RESET)
    __Vectors_End                            0x080001ac   Data           0  startup_stm32f429_439xx.o(RESET)
    __main                                   0x080001ad   Thumb Code     0  entry.o(.ARM.Collect$$$$00000000)
    _main_stk                                0x080001ad   Thumb Code     0  entry2.o(.ARM.Collect$$$$00000001)
    _main_scatterload                        0x080001b1   Thumb Code     0  entry5.o(.ARM.Collect$$$$00000004)
    __main_after_scatterload                 0x080001b5   Thumb Code     0  entry5.o(.ARM.Collect$$$$00000004)
    _main_clock                              0x080001b5   Thumb Code     0  entry7b.o(.ARM.Collect$$$$00000008)
    _main_cpp_init                           0x080001b5   Thumb Code     0  entry8b.o(.ARM.Collect$$$$0000000A)
    _main_init                               0x080001b5   Thumb Code     0  entry9a.o(.ARM.Collect$$$$0000000B)
    __rt_final_cpp                           0x080001bd   Thumb Code     0  entry10a.o(.ARM.Collect$$$$0000000D)
    __rt_final_exit                          0x080001bd   Thumb Code     0  entry11a.o(.ARM.Collect$$$$0000000F)
    Reset_Handler                            0x080001c1   Thumb Code     8  startup_stm32f429_439xx.o(.text)
    ADC_IRQHandler                           0x080001db   Thumb Code     0  startup_stm32f429_439xx.o(.text)
    CAN1_RX0_IRQHandler                      0x080001db   Thumb Code     0  startup_stm32f429_439xx.o(.text)
    CAN1_RX1_IRQHandler                      0x080001db   Thumb Code     0  startup_stm32f429_439xx.o(.text)
    CAN1_SCE_IRQHandler                      0x080001db   Thumb Code     0  startup_stm32f429_439xx.o(.text)
    CAN1_TX_IRQHandler                       0x080001db   Thumb Code     0  startup_stm32f429_439xx.o(.text)
    CAN2_RX0_IRQHandler                      0x080001db   Thumb Code     0  startup_stm32f429_439xx.o(.text)
    CAN2_RX1_IRQHandler                      0x080001db   Thumb Code     0  startup_stm32f429_439xx.o(.text)
    CAN2_SCE_IRQHandler                      0x080001db   Thumb Code     0  startup_stm32f429_439xx.o(.text)
    CAN2_TX_IRQHandler                       0x080001db   Thumb Code     0  startup_stm32f429_439xx.o(.text)
    CRYP_IRQHandler                          0x080001db   Thumb Code     0  startup_stm32f429_439xx.o(.text)
    DCMI_IRQHandler                          0x080001db   Thumb Code     0  startup_stm32f429_439xx.o(.text)
    DMA1_Stream0_IRQHandler                  0x080001db   Thumb Code     0  startup_stm32f429_439xx.o(.text)
    DMA1_Stream1_IRQHandler                  0x080001db   Thumb Code     0  startup_stm32f429_439xx.o(.text)
    DMA1_Stream2_IRQHandler                  0x080001db   Thumb Code     0  startup_stm32f429_439xx.o(.text)
    DMA1_Stream3_IRQHandler                  0x080001db   Thumb Code     0  startup_stm32f429_439xx.o(.text)
    DMA1_Stream4_IRQHandler                  0x080001db   Thumb Code     0  startup_stm32f429_439xx.o(.text)
    DMA1_Stream5_IRQHandler                  0x080001db   Thumb Code     0  startup_stm32f429_439xx.o(.text)
    DMA1_Stream6_IRQHandler                  0x080001db   Thumb Code     0  startup_stm32f429_439xx.o(.text)
    DMA1_Stream7_IRQHandler                  0x080001db   Thumb Code     0  startup_stm32f429_439xx.o(.text)
    DMA2D_IRQHandler                         0x080001db   Thumb Code     0  startup_stm32f429_439xx.o(.text)
    DMA2_Stream0_IRQHandler                  0x080001db   Thumb Code     0  startup_stm32f429_439xx.o(.text)
    DMA2_Stream1_IRQHandler                  0x080001db   Thumb Code     0  startup_stm32f429_439xx.o(.text)
    DMA2_Stream2_IRQHandler                  0x080001db   Thumb Code     0  startup_stm32f429_439xx.o(.text)
    DMA2_Stream3_IRQHandler                  0x080001db   Thumb Code     0  startup_stm32f429_439xx.o(.text)
    DMA2_Stream4_IRQHandler                  0x080001db   Thumb Code     0  startup_stm32f429_439xx.o(.text)
    DMA2_Stream5_IRQHandler                  0x080001db   Thumb Code     0  startup_stm32f429_439xx.o(.text)
    DMA2_Stream6_IRQHandler                  0x080001db   Thumb Code     0  startup_stm32f429_439xx.o(.text)
    DMA2_Stream7_IRQHandler                  0x080001db   Thumb Code     0  startup_stm32f429_439xx.o(.text)
    ETH_IRQHandler                           0x080001db   Thumb Code     0  startup_stm32f429_439xx.o(.text)
    ETH_WKUP_IRQHandler                      0x080001db   Thumb Code     0  startup_stm32f429_439xx.o(.text)
    EXTI0_IRQHandler                         0x080001db   Thumb Code     0  startup_stm32f429_439xx.o(.text)
    EXTI15_10_IRQHandler                     0x080001db   Thumb Code     0  startup_stm32f429_439xx.o(.text)
    EXTI2_IRQHandler                         0x080001db   Thumb Code     0  startup_stm32f429_439xx.o(.text)
    EXTI3_IRQHandler                         0x080001db   Thumb Code     0  startup_stm32f429_439xx.o(.text)
    EXTI4_IRQHandler                         0x080001db   Thumb Code     0  startup_stm32f429_439xx.o(.text)
    EXTI9_5_IRQHandler                       0x080001db   Thumb Code     0  startup_stm32f429_439xx.o(.text)
    FLASH_IRQHandler                         0x080001db   Thumb Code     0  startup_stm32f429_439xx.o(.text)
    FMC_IRQHandler                           0x080001db   Thumb Code     0  startup_stm32f429_439xx.o(.text)
    FPU_IRQHandler                           0x080001db   Thumb Code     0  startup_stm32f429_439xx.o(.text)
    HASH_RNG_IRQHandler                      0x080001db   Thumb Code     0  startup_stm32f429_439xx.o(.text)
    I2C1_ER_IRQHandler                       0x080001db   Thumb Code     0  startup_stm32f429_439xx.o(.text)
    I2C1_EV_IRQHandler                       0x080001db   Thumb Code     0  startup_stm32f429_439xx.o(.text)
    I2C2_ER_IRQHandler                       0x080001db   Thumb Code     0  startup_stm32f429_439xx.o(.text)
    I2C2_EV_IRQHandler                       0x080001db   Thumb Code     0  startup_stm32f429_439xx.o(.text)
    I2C3_ER_IRQHandler                       0x080001db   Thumb Code     0  startup_stm32f429_439xx.o(.text)
    I2C3_EV_IRQHandler                       0x080001db   Thumb Code     0  startup_stm32f429_439xx.o(.text)
    LTDC_ER_IRQHandler                       0x080001db   Thumb Code     0  startup_stm32f429_439xx.o(.text)
    LTDC_IRQHandler                          0x080001db   Thumb Code     0  startup_stm32f429_439xx.o(.text)
    OTG_FS_IRQHandler                        0x080001db   Thumb Code     0  startup_stm32f429_439xx.o(.text)
    OTG_FS_WKUP_IRQHandler                   0x080001db   Thumb Code     0  startup_stm32f429_439xx.o(.text)
    OTG_HS_EP1_IN_IRQHandler                 0x080001db   Thumb Code     0  startup_stm32f429_439xx.o(.text)
    OTG_HS_EP1_OUT_IRQHandler                0x080001db   Thumb Code     0  startup_stm32f429_439xx.o(.text)
    OTG_HS_IRQHandler                        0x080001db   Thumb Code     0  startup_stm32f429_439xx.o(.text)
    OTG_HS_WKUP_IRQHandler                   0x080001db   Thumb Code     0  startup_stm32f429_439xx.o(.text)
    PVD_IRQHandler                           0x080001db   Thumb Code     0  startup_stm32f429_439xx.o(.text)
    RCC_IRQHandler                           0x080001db   Thumb Code     0  startup_stm32f429_439xx.o(.text)
    RTC_Alarm_IRQHandler                     0x080001db   Thumb Code     0  startup_stm32f429_439xx.o(.text)
    RTC_WKUP_IRQHandler                      0x080001db   Thumb Code     0  startup_stm32f429_439xx.o(.text)
    SAI1_IRQHandler                          0x080001db   Thumb Code     0  startup_stm32f429_439xx.o(.text)
    SDIO_IRQHandler                          0x080001db   Thumb Code     0  startup_stm32f429_439xx.o(.text)
    SPI1_IRQHandler                          0x080001db   Thumb Code     0  startup_stm32f429_439xx.o(.text)
    SPI2_IRQHandler                          0x080001db   Thumb Code     0  startup_stm32f429_439xx.o(.text)
    SPI3_IRQHandler                          0x080001db   Thumb Code     0  startup_stm32f429_439xx.o(.text)
    SPI4_IRQHandler                          0x080001db   Thumb Code     0  startup_stm32f429_439xx.o(.text)
    SPI5_IRQHandler                          0x080001db   Thumb Code     0  startup_stm32f429_439xx.o(.text)
    SPI6_IRQHandler                          0x080001db   Thumb Code     0  startup_stm32f429_439xx.o(.text)
    TAMP_STAMP_IRQHandler                    0x080001db   Thumb Code     0  startup_stm32f429_439xx.o(.text)
    TIM1_BRK_TIM9_IRQHandler                 0x080001db   Thumb Code     0  startup_stm32f429_439xx.o(.text)
    TIM1_CC_IRQHandler                       0x080001db   Thumb Code     0  startup_stm32f429_439xx.o(.text)
    TIM1_TRG_COM_TIM11_IRQHandler            0x080001db   Thumb Code     0  startup_stm32f429_439xx.o(.text)
    TIM1_UP_TIM10_IRQHandler                 0x080001db   Thumb Code     0  startup_stm32f429_439xx.o(.text)
    TIM3_IRQHandler                          0x080001db   Thumb Code     0  startup_stm32f429_439xx.o(.text)
    TIM4_IRQHandler                          0x080001db   Thumb Code     0  startup_stm32f429_439xx.o(.text)
    TIM5_IRQHandler                          0x080001db   Thumb Code     0  startup_stm32f429_439xx.o(.text)
    TIM6_DAC_IRQHandler                      0x080001db   Thumb Code     0  startup_stm32f429_439xx.o(.text)
    TIM7_IRQHandler                          0x080001db   Thumb Code     0  startup_stm32f429_439xx.o(.text)
    TIM8_BRK_TIM12_IRQHandler                0x080001db   Thumb Code     0  startup_stm32f429_439xx.o(.text)
    TIM8_CC_IRQHandler                       0x080001db   Thumb Code     0  startup_stm32f429_439xx.o(.text)
    TIM8_TRG_COM_TIM14_IRQHandler            0x080001db   Thumb Code     0  startup_stm32f429_439xx.o(.text)
    TIM8_UP_TIM13_IRQHandler                 0x080001db   Thumb Code     0  startup_stm32f429_439xx.o(.text)
    UART4_IRQHandler                         0x080001db   Thumb Code     0  startup_stm32f429_439xx.o(.text)
    UART5_IRQHandler                         0x080001db   Thumb Code     0  startup_stm32f429_439xx.o(.text)
    UART7_IRQHandler                         0x080001db   Thumb Code     0  startup_stm32f429_439xx.o(.text)
    UART8_IRQHandler                         0x080001db   Thumb Code     0  startup_stm32f429_439xx.o(.text)
    USART1_IRQHandler                        0x080001db   Thumb Code     0  startup_stm32f429_439xx.o(.text)
    USART2_IRQHandler                        0x080001db   Thumb Code     0  startup_stm32f429_439xx.o(.text)
    USART3_IRQHandler                        0x080001db   Thumb Code     0  startup_stm32f429_439xx.o(.text)
    USART6_IRQHandler                        0x080001db   Thumb Code     0  startup_stm32f429_439xx.o(.text)
    WWDG_IRQHandler                          0x080001db   Thumb Code     0  startup_stm32f429_439xx.o(.text)
    __scatterload                            0x080001e5   Thumb Code    28  init.o(.text)
    __scatterload_rt2                        0x080001e5   Thumb Code     0  init.o(.text)
    BusFault_Handler                         0x08000209   Thumb Code     2  stm32f4xx_it.o(i.BusFault_Handler)
    DebugMon_Handler                         0x0800020b   Thumb Code     2  stm32f4xx_it.o(i.DebugMon_Handler)
    EXTI1_IRQHandler                         0x0800020d   Thumb Code    40  stm32f4xx_it.o(i.EXTI1_IRQHandler)
    EXTI_ClearITPendingBit                   0x0800023d   Thumb Code     6  stm32f4xx_exti.o(i.EXTI_ClearITPendingBit)
    EXTI_GetFlagStatus                       0x08000249   Thumb Code    16  stm32f4xx_exti.o(i.EXTI_GetFlagStatus)
    EXTI_Init                                0x0800025d   Thumb Code   108  stm32f4xx_exti.o(i.EXTI_Init)
    GPIO_Init                                0x080002cd   Thumb Code   162  stm32f4xx_gpio.o(i.GPIO_Init)
    GPIO_ToggleBits                          0x0800036f   Thumb Code     8  stm32f4xx_gpio.o(i.GPIO_ToggleBits)
    HardFault_Handler                        0x08000377   Thumb Code     2  stm32f4xx_it.o(i.HardFault_Handler)
    MemManage_Handler                        0x08000379   Thumb Code     2  stm32f4xx_it.o(i.MemManage_Handler)
    NMI_Handler                              0x0800037b   Thumb Code     2  stm32f4xx_it.o(i.NMI_Handler)
    NVIC_Init                                0x0800037d   Thumb Code    96  misc.o(i.NVIC_Init)
    PendSV_Handler                           0x080003e1   Thumb Code     2  stm32f4xx_it.o(i.PendSV_Handler)
    RCC_AHB1PeriphClockCmd                   0x080003e5   Thumb Code    18  stm32f4xx_rcc.o(i.RCC_AHB1PeriphClockCmd)
    RCC_APB1PeriphClockCmd                   0x080003fd   Thumb Code    18  stm32f4xx_rcc.o(i.RCC_APB1PeriphClockCmd)
    SVC_Handler                              0x08000415   Thumb Code     2  stm32f4xx_it.o(i.SVC_Handler)
    SYSCFG_EXTILineConfig                    0x08000419   Thumb Code    42  stm32f4xx_syscfg.o(i.SYSCFG_EXTILineConfig)
    SysTick_Handler                          0x080004fd   Thumb Code     2  stm32f4xx_it.o(i.SysTick_Handler)
    SystemInit                               0x08000501   Thumb Code    74  system_stm32f4xx.o(i.SystemInit)
    TIM2_IRQHandler                          0x0800055d   Thumb Code    32  stm32f4xx_it.o(i.TIM2_IRQHandler)
    TIM_ClearFlag                            0x08000581   Thumb Code     6  stm32f4xx_tim.o(i.TIM_ClearFlag)
    TIM_ClearITPendingBit                    0x08000587   Thumb Code     6  stm32f4xx_tim.o(i.TIM_ClearITPendingBit)
    TIM_Cmd                                  0x0800058d   Thumb Code    20  stm32f4xx_tim.o(i.TIM_Cmd)
    TIM_ITConfig                             0x080005a1   Thumb Code    16  stm32f4xx_tim.o(i.TIM_ITConfig)
    TIM_TimeBaseInit                         0x080005b1   Thumb Code    96  stm32f4xx_tim.o(i.TIM_TimeBaseInit)
    UsageFault_Handler                       0x0800062d   Thumb Code     2  stm32f4xx_it.o(i.UsageFault_Handler)
    __scatterload_copy                       0x0800062f   Thumb Code    14  handlers.o(i.__scatterload_copy)
    __scatterload_null                       0x0800063d   Thumb Code     2  handlers.o(i.__scatterload_null)
    __scatterload_zeroinit                   0x0800063f   Thumb Code    14  handlers.o(i.__scatterload_zeroinit)
    main                                     0x0800064d   Thumb Code   212  main.o(i.main)
    Region$$Table$$Base                      0x08000728   Number         0  anon$$obj.o(Region$$Table)
    Region$$Table$$Limit                     0x08000748   Number         0  anon$$obj.o(Region$$Table)
    temp                                     0x20000000   Data           4  main.o(.data)
    t_flag                                   0x20000004   Data           4  main.o(.data)
    __initial_sp                             0x20000408   Data           0  startup_stm32f429_439xx.o(STACK)



==============================================================================

Memory Map of the image

  Image Entry point : 0x080001ad

  Load Region LR_IROM1 (Base: 0x08000000, Size: 0x00000750, Max: 0x00200000, ABSOLUTE)

    Execution Region ER_IROM1 (Base: 0x08000000, Size: 0x00000748, Max: 0x00200000, ABSOLUTE)

    Base Addr    Size         Type   Attr      Idx    E Section Name        Object

    0x08000000   0x000001ac   Data   RO            3    RESET               startup_stm32f429_439xx.o
    0x080001ac   0x00000000   Code   RO         3383  * .ARM.Collect$$$$00000000  mc_w.l(entry.o)
    0x080001ac   0x00000004   Code   RO         3386    .ARM.Collect$$$$00000001  mc_w.l(entry2.o)
    0x080001b0   0x00000004   Code   RO         3389    .ARM.Collect$$$$00000004  mc_w.l(entry5.o)
    0x080001b4   0x00000000   Code   RO         3391    .ARM.Collect$$$$00000008  mc_w.l(entry7b.o)
    0x080001b4   0x00000000   Code   RO         3393    .ARM.Collect$$$$0000000A  mc_w.l(entry8b.o)
    0x080001b4   0x00000008   Code   RO         3394    .ARM.Collect$$$$0000000B  mc_w.l(entry9a.o)
    0x080001bc   0x00000000   Code   RO         3396    .ARM.Collect$$$$0000000D  mc_w.l(entry10a.o)
    0x080001bc   0x00000000   Code   RO         3398    .ARM.Collect$$$$0000000F  mc_w.l(entry11a.o)
    0x080001bc   0x00000004   Code   RO         3387    .ARM.Collect$$$$00002712  mc_w.l(entry2.o)
    0x080001c0   0x00000024   Code   RO            4    .text               startup_stm32f429_439xx.o
    0x080001e4   0x00000024   Code   RO         3400    .text               mc_w.l(init.o)
    0x08000208   0x00000002   Code   RO         3261    i.BusFault_Handler  stm32f4xx_it.o
    0x0800020a   0x00000002   Code   RO         3262    i.DebugMon_Handler  stm32f4xx_it.o
    0x0800020c   0x00000030   Code   RO         3263    i.EXTI1_IRQHandler  stm32f4xx_it.o
    0x0800023c   0x0000000c   Code   RO         1822    i.EXTI_ClearITPendingBit  stm32f4xx_exti.o
    0x08000248   0x00000014   Code   RO         1825    i.EXTI_GetFlagStatus  stm32f4xx_exti.o
    0x0800025c   0x00000070   Code   RO         1827    i.EXTI_Init         stm32f4xx_exti.o
    0x080002cc   0x000000a2   Code   RO          744    i.GPIO_Init         stm32f4xx_gpio.o
    0x0800036e   0x00000008   Code   RO          754    i.GPIO_ToggleBits   stm32f4xx_gpio.o
    0x08000376   0x00000002   Code   RO         3264    i.HardFault_Handler  stm32f4xx_it.o
    0x08000378   0x00000002   Code   RO         3265    i.MemManage_Handler  stm32f4xx_it.o
    0x0800037a   0x00000002   Code   RO         3266    i.NMI_Handler       stm32f4xx_it.o
    0x0800037c   0x00000064   Code   RO          571    i.NVIC_Init         misc.o
    0x080003e0   0x00000002   Code   RO         3267    i.PendSV_Handler    stm32f4xx_it.o
    0x080003e2   0x00000002   PAD
    0x080003e4   0x00000018   Code   RO          841    i.RCC_AHB1PeriphClockCmd  stm32f4xx_rcc.o
    0x080003fc   0x00000018   Code   RO          850    i.RCC_APB1PeriphClockCmd  stm32f4xx_rcc.o
    0x08000414   0x00000002   Code   RO         3268    i.SVC_Handler       stm32f4xx_it.o
    0x08000416   0x00000002   PAD
    0x08000418   0x00000030   Code   RO         1336    i.SYSCFG_EXTILineConfig  stm32f4xx_syscfg.o
    0x08000448   0x000000b4   Code   RO         3348    i.SetSysClock       system_stm32f4xx.o
    0x080004fc   0x00000002   Code   RO         3269    i.SysTick_Handler   stm32f4xx_it.o
    0x080004fe   0x00000002   PAD
    0x08000500   0x0000005c   Code   RO         3350    i.SystemInit        system_stm32f4xx.o
    0x0800055c   0x00000024   Code   RO         3270    i.TIM2_IRQHandler   stm32f4xx_it.o
    0x08000580   0x00000006   Code   RO         2279    i.TIM_ClearFlag     stm32f4xx_tim.o
    0x08000586   0x00000006   Code   RO         2280    i.TIM_ClearITPendingBit  stm32f4xx_tim.o
    0x0800058c   0x00000014   Code   RO         2285    i.TIM_Cmd           stm32f4xx_tim.o
    0x080005a0   0x00000010   Code   RO         2310    i.TIM_ITConfig      stm32f4xx_tim.o
    0x080005b0   0x0000007c   Code   RO         2357    i.TIM_TimeBaseInit  stm32f4xx_tim.o
    0x0800062c   0x00000002   Code   RO         3271    i.UsageFault_Handler  stm32f4xx_it.o
    0x0800062e   0x0000000e   Code   RO         3404    i.__scatterload_copy  mc_w.l(handlers.o)
    0x0800063c   0x00000002   Code   RO         3405    i.__scatterload_null  mc_w.l(handlers.o)
    0x0800063e   0x0000000e   Code   RO         3406    i.__scatterload_zeroinit  mc_w.l(handlers.o)
    0x0800064c   0x000000dc   Code   RO         3218    i.main              main.o
    0x08000728   0x00000020   Data   RO         3402    Region$$Table       anon$$obj.o


    Execution Region RW_IRAM1 (Base: 0x20000000, Size: 0x00000408, Max: 0x00030000, ABSOLUTE)

    Base Addr    Size         Type   Attr      Idx    E Section Name        Object

    0x20000000   0x00000008   Data   RW         3219    .data               main.o
    0x20000008   0x00000400   Zero   RW            1    STACK               startup_stm32f429_439xx.o


==============================================================================

Image component sizes


      Code (inc. data)   RO Data    RW Data    ZI Data      Debug   Object Name

       220          8          0          8          0       1885   main.o
       100          4          0          0          0       1304   misc.o
        36          8        428          0       1024       1060   startup_stm32f429_439xx.o
         0          0          0          0          0     269572   stm32f429i_discovery.o
       144         14          0          0          0       2778   stm32f4xx_exti.o
       170          0          0          0          0       2138   stm32f4xx_gpio.o
       102         12          0          0          0       5891   stm32f4xx_it.o
        48         12          0          0          0       1506   stm32f4xx_rcc.o
        48          6          0          0          0        820   stm32f4xx_syscfg.o
       172         28          0          0          0       5475   stm32f4xx_tim.o
       272         34          0          0          0       1773   system_stm32f4xx.o

    ----------------------------------------------------------------------
      1318        126        460          8       1024     294202   Object Totals
         0          0         32          0          0          0   (incl. Generated)
         6          0          0          0          0          0   (incl. Padding)

    ----------------------------------------------------------------------

      Code (inc. data)   RO Data    RW Data    ZI Data      Debug   Library Member Name

         0          0          0          0          0          0   entry.o
         0          0          0          0          0          0   entry10a.o
         0          0          0          0          0          0   entry11a.o
         8          4          0          0          0          0   entry2.o
         4          0          0          0          0          0   entry5.o
         0          0          0          0          0          0   entry7b.o
         0          0          0          0          0          0   entry8b.o
         8          4          0          0          0          0   entry9a.o
        30          0          0          0          0          0   handlers.o
        36          8          0          0          0         68   init.o

    ----------------------------------------------------------------------
        86         16          0          0          0         68   Library Totals
         0          0          0          0          0          0   (incl. Padding)

    ----------------------------------------------------------------------

      Code (inc. data)   RO Data    RW Data    ZI Data      Debug   Library Name

        86         16          0          0          0         68   mc_w.l

    ----------------------------------------------------------------------
        86         16          0          0          0         68   Library Totals

    ----------------------------------------------------------------------

==============================================================================


      Code (inc. data)   RO Data    RW Data    ZI Data      Debug   

      1404        142        460          8       1024     292274   Grand Totals
      1404        142        460          8       1024     292274   ELF Image Totals
      1404        142        460          8          0          0   ROM Totals

==============================================================================

    Total RO  Size (Code + RO Data)                 1864 (   1.82kB)
    Total RW  Size (RW Data + ZI Data)              1032 (   1.01kB)
    Total ROM Size (Code + RO Data + RW Data)       1872 (   1.83kB)

==============================================================================

